******************************************************************************
                  TI ARM Linker PC v16.9.6                     
******************************************************************************
>> Linked Wed May 30 16:07:36 2018

OUTPUT FILE NAME:   <empty_CC3220S_LAUNCHXL_tirtos_ccs.out>
ENTRY POINT SYMBOL: "_c_int00"  address: 20011955


MEMORY CONFIGURATION

         name            origin    length      used     unused   attr    fill
----------------------  --------  ---------  --------  --------  ----  --------
  SRAM0                 20000000   00004000  0000070c  000038f4  RW X
  SRAM                  20004000   0003c000  0001b010  00020ff0  RW X


SEGMENT ALLOCATION MAP

run origin  load origin   length   init length attrs members
----------  ----------- ---------- ----------- ----- -------
20003c00    20003c00    00000400   00000000    rw-
  20003c00    20003c00    00000400   00000000    rw- .stack
20004000    20004000    00017b48   0000fb42    r-x
  20004000    20004000    0000003c   0000003c    r-- .resetVecs
  20004040    20004040    0000fb02   0000fb02    r-x .text
  20013b48    20013b48    00008000   00000000    r-- .priheap
2001bc00    2001bc00    00001ecd   00000000    rw-
  2001bc00    2001bc00    00001ecd   00000000    rw- .bss
2001dad0    2001dad0    00000bfb   00000bfb    r--
  2001dad0    2001dad0    00000bfb   00000bfb    r-- .const
2001e6cc    2001e6cc    00000782   00000000    rw-
  2001e6cc    2001e6cc    00000782   00000000    rw- .data
2001ee50    2001ee50    00000288   00000288    r--
  2001ee50    2001ee50    00000288   00000288    r-- .cinit


SECTION ALLOCATION MAP

 output                                  attributes/
section   page    origin      length       input sections
--------  ----  ----------  ----------   ----------------
.vecs      0    20000000    0000030c     NOLOAD SECTION
                  20000000    0000030c     release_pem4.oem4 (.vecs)

.stack     0    20003c00    00000400     UNINITIALIZED
                  20003c00    00000400     --HOLE--

.resetVecs 
*          0    20004000    0000003c     
                  20004000    0000003c     release_pem4.oem4 (.resetVecs)

.text      0    20004040    0000fb02     
                  20004040    00001122     rtsv7M4_T_le_eabi.lib : _printfi.obj (.text)
                  20005162    00000002     drivers_cc32xx.aem4 : TimerCC32XX.oem4 (.text:TimerCC32XX_init)
                  20005164    00000880     simplelink.a : driver.obj (.text:_SlDrvMsgRead)
                  200059e4    0000065d     empty.obj (.text:SimpleLinkWlanEventHandler)
                  20006041    00000001     --HOLE-- [fill = 0]
                  20006042    00000002     drivers_cc32xx.aem4 : UARTCC32XX.oem4 (.text:UARTCC32XX_init)
                  20006044    00000538     empty.obj (.text:ConfigureSimpleLinkToDefaultState)
                  2000657c    0000042c     driverlib.a : prcm.obj (.text:PRCMCC3200MCUInit)
                  200069a8    0000040c     simplelink.a : sl_socket.obj (.text:_SlSocketHandleAsync_Select)
                  20006db4    00000384                  : driver.obj (.text:_SlDrvMsgWrite)
                  20007138    0000031c     empty.obj (.text:RGB_Color)
                  20007454    000002d8     simplelink.a : driver.obj (.text:_SlDrvRxHdrRead)
                  2000772c    000002d0     empty.obj (.text:SimpleLinkNetAppEventHandler)
                  200079fc    0000027c     simplelink.a : wlan.obj (.text:sl_WlanConnect)
                  20007c78    00000274     empty.obj (.text:Socket_Connect)
                  20007eec    00000270     drivers_cc32xx.aem4 : UARTCC32XX.oem4 (.text:UARTCC32XX_open)
                  2000815c    00000248     empty.obj (.text:mainThread)
                  200083a4    00000208     simplelink.a : driver.obj (.text:_SlDrvDriverCBInit)
                  200085ac    000001fc                  : driver.obj (.text:_SlDrvDataReadOp)
                  200087a8    000001f4     rtsv7M4_T_le_eabi.lib : ull_div_t2.obj (.text)
                  2000899c    000001f2     simplelink.a : netapp.obj (.text:_SlNetAppEventHandler)
                  20008b8e    00000002     release_pem4.oem4 (.text:ti_sysbios_BIOS_nullFunc__I)
                  20008b90    000001e8     empty.obj (.text:RX_Recieve)
                  20008d78    000001e7     empty.obj (.text:SimpleLinkFatalErrorEventHandler)
                  20008f5f    00000001     --HOLE-- [fill = 0]
                  20008f60    000001d8     simplelink.a : driver.obj (.text:_SlDrvReleasePoolObj)
                  20009138    000001d0     drivers_cc32xx.aem4 : SPICC32XXDMA.oem4 (.text:SPICC32XXDMA_transfer)
                  20009308    000001d0     empty.obj (.text:initAppVariables)
                  200094d8    000001cc     drivers_cc32xx.aem4 : GPIOCC32XX.oem4 (.text:GPIO_setConfig)
                  200096a4    000001bc     simplelink.a : driver.obj (.text:_SlDrvMsgReadCmdCtx)
                  20009860    000001b8     dpl_cc32xx.aem4 : PowerCC32XX_tirtos.oem4 (.text:PowerCC32XX_sleepPolicy)
                  20009a18    000001b6     rtsv7M4_T_le_eabi.lib : fd_add_t2.obj (.text)
                  20009bce    00000002     release_pem4.oem4 (.text:xdc_runtime_Startup_reset__I)
                  20009bd0    000001a4     empty.obj (.text:TX_Send)
                  20009d74    0000019c     simplelink.a : driver.obj (.text:_SlDrvWaitForPoolObj)
                  20009f10    0000018c                  : sl_socket.obj (.text:sl_Connect)
                  2000a09c    00000180                  : driver.obj (.text:_SlDrvDataWriteOp)
                  2000a21c    00000180     drivers_cc32xx.aem4 : SPICC32XXDMA.oem4 (.text:configDMA)
                  2000a39c    0000017c     simplelink.a : spawn.obj (.text:_SlInternalSpawnTaskEntry)
                  2000a518    00000174                  : driver.obj (.text:_SlDrvFindAndSetActiveObj)
                  2000a68c    0000016c                  : device.obj (.text:sl_Stop)
                  2000a7f8    00000168     empty.obj (.text:Work)
                  2000a960    0000015c     empty.obj (.text:Echo_NoTimer_Callback)
                  2000aabc    00000158     drivers_cc32xx.aem4 : SPICC32XXDMA.oem4 (.text:SPICC32XXDMA_open)
                  2000ac14    00000004     dpl_cc32xx.aem4 : ClockP_tirtos.oem4 (.text:ClockP_getCpuFreq)
                  2000ac18    00000154     sysbios.aem4 : BIOS.obj (.text:ti_sysbios_knl_Task_Instance_finalize__E)
                  2000ad6c    00000150     simplelink.a : driver.obj (.text:_SlDrvDriverCBDeinit)
                  2000aebc    00000150     drivers_cc32xx.aem4 : PowerCC32XX.oem4 (.text:parkPins)
                  2000b00c    00000138     simplelink.a : driver.obj (.text:_SlDrvAsyncEventGenericHandler)
                  2000b144    00000136     rtsv7M4_T_le_eabi.lib : fd_div_t2.obj (.text)
                  2000b27a    00000002     --HOLE-- [fill = 0]
                  2000b27c    00000130     simplelink.a : sl_socket.obj (.text:_SlDrvGetNextTimeoutValue)
                  2000b3ac    00000004     dpl_cc32xx.aem4 : ClockP_tirtos.oem4 (.text:ClockP_setTimeout)
                  2000b3b0    00000130     sysbios.aem4 : BIOS.obj (.text:ti_sysbios_knl_Semaphore_pend__E)
                  2000b4e0    00000128     drivers_cc32xx.aem4 : TimerCC32XX.oem4 (.text:TimerCC32XX_open)
                  2000b608    00000128     simplelink.a : driver.obj (.text:_SlDrvClassifyRxMsg)
                  2000b730    00000124                  : device.obj (.text:sl_Start)
                  2000b854    00000120     drivers_cc32xx.aem4 : UARTCC32XX.oem4 (.text:UARTCC32XX_close)
                  2000b974    00000004     dpl_cc32xx.aem4 : ClockP_tirtos.oem4 (.text:ClockP_start)
                  2000b978    0000011c     sysbios.aem4 : BIOS.obj (.text:xdc_runtime_Startup_startMods__I)
                  2000ba94    00000118     drivers_cc32xx.aem4 : PowerCC32XX.oem4 (.text:Power_sleep)
                  2000bbac    00000118     empty.obj (.text:Wifi_Connect)
                  2000bcc4    00000114     simplelink.a : netapp.obj (.text:_SlNetAppHandleAsync_DnsGetHostByService)
                  2000bdd8    00000110     sysbios.aem4 : BIOS.obj (.text:ti_sysbios_knl_Task_postInit__I)
                  2000bee8    0000010c     drivers_cc32xx.aem4 : PowerCC32XX.oem4 (.text:PowerCC32XX_shutdownSSPI)
                  2000bff4    0000010c     simplelink.a : driver.obj (.text:_SlDrvMsgReadSpawnCtx)
                  2000c100    0000010c                  : sl_socket.obj (.text:sl_Close)
                  2000c20c    00000104                  : device.obj (.text:_SlDeviceEventHandler)
                  2000c310    00000104                  : driver.obj (.text:_SlDrvCmdOp)
                  2000c414    00000104                  : driver.obj (.text:_SlDrvObjGlobalLockWaitForever)
                  2000c518    000000fc     rtsv7M4_T_le_eabi.lib : fd_mul_t2.obj (.text)
                  2000c614    000000f2     drivers_cc32xx.aem4 : SPICC32XXDMA.oem4 (.text:SPICC32XXDMA_transferCancel)
                  2000c706    000000ee                         : UARTCC32XX.oem4 (.text:UARTCC32XX_control)
                  2000c7f4    00000004     dpl_cc32xx.aem4 : ClockP_tirtos.oem4 (.text:ClockP_stop)
                  2000c7f8    000000ec     sysbios.aem4 : BIOS.obj (.text:pthread_create)
                  2000c8e4    00000004     dpl_cc32xx.aem4 : HwiP_tirtos.oem4 (.text:HwiP_clearInterrupt)
                  2000c8e8    000000ec     sysbios.aem4 : BIOS.obj (.text:ti_sysbios_knl_Task_Instance_init__E)
                  2000c9d4    000000d8     simplelink.a : netapp.obj (.text:_SlNetAppHandleAsync_NetAppReceive)
                  2000caac    000000d0     drivers_cc32xx.aem4 : SPICC32XXDMA.oem4 (.text:SPICC32XXDMA_close)
                  2000cb7c    000000d0     simplelink.a : netapp.obj (.text:_SlNetAppMDNSRegisterUnregisterService)
                  2000cc4c    000000d0     rtsv7M4_T_le_eabi.lib : s_scalbn.obj (.text)
                  2000cd1c    00000004     dpl_cc32xx.aem4 : HwiP_tirtos.oem4 (.text:HwiP_disable)
                  2000cd20    000000d0     sysbios.aem4 : BIOS.obj (.text:ti_sysbios_heaps_HeapMem_alloc__E)
                  2000cdf0    000000cc                  : m3_Hwi_asm.obj (.text:ti_sysbios_family_arm_m3_Hwi_dispatch__I)
                  2000cebc    000000c8     drivers_cc32xx.aem4 : SPICC32XXDMA.oem4 (.text:spiHwiFxn)
                  2000cf84    000000c4                         : GPIOCC32XX.oem4 (.text:GPIO_init)
                  2000d048    000000c4     simplelink.a : driver.obj (.text:_SlDrvRemoveFromList)
                  2000d10c    00000004     dpl_cc32xx.aem4 : HwiP_tirtos.oem4 (.text:HwiP_disableInterrupt)
                  2000d110    000000c4     sysbios.aem4 : BIOS.obj (.text:ti_sysbios_knl_Task_sleep__E)
                  2000d1d4    000000c0     simplelink.a : cc_pal.obj (.text:NwpPowerOff)
                  2000d294    000000c0     drivers_cc32xx.aem4 : UARTCC32XX.oem4 (.text:UARTCC32XX_write)
                  2000d354    000000c0     simplelink.a : spawn.obj (.text:_SlInternalSpawn)
                  2000d414    000000bc                  : netapp.obj (.text:_SlNetAppSendResponse)
                  2000d4d0    000000bc                  : sl_socket.obj (.text:sl_Send)
                  2000d58c    000000bc                  : wlan.obj (.text:sl_WlanProvisioning)
                  2000d648    000000bc     sysbios.aem4 : BIOS.obj (.text:xdc_runtime_Core_createObject__I)
                  2000d704    000000b8     drivers_cc32xx.aem4 : UARTCC32XX.oem4 (.text:initHw)
                  2000d7bc    000000b8                         : UARTCC32XX.oem4 (.text:readIsrTextBlocking)
                  2000d874    00000004     dpl_cc32xx.aem4 : HwiP_tirtos.oem4 (.text:HwiP_enableInterrupt)
                  2000d878    000000b8     sysbios.aem4 : BIOS.obj (.text:ti_sysbios_knl_Task_exit__E)
                  2000d930    000000b4     driverlib.a : prcm.obj (.text:PRCMIORetentionEnable)
                  2000d9e4    000000b4     drivers_cc32xx.aem4 : UARTCC32XX.oem4 (.text:UARTCC32XX_readPolling)
                  2000da98    000000b4                         : PowerCC32XX.oem4 (.text:restoreParkedPins)
                  2000db4c    000000b0     simplelink.a : device.obj (.text:_SlDeviceHandleAsync_InitComplete)
                  2000dbfc    000000b0                  : driver.obj (.text:_SlDrvHandleFatalError)
                  2000dcac    000000ae     drivers_cc32xx.aem4 : UARTCC32XX.oem4 (.text:readIsrTextCallback)
                  2000dd5a    00000002     --HOLE-- [fill = 0]
                  2000dd5c    000000aa     uart_term.obj (.text:Report)
                  2000de06    000000aa     drivers_cc32xx.aem4 : UARTCC32XX.oem4 (.text:readTaskBlocking)
                  2000deb0    000000a8                         : PowerCC32XX.oem4 (.text:PowerCC32XX_configureWakeup)
                  2000df58    000000a4     empty.obj (.text:Safety_Response)
                  2000dffc    00000004     drivers_cc32xx.aem4 : List.oem4 (.text:List_head)
                  2000e000    000000a4     sysbios.aem4 : BIOS.obj (.text:ti_sysbios_knl_Task_setPri__E)
                  2000e0a4    000000a2     drivers_cc32xx.aem4 : UARTCC32XX.oem4 (.text:writeData)
                  2000e146    00000002     --HOLE-- [fill = 0]
                  2000e148    000000a0     simplelink.a : sl_socket.obj (.text:_SlSocketHandleAsync_StartTLS)
                  2000e1e8    000000a0     auto_init.aem4 : auto_init.oem4 (.text)
                  2000e288    0000009e     simplelink.a : cc_pal.obj (.text:spi_Read)
                  2000e326    0000009e                  : cc_pal.obj (.text:spi_Write)
                  2000e3c4    00000004     drivers_cc32xx.aem4 : List.oem4 (.text:List_next)
                  2000e3c8    0000009c     sysbios.aem4 : BIOS.obj (.text:_pthread_removeThreadKeys)
                  2000e464    0000009c     drivers_cc32xx.aem4 : SPICC32XXDMA.oem4 (.text:initHw)
                  2000e500    0000009c     rtsv7M4_T_le_eabi.lib : memcpy_t2.obj (.text)
                  2000e59c    00000098     drivers_cc32xx.aem4 : PowerCC32XX.oem4 (.text:Power_shutdown)
                  2000e634    00000098     simplelink.a : netutil.obj (.text:_SlNetUtilHandleAsync_Cmd)
                  2000e6cc    00000098     drivers_cc32xx.aem4 : GPIOCC32XX.oem4 (.text:powerNotifyFxn)
                  2000e764    00000004     dpl_cc32xx.aem4 : MutexP_tirtos.oem4 (.text:MutexP_lock)
                  2000e768    00000098     sysbios.aem4 : BIOS.obj (.text:ti_sysbios_family_arm_m3_Hwi_Instance_init__E)
                  2000e800    00000094     driverlib.a : prcm.obj (.text:PRCMPeripheralClockGet)
                  2000e894    00000090     empty.obj (.text:Check_Response)
                  2000e924    00000090     simplelink.a : netapp.obj (.text:_SlNetAppHandleAsync_DnsGetHostByName)
                  2000e9b4    00000090                  : netapp.obj (.text:_SlNetAppHandleAsync_PingResponse)
                  2000ea44    00000090     drivers_cc32xx.aem4 : PowerCC32XX.oem4 (.text:restoreNVICRegs)
                  2000ead4    00000004     dpl_cc32xx.aem4 : MutexP_tirtos.oem4 (.text:MutexP_unlock)
                  2000ead8    00000090     sysbios.aem4 : BIOS.obj (.text:ti_sysbios_knl_Task_Module_startup__E)
                  2000eb68    00000090                  : BIOS.obj (.text:ti_sysbios_knl_Task_schedule__I)
                  2000ebf8    00000090                  : BIOS.obj (.text:ti_sysbios_knl_Task_startCore__E)
                  2000ec88    0000008c     simplelink.a : driver.obj (.text:_SlDrvDriverIsApiAllowed)
                  2000ed14    0000008c     drivers_cc32xx.aem4 : UARTCC32XX.oem4 (.text:readIsrBinaryBlocking)
                  2000eda0    0000008c     simplelink.a : sl_socket.obj (.text:sl_Recv)
                  2000ee2c    00000088     rtsv7M4_T_le_eabi.lib : vsnprintf.obj (.text)
                  2000eeb4    00000004     drivers_cc32xx.aem4 : SPICC32XXDMA.oem4 (.text:SPICC32XXDMA_init)
                  2000eeb8    00000088     sysbios.aem4 : BIOS.obj (.text:ti_sysbios_family_arm_m3_Hwi_initNVIC__E)
                  2000ef40    00000088                  : BIOS.obj (.text:xdc_runtime_Memory_alloc__E)
                  2000efc8    00000086     simplelink.a : driver.obj (.text:_SlDrvIsTimeoutExpired)
                  2000f04e    00000086     rtsv7M4_T_le_eabi.lib : fd_cmp_t2.obj (.text:__aeabi_cdcmple)
                  2000f0d4    00000086                           : fd_cmp_t2.obj (.text:__aeabi_cdrcmple)
                  2000f15a    00000002     --HOLE-- [fill = 0]
                  2000f15c    00000084     simplelink.a : sl_socket.obj (.text:_SlSocketHandleAsync_Close)
                  2000f1e0    00000084                  : sl_socket.obj (.text:_SlSocketHandleAsync_Connect)
                  2000f264    00000004     dpl_cc32xx.aem4 : SemaphoreP_tirtos.oem4 (.text:SemaphoreP_post)
                  2000f268    00000084     sysbios.aem4 : BIOS.obj (.text:_pthread_runStub)
                  2000f2ec    00000084     drivers_cc32xx.aem4 : PowerCC32XX.oem4 (.text:saveNVICRegs)
                  2000f370    00000084     simplelink.a : netcfg.obj (.text:sl_NetCfgSet)
                  2000f3f4    00000084                  : sl_socket.obj (.text:sl_SetSockOpt)
                  2000f478    00000084                  : wlan.obj (.text:sl_WlanSet)
                  2000f4fc    00000004     release_pem4.oem4 (.text:ti_sysbios_BIOS_RtsGateProxy_enter__E)
                  2000f500    00000084     sysbios.aem4 : BIOS.obj (.text:ti_sysbios_family_arm_m3_Hwi_postInit__I)
                  2000f584    00000004     release_pem4.oem4 (.text:ti_sysbios_BIOS_RtsGateProxy_leave__E)
                  2000f588    00000084     sysbios.aem4 : BIOS.obj (.text:ti_sysbios_heaps_HeapMem_free__E)
                  2000f60c    00000004     release_pem4.oem4 (.text:ti_sysbios_family_arm_m3_Hwi_delete)
                  2000f610    00000084     sysbios.aem4 : BIOS.obj (.text:xdc_runtime_Core_constructObject__I)
                  2000f694    00000080     drivers_cc32xx.aem4 : UARTCC32XX.oem4 (.text:readIsrBinaryCallback)
                  2000f714    0000007c     empty.obj (.text:SendStatusMessage)
                  2000f790    0000007c     drivers_cc32xx.aem4 : UDMACC32XX.oem4 (.text:UDMACC32XX_open)
                  2000f80c    0000007c     simplelink.a : wlan.obj (.text:sl_WlanPolicySet)
                  2000f888    0000007a     drivers_cc32xx.aem4 : UARTCC32XX.oem4 (.text:readTaskCallback)
                  2000f902    0000007a     rtsv7M4_T_le_eabi.lib : memset_t2.obj (.text)
                  2000f97c    00000078     drivers_cc32xx.aem4 : GPIOCC32XX.oem4 (.text:GPIO_hwiIntFxn)
                  2000f9f4    00000078                         : PowerCC32XX.oem4 (.text:Power_init)
                  2000fa6c    00000078                         : TimerCC32XX.oem4 (.text:TimerCC32XX_start)
                  2000fae4    00000078     simplelink.a : sl_socket.obj (.text:sl_Socket)
                  2000fb5c    00000074     drivers_cc32xx.aem4 : UARTCC32XX.oem4 (.text:UARTCC32XX_hwiIntFxn)
                  2000fbd0    00000074     sysbios.aem4 : BIOS.obj (.text:xdc_runtime_Core_deleteObject__I)
                  2000fc44    00000004     release_pem4.oem4 (.text:ti_sysbios_family_arm_m3_TaskSupport_Module__startupDone__S)
                  2000fc48    00000070     sysbios.aem4 : BIOS.obj (.text:ti_sysbios_heaps_HeapMem_initPrimary__I)
                  2000fcb8    00000070                  : BIOS.obj (.text:ti_sysbios_knl_Clock_workFunc__E)
                  2000fd28    0000006c     simplelink.a : device.obj (.text:_SlDeviceHandleResetRequestInternally)
                  2000fd94    0000006c                  : driver.obj (.text:_SlDrvCmdSend_noLock)
                  2000fe00    0000006c                  : netapp.obj (.text:_SlNetAppSendTokenValue)
                  2000fe6c    00000004     release_pem4.oem4 (.text:ti_sysbios_gates_GateMutex_delete)
                  2000fe70    0000006c     sysbios.aem4 : BIOS.obj (.text:ti_sysbios_knl_Swi_restoreHwi__E)
                  2000fedc    00000068     empty.obj (.text:GetDistance)
                  2000ff44    00000068     simplelink.a : device.obj (.text:_SlDeviceHandleAsync_Stop)
                  2000ffac    00000068                  : sl_socket.obj (.text:_SlSocketHandleAsync_Accept)
                  20010014    00000068     rtsv7M4_T_le_eabi.lib : copy_decompress_lzss.obj (.text:decompress:lzss)
                  2001007c    00000068     main_tirtos.obj (.text:main)
                  200100e4    00000066     drivers_cc32xx.aem4 : UARTCC32XX.oem4 (.text:UARTCC32XX_writeCancel)
                  2001014a    00000002     --HOLE-- [fill = 0]
                  2001014c    00000064                         : PowerCC32XX.oem4 (.text:PowerCC32XX_setParkState)
                  200101b0    00000064     sysbios.aem4 : BIOS.obj (.text:ti_sysbios_family_arm_m3_Hwi_dispatchC__I)
                  20010214    00000004     release_pem4.oem4 (.text:ti_sysbios_heaps_HeapMem_Module_GateProxy_enter__E)
                  20010218    00000064     sysbios.aem4 : BIOS.obj (.text:ti_sysbios_knl_Semaphore_post__E)
                  2001027c    00000062     drivers_cc32xx.aem4 : UARTCC32XX.oem4 (.text:UARTCC32XX_writePolling)
                  200102de    00000002     --HOLE-- [fill = 0]
                  200102e0    00000060     driverlib.a : prcm.obj (.text:PRCMSysResetCauseGet)
                  20010340    0000005c     drivers_cc32xx.aem4 : PowerCC32XX.oem4 (.text:Power_setDependency)
                  2001039c    0000005c     rtsv7M4_T_le_eabi.lib : s_frexp.obj (.text)
                  200103f8    0000005c     sysbios.aem4 : BIOS.obj (.text:ti_sysbios_family_arm_m3_Timer_start__E)
                  20010454    00000004     release_pem4.oem4 (.text:ti_sysbios_heaps_HeapMem_Module_GateProxy_leave__E)
                  20010458    0000005c     sysbios.aem4 : BIOS.obj (.text:ti_sysbios_knl_Swi_run__I)
                  200104b4    00000004     release_pem4.oem4 (.text:ti_sysbios_knl_Clock_TimerProxy_getMaxTicks__E)
                  200104b8    0000005c     sysbios.aem4 : BIOS.obj (.text:ti_sysbios_knl_Swi_schedule__I)
                  20010514    00000004     release_pem4.oem4 (.text:ti_sysbios_knl_Clock_TimerProxy_setPeriodMicroSecs__E)
                  20010518    0000005c     sysbios.aem4 : BIOS.obj (.text:ti_sysbios_knl_Task_unblockI__E)
                  20010574    00000004     release_pem4.oem4 (.text:ti_sysbios_knl_Clock_TimerProxy_start__E)
                  20010578    0000005c     sysbios.aem4 : BIOS.obj (.text:xdc_runtime_Startup_exec__E)
                  200105d4    00000058     drivers_cc32xx.aem4 : GPIOCC32XX.oem4 (.text:GPIO_setCallback)
                  2001062c    00000058                         : GPIOCC32XX.oem4 (.text:GPIO_write)
                  20010684    00000058     driverlib.a : prcm.obj (.text:PRCMPeripheralReset)
                  200106dc    00000058     drivers_cc32xx.aem4 : PowerCC32XX.oem4 (.text:Power_releaseDependency)
                  20010734    00000058     simplelink.a : sl_socket.obj (.text:_SlDrvClearCtrlSocket)
                  2001078c    00000054     uart_term.obj (.text:InitTerm)
                  200107e0    00000054     rtsv7M4_T_le_eabi.lib : ltoa.obj (.text)
                  20010834    00000054     release_pem4.oem4 (.text:ti_sysbios_family_arm_m3_Hwi_create)
                  20010888    00000054     sysbios.aem4 : BIOS.obj (.text:ti_sysbios_family_arm_m3_Timer_setPeriod__E)
                  200108dc    00000004     release_pem4.oem4 (.text:ti_sysbios_knl_Clock_TimerProxy_stop__E)
                  200108e0    00000054     sysbios.aem4 : BIOS.obj (.text:xdc_runtime_Core_assignLabel__I)
                  20010934    00000052     drivers_cc32xx.aem4 : PowerCC32XX.oem4 (.text:PowerCC32XX_parkPin)
                  20010986    00000052                         : PowerCC32XX_asm.oem4 (.text:PowerCC32XX_resumeLPDS)
                  200109d8    00000052                         : TimerCC32XX.oem4 (.text:initHw)
                  20010a2a    00000002     --HOLE-- [fill = 0]
                  20010a2c    00000050     simplelink.a : cc_pal.obj (.text:NwpRegisterInterruptHandler)
                  20010a7c    00000050     drivers_cc32xx.aem4 : TimerCC32XX.oem4 (.text:TimerCC32XX_allocateTimerResource)
                  20010acc    00000050                         : TimerCC32XX.oem4 (.text:TimerCC32XX_stop)
                  20010b1c    00000050     simplelink.a : driver.obj (.text:_SlDrvRxIrqHandler)
                  20010b6c    00000050                  : eventreg.obj (.text:_SlNetAppHttpServerHdlr)
                  20010bbc    00000050                  : eventreg.obj (.text:_SlNetAppRequestHdlr)
                  20010c0c    00000050                  : cc_pal.obj (.text:spi_Open)
                  20010c5c    00000004     release_pem4.oem4 (.text:ti_sysbios_knl_Clock_delete)
                  20010c60    00000050     sysbios.aem4 : BIOS.obj (.text:ti_sysbios_family_arm_m3_Hwi_Module_startup__E)
                  20010cb0    00000050                  : BIOS.obj (.text:ti_sysbios_knl_Clock_Instance_init__E)
                  20010d00    00000050     release_pem4.oem4 (.text:ti_sysbios_knl_Task_create)
                  20010d50    0000004c     drivers_cc32xx.aem4 : GPIOCC32XX.oem4 (.text:GPIO_enableInt)
                  20010d9c    0000004c     simplelink.a : cc_pal.obj (.text:NwpWaitForShutDownInd)
                  20010de8    0000004c                  : driver.obj (.text:_SlDrvCmdSend_noWait)
                  20010e34    0000004c                  : driver.obj (.text:_SlDrvProtectAsyncRespSetting)
                  20010e80    0000004c     drivers_cc32xx.aem4 : PowerCC32XX.oem4 (.text:restorePeriphClocks)
                  20010ecc    0000004c     rtsv7M4_T_le_eabi.lib : atoi.obj (.text)
                  20010f18    0000004c                           : cpy_tbl.obj (.text)
                  20010f64    0000004c     simplelink.a : netapp.obj (.text:sl_NetAppMDNSUnRegisterService)
                  20010fb0    0000004c                  : wlan.obj (.text:sl_WlanProfileDel)
                  20010ffc    0000004c                  : wlan.obj (.text:sl_WlanSetMode)
                  20011048    0000004c     sysbios.aem4 : m3_TaskSupport_asm.obj (.text:ti_sysbios_family_arm_m3_TaskSupport_buildTaskStack)
                  20011094    00000004     release_pem4.oem4 (.text:ti_sysbios_knl_Semaphore_delete)
                  20011098    0000004c     sysbios.aem4 : BIOS.obj (.text:ti_sysbios_heaps_HeapMem_getStats__E)
                  200110e4    00000004     release_pem4.oem4 (.text:ti_sysbios_knl_Task_delete)
                  200110e8    0000004c     sysbios.aem4 : BIOS.obj (.text:ti_sysbios_knl_Swi_runLoop__I)
                  20011134    00000004     release_pem4.oem4 (.text:xdc_runtime_System_Module_GateProxy_enter__E)
                  20011138    0000004c     sysbios.aem4 : BIOS.obj (.text:ti_sysbios_knl_Task_allBlockedFunction__I)
                  20011184    00000048     dpl_cc32xx.aem4 : ClockP_tirtos.oem4 (.text:ClockP_create)
                  200111cc    00000048     driverlib.a : flash.obj (.text:FlashDisable)
                  20011214    00000048                 : prcm.obj (.text:PRCMLPDSEnter)
                  2001125c    00000048                 : prcm.obj (.text:PRCMPeripheralClkEnable)
                  200112a4    00000048     drivers_cc32xx.aem4 : PowerCC32XX.oem4 (.text:Power_releaseConstraint)
                  200112ec    00000048     simplelink.a : eventreg.obj (.text:_SlDeviceFatalErrorEvtHdlr)
                  20011334    00000048                  : eventreg.obj (.text:_SlDeviceGeneralEvtHdlr)
                  2001137c    00000048                  : driver.obj (.text:_SlDrvSyncObjWaitTimeout)
                  200113c4    00000048                  : eventreg.obj (.text:_SlNetAppEvtHdlr)
                  2001140c    00000048                  : eventreg.obj (.text:_SlNetAppRequestMemFree)
                  20011454    00000048                  : eventreg.obj (.text:_SlSockEvtHdlr)
                  2001149c    00000048                  : eventreg.obj (.text:_SlWlanEvtHdlr)
                  200114e4    00000048     rtsv7M4_T_le_eabi.lib : fd_toi_t2.obj (.text)
                  2001152c    00000004     release_pem4.oem4 (.text:xdc_runtime_System_Module_GateProxy_leave__E)
                  20011530    00000048     sysbios.aem4 : BIOS.obj (.text:ti_sysbios_family_arm_m3_Hwi_disableInterrupt__E)
                  20011578    00000048                  : BIOS.obj (.text:ti_sysbios_family_arm_m3_Hwi_enableInterrupt__E)
                  200115c0    00000048                  : m3_Hwi_asm_switch.obj (.text:ti_sysbios_family_arm_m3_Hwi_initStacks__E)
                  20011608    00000048                  : BIOS.obj (.text:ti_sysbios_family_arm_m3_Timer_initDevice__I)
                  20011650    00000048                  : BIOS.obj (.text:ti_sysbios_knl_Mailbox_Module_startup__E)
                  20011698    00000048                  : BIOS.obj (.text:ti_sysbios_knl_Task_deleteTerminatedTasksFunc__I)
                  200116e0    00000046     drivers_cc32xx.aem4 : RingBuf.oem4 (.text:RingBuf_put)
                  20011726    00000002     --HOLE-- [fill = 0]
                  20011728    00000046     empty.obj (.text:SimpleLinkGeneralEventHandler)
                  2001176e    00000046     drivers_cc32xx.aem4 : TimerCC32XX.oem4 (.text:getPrescaler)
                  200117b4    00000004     --HOLE-- [fill = 0]
                  200117b8    00000046     sysbios.aem4 : BIOS.obj (.text:xdc_runtime_Core_assignParams__I)
                  200117fe    00000002     --HOLE-- [fill = 0]
                  20011800    00000044     driverlib.a : prcm.obj (.text:PRCMLPDSRestoreInfoSet)
                  20011844    00000044     drivers_cc32xx.aem4 : PowerCC32XX_asm.oem4 (.text:PowerCC32XX_enterLPDS)
                  20011888    00000044                         : SPI.oem4 (.text:SPI_init)
                  200118cc    00000044                         : Timer.oem4 (.text:Timer_init)
                  20011910    00000044                         : UART.oem4 (.text:UART_init)
                  20011954    00000044     boot.aem4 : boot.oem4 (.text)
                  20011998    00000044     drivers_cc32xx.aem4 : PowerCC32XX.oem4 (.text:notify)
                  200119dc    00000004     --HOLE-- [fill = 0]
                  200119e0    00000044     sysbios.aem4 : BIOS.obj (.text:ti_sysbios_family_arm_m3_Hwi_getStackInfo__E)
                  20011a24    00000004     --HOLE-- [fill = 0]
                  20011a28    00000044                  : BIOS.obj (.text:ti_sysbios_knl_Mailbox_postInit__I)
                  20011a6c    00000004     --HOLE-- [fill = 0]
                  20011a70    00000044                  : BIOS.obj (.text:ti_sysbios_knl_Swi_post__E)
                  20011ab4    00000004     --HOLE-- [fill = 0]
                  20011ab8    00000044                  : BIOS.obj (.text:xdc_runtime_System_atexit__E)
                  20011afc    00000042     empty.obj (.text:retError)
                  20011b3e    00000042     simplelink.a : sl_socket.obj (.text:sl_Htonl)
                  20011b80    00000040                  : sl_socket.obj (.text:CountSetBits)
                  20011bc0    00000040     dpl_cc32xx.aem4 : HwiP_tirtos.oem4 (.text:HwiP_create)
                  20011c00    00000040     driverlib.a : pin.obj (.text:PinModeSet)
                  20011c40    00000040     drivers_cc32xx.aem4 : RingBuf.oem4 (.text:RingBuf_get)
                  20011c80    00000040                         : UARTCC32XX.oem4 (.text:UARTCC32XX_read)
                  20011cc0    00000040                         : UDMACC32XX.oem4 (.text:UDMACC32XX_init)
                  20011d00    00000040     simplelink.a : driver.obj (.text:_SlDrvGlobalObjUnLock)
                  20011d40    00000040                  : eventreg.obj (.text:_SlIsEventRegistered)
                  20011d80    00000040     sysbios.aem4 : BIOS.obj (.text:ti_sysbios_heaps_HeapMem_Instance_init__E)
                  20011dc0    0000003e     simplelink.a : sl_socket.obj (.text:_SlSocketBuildAddress)
                  20011dfe    0000003e     release_pem4.oem4 (.text:realloc)
                  20011e3c    0000003c     drivers_cc32xx.aem4 : PowerCC32XX.oem4 (.text:Power_setConstraint)
                  20011e78    0000003c                         : SPI.oem4 (.text:SPI_open)
                  20011eb4    0000003c     dpl_cc32xx.aem4 : SemaphoreP_tirtos.oem4 (.text:SemaphoreP_create)
                  20011ef0    0000003c     drivers_cc32xx.aem4 : Timer.oem4 (.text:Timer_open)
                  20011f2c    0000003c                         : UART.oem4 (.text:UART_open)
                  20011f68    0000003c     simplelink.a : netapp.obj (.text:_SlNetAppCopyPingResultsToReport)
                  20011fa4    0000003c     dpl_cc32xx.aem4 : PowerCC32XX_tirtos.oem4 (.text:getCountsRTC)
                  20011fe0    0000003c     simplelink.a : sl_socket.obj (.text:sl_Htons)
                  2001201c    00000004     --HOLE-- [fill = 0]
                  20012020    0000003c     sysbios.aem4 : BIOS.obj (.text:ti_sysbios_family_arm_m3_Hwi_Instance_finalize__E)
                  2001205c    00000004     --HOLE-- [fill = 0]
                  20012060    0000003c                  : BIOS.obj (.text:ti_sysbios_family_arm_m3_Timer_setPeriodMicroSecs__E)
                  2001209c    0000003c     release_pem4.oem4 (.text:ti_sysbios_knl_Clock_create)
                  200120d8    0000003c     sysbios.aem4 : BIOS.obj (.text:ti_sysbios_knl_Clock_walkQueuePeriodic__E)
                  20012114    00000004     --HOLE-- [fill = 0]
                  20012118    0000003c                  : BIOS.obj (.text:ti_sysbios_knl_Swi_restore__E)
                  20012154    00000004     --HOLE-- [fill = 0]
                  20012158    0000003c                  : BIOS.obj (.text:xdc_runtime_System_processAtExit__E)
                  20012194    0000003a     drivers_cc32xx.aem4 : TimerCC32XX.oem4 (.text:TimerCC32XX_close)
                  200121ce    00000002     --HOLE-- [fill = 0]
                  200121d0    00000038                         : GPIOCC32XX.oem4 (.text:GPIO_read)
                  20012208    00000038     driverlib.a : prcm.obj (.text:PRCMLPDSEnterKeepDebugIf)
                  20012240    00000038     sysbios.aem4 : BIOS.obj (.text:ti_sysbios_knl_Task_processVitalTaskFlag__I)
                  20012278    00000038                  : BIOS.obj (.text:usleep)
                  200122b0    00000036     drivers_cc32xx.aem4 : PowerCC32XX.oem4 (.text:PowerCC32XX_restoreParkedPin)
                  200122e6    00000036                         : TimerCC32XX.oem4 (.text:TimerCC32XX_hwiIntFunction)
                  2001231c    00000036     driverlib.a : timer.obj (.text:TimerControlStall)
                  20012352    00000036     drivers_cc32xx.aem4 : UARTCC32XX.oem4 (.text:UARTCC32XX_readCancel)
                  20012388    00000034     driverlib.a : pin.obj (.text:PinModeGet)
                  200123bc    00000034     drivers_cc32xx.aem4 : PowerCC32XX.oem4 (.text:PowerCC32XX_restoreParkState)
                  200123f0    00000034                         : TimerCC32XX.oem4 (.text:TimerCC32XX_freeTimerResource)
                  20012424    00000034                         : UDMACC32XX.oem4 (.text:UDMACC32XX_close)
                  20012458    00000034                         : TimerCC32XX.oem4 (.text:getPowerMgrId)
                  2001248c    00000004     --HOLE-- [fill = 0]
                  20012490    00000034     sysbios.aem4 : BIOS.obj (.text:ti_sysbios_family_arm_m3_Timer_periodicStub__I)
                  200124c4    00000034     release_pem4.oem4 (.text:ti_sysbios_knl_Semaphore_create)
                  200124f8    00000032     sysbios.aem4 : BIOS.obj (.text:ti_sysbios_hal_Hwi_initStack)
                  2001252a    00000006     dpl_cc32xx.aem4 : ClockP_tirtos.oem4 (.text:ClockP_Params_init)
                  20012530    00000032     sysbios.aem4 : BIOS.obj (.text:ti_sysbios_knl_Semaphore_pendTimeout__I)
                  20012562    00000002     --HOLE-- [fill = 0]
                  20012564    00000030     simplelink.a : driver.obj (.text:_SlDrvSyncObjWaitForever)
                  20012594    00000030     release_pem4.oem4 (.text:ti_sysbios_BIOS_atExitFunc__I)
                  200125c4    00000030     release_pem4.oem4 (.text:ti_sysbios_BIOS_startFunc__I)
                  200125f4    00000004     --HOLE-- [fill = 0]
                  200125f8    00000030     sysbios.aem4 : BIOS.obj (.text:ti_sysbios_family_arm_m3_TaskSupport_start__E)
                  20012628    00000030     release_pem4.oem4 (.text:ti_sysbios_gates_GateHwi_Object__create__S)
                  20012658    00000030     release_pem4.oem4 (.text:ti_sysbios_gates_GateMutex_Object__create__S)
                  20012688    00000030     release_pem4.oem4 (.text:ti_sysbios_gates_GateMutex_create)
                  200126b8    00000030     sysbios.aem4 : BIOS.obj (.text:ti_sysbios_gates_GateMutex_enter__E)
                  200126e8    00000030     release_pem4.oem4 (.text:ti_sysbios_heaps_HeapMem_Object__create__S)
                  20012718    00000030     release_pem4.oem4 (.text:ti_sysbios_knl_Semaphore_construct)
                  20012748    0000002e     rtsv7M4_T_le_eabi.lib : i_tofd_t2.obj (.text)
                  20012776    0000002e     release_pem4.oem4 (.text:ti_sysbios_rts_gnu_MemAlloc_alloc)
                  200127a4    0000002c     simplelink.a : cc_pal.obj (.text:NwpPowerOn)
                  200127d0    0000002c     drivers_cc32xx.aem4 : PowerCC32XX.oem4 (.text:PowerCC32XX_getParkState)
                  200127fc    0000002c     dpl_cc32xx.aem4 : SemaphoreP_tirtos.oem4 (.text:SemaphoreP_createBinary)
                  20012828    0000002c     simplelink.a : cc_pal.obj (.text:Semaphore_create_handle)
                  20012854    0000002c     release_pem4.oem4 (.text:ti_sysbios_knl_Clock_doTick__I)
                  20012880    0000002c     release_pem4.oem4 (.text:ti_sysbios_knl_Queue_construct)
                  200128ac    00000004     --HOLE-- [fill = 0]
                  200128b0    0000002c     sysbios.aem4 : BIOS.obj (.text:ti_sysbios_knl_Task_restore__E)
                  200128dc    0000002a     driverlib.a : timer.obj (.text:TimerLoadSet)
                  20012906    0000002a                 : timer.obj (.text:TimerPrescaleSet)
                  20012930    0000002a     sysbios.aem4 : BIOS.obj (.text:sem_init)
                  2001295a    00000002     --HOLE-- [fill = 0]
                  2001295c    00000028     driverlib.a : prcm.obj (.text:PRCMPeripheralClkDisable)
                  20012984    00000028     dpl_cc32xx.aem4 : PowerCC32XX_tirtos.oem4 (.text:PowerCC32XX_initPolicy)
                  200129ac    00000028     drivers_cc32xx.aem4 : PowerCC32XX.oem4 (.text:Power_registerNotify)
                  200129d4    00000028     simplelink.a : driver.obj (.text:_SlDrvProtectionObjLockWaitForever)
                  200129fc    00000028                  : driver.obj (.text:_SlDrvProtectionObjUnLock)
                  20012a24    00000028                  : driver.obj (.text:_SlDrvUpdateApiInProgress)
                  20012a4c    00000028                  : flowcont.obj (.text:_SlFlowContSet)
                  20012a74    00000004     --HOLE-- [fill = 0]
                  20012a78    00000028     sysbios.aem4 : BIOS.obj (.text:ti_sysbios_knl_Clock_addI__E)
                  20012aa0    00000028                  : BIOS.obj (.text:ti_sysbios_knl_Swi_Module_startup__E)
                  20012ac8    00000026     drivers_cc32xx.aem4 : List.oem4 (.text:List_put)
                  20012aee    00000024     simplelink.a : cc_pal.obj (.text:Mutex_create_handle)
                  20012b12    00000002     --HOLE-- [fill = 0]
                  20012b14    00000024                  : driver.obj (.text:_SlDrvIsApiInProgress)
                  20012b38    00000024                  : driver.obj (.text:_SlDrvStartMeasureTimeout)
                  20012b5c    00000024     platform.obj (.text:powerShutdown)
                  20012b80    00000024     sysbios.aem4 : BIOS.obj (.text:pthread_attr_init)
                  20012ba4    00000024     release_pem4.oem4 (.text:ti_sysbios_BIOS_registerRTSLock__I)
                  20012bc8    00000024     release_pem4.oem4 (.text:ti_sysbios_BIOS_removeRTSLock__I)
                  20012bec    00000004     --HOLE-- [fill = 0]
                  20012bf0    00000024     sysbios.aem4 : BIOS.obj (.text:ti_sysbios_family_arm_m3_Timer_Module_startup__E)
                  20012c14    00000004     --HOLE-- [fill = 0]
                  20012c18    00000024                  : BIOS.obj (.text:ti_sysbios_family_arm_m3_Timer_postInit__I)
                  20012c3c    00000004     --HOLE-- [fill = 0]
                  20012c40    00000024                  : BIOS.obj (.text:ti_sysbios_family_arm_m3_Timer_startup__E)
                  20012c64    00000024     release_pem4.oem4 (.text:ti_sysbios_gates_GateMutex_Object__delete__S)
                  20012c88    00000024     sysbios.aem4 : BIOS.obj (.text:ti_sysbios_knl_Clock_Module_startup__E)
                  20012cac    00000024     release_pem4.oem4 (.text:ti_sysbios_knl_Clock_Object__delete__S)
                  20012cd0    00000024     sysbios.aem4 : BIOS.obj (.text:ti_sysbios_knl_Clock_start__E)
                  20012cf4    00000004     --HOLE-- [fill = 0]
                  20012cf8    00000024                  : BIOS.obj (.text:ti_sysbios_knl_Semaphore_Instance_init__E)
                  20012d1c    00000024     release_pem4.oem4 (.text:ti_sysbios_knl_Semaphore_Object__delete__S)
                  20012d40    00000024     sysbios.aem4 : BIOS.obj (.text:ti_sysbios_knl_Task_restoreHwi__E)
                  20012d64    00000004     --HOLE-- [fill = 0]
                  20012d68    00000024                  : BIOS.obj (.text:xdc_runtime_Error_policyMin__E)
                  20012d8c    00000020     drivers_cc32xx.aem4 : PowerCC32XX.oem4 (.text:Power_unregisterNotify)
                  20012dac    00000020                         : RingBuf.oem4 (.text:RingBuf_peek)
                  20012dcc    00000020     simplelink.a : driver.obj (.text:_SlDrvObjLockWaitForever)
                  20012dec    00000020                  : driver.obj (.text:_SlDrvObjUnLock)
                  20012e0c    00000020     drivers_cc32xx.aem4 : SPICC32XXDMA.oem4 (.text:getPowerMgrId)
                  20012e2c    00000020                         : UARTCC32XX.oem4 (.text:getPowerMgrId)
                  20012e4c    00000004     --HOLE-- [fill = 0]
                  20012e50    00000020     sysbios.aem4 : BIOS.obj (.text:sleep)
                  20012e70    00000020     release_pem4.oem4 (.text:ti_sysbios_BIOS_rtsLock__I)
                  20012e90    00000020     release_pem4.oem4 (.text:ti_sysbios_family_arm_m3_Hwi_Object__delete__S)
                  20012eb0    00000020     sysbios.aem4 : BIOS.obj (.text:ti_sysbios_family_arm_m3_Hwi_clearInterrupt__E)
                  20012ed0    00000020                  : m3_Hwi_asm.obj (.text:ti_sysbios_family_arm_m3_Hwi_excHandlerAsm__I)
                  20012ef0    00000020                  : BIOS.obj (.text:ti_sysbios_family_arm_m3_Hwi_excHandler__I)
                  20012f10    00000020     release_pem4.oem4 (.text:ti_sysbios_gates_GateHwi_Object__delete__S)
                  20012f30    00000020     release_pem4.oem4 (.text:ti_sysbios_heaps_HeapMem_Object__delete__S)
                  20012f50    00000020     sysbios.aem4 : BIOS.obj (.text:ti_sysbios_knl_Idle_run__E)
                  20012f70    00000020     release_pem4.oem4 (.text:ti_sysbios_knl_Semaphore_destruct)
                  20012f90    00000020     release_pem4.oem4 (.text:ti_sysbios_knl_Task_Object__delete__S)
                  20012fb0    0000001e     driverlib.a : timer.obj (.text:TimerDisable)
                  20012fce    0000001e                 : timer.obj (.text:TimerEnable)
                  20012fec    0000001e     simplelink.a : driver.obj (.text:_SlDrvSyncObjSignal)
                  2001300a    0000001e     drivers_cc32xx.aem4 : UDMACC32XX.oem4 (.text:postNotifyFxn)
                  20013028    0000001e     rtsv7M4_T_le_eabi.lib : strcat.obj (.text)
                  20013046    0000001e     sysbios.aem4 : m3_Hwi_asm_switch.obj (.text:ti_sysbios_family_xxx_Hwi_switchAndRunFunc)
                  20013064    0000001c     uart_term.obj (.text:Message)
                  20013080    0000001c     driverlib.a : pin.obj (.text:PinToPadGet)
                  2001309c    0000001c     simplelink.a : device.obj (.text:_SlDeviceGetStartResponseConvert)
                  200130b8    0000001c     rtsv7M4_T_le_eabi.lib : memccpy.obj (.text)
                  200130d4    0000001c     empty.obj (.text:setPulse)
                  200130f0    0000001c     sysbios.aem4 : BIOS.obj (.text:ti_sysbios_family_arm_m3_Timer_stop__E)
                  2001310c    00000004     --HOLE-- [fill = 0]
                  20013110    0000001c                  : BIOS.obj (.text:ti_sysbios_gates_GateMutex_Instance_init__E)
                  2001312c    00000004     --HOLE-- [fill = 0]
                  20013130    0000001c                  : BIOS.obj (.text:ti_sysbios_knl_Clock_Instance_finalize__E)
                  2001314c    0000001c     release_pem4.oem4 (.text:ti_sysbios_knl_Queue_destruct)
                  20013168    0000001c     sysbios.aem4 : BIOS.obj (.text:ti_sysbios_knl_Queue_put__E)
                  20013184    00000004     --HOLE-- [fill = 0]
                  20013188    0000001c                  : BIOS.obj (.text:ti_sysbios_knl_Task_enter__I)
                  200131a4    0000001a     release_pem4.oem4 (.text:free)
                  200131be    0000001a     sysbios.aem4 : m3_Hwi_asm.obj (.text:ti_sysbios_family_arm_m3_Hwi_pendSV__I)
                  200131d8    0000001a                  : BIOS.obj (.text:ti_sysbios_knl_Task_sleepTimeout__I)
                  200131f2    00000002     --HOLE-- [fill = 0]
                  200131f4    00000018     drivers_cc32xx.aem4 : PowerCC32XX.oem4 (.text:Power_idleFunc)
                  2001320c    00000018                         : TimerCC32XX.oem4 (.text:TimerCC32XX_getCount)
                  20013224    00000018     driverlib.a : timer.obj (.text:TimerIntDisable)
                  2001323c    00000018                 : timer.obj (.text:TimerIntEnable)
                  20013254    00000018                 : uart.obj (.text:UARTBusy)
                  2001326c    00000018                 : uart.obj (.text:UARTIntEnable)
                  20013284    00000018     drivers_cc32xx.aem4 : UART.oem4 (.text:UART_Params_init)
                  2001329c    00000018     rtsv7M4_T_le_eabi.lib : args_main.obj (.text)
                  200132b4    00000018                           : ll_mul_t2.obj (.text)
                  200132cc    00000018                           : strcmp.obj (.text)
                  200132e4    00000018     platform.obj (.text:setHibRetentionReg)
                  200132fc    00000018     release_pem4.oem4 (.text:ti_sysbios_BIOS_rtsUnlock__I)
                  20013314    00000018     release_pem4.oem4 (.text:ti_sysbios_family_arm_m3_Hwi_Module__startupDone__F)
                  2001332c    00000018     release_pem4.oem4 (.text:ti_sysbios_family_arm_m3_Timer_Module__startupDone__F)
                  20013344    00000018     release_pem4.oem4 (.text:ti_sysbios_gates_GateHwi_Handle__label__S)
                  2001335c    00000018     release_pem4.oem4 (.text:ti_sysbios_gates_GateMutex_Handle__label__S)
                  20013374    00000004     --HOLE-- [fill = 0]
                  20013378    00000018     sysbios.aem4 : BIOS.obj (.text:ti_sysbios_gates_GateMutex_leave__E)
                  20013390    00000018     release_pem4.oem4 (.text:ti_sysbios_heaps_HeapMem_Handle__label__S)
                  200133a8    00000018     sysbios.aem4 : BIOS.obj (.text:ti_sysbios_rts_ti_ReentSupport_getReent__F)
                  200133c0    00000018     release_pem4.oem4 (.text:ti_sysbios_rts_ti_ReentSupport_getTlsAddr__I)
                  200133d8    00000018     sysbios.aem4 : BIOS.obj (.text:xdc_runtime_Error_init__E)
                  200133f0    00000018                  : BIOS.obj (.text:xdc_runtime_System_exit__E)
                  20013408    00000016     drivers_cc32xx.aem4 : List.oem4 (.text:List_remove)
                  2001341e    00000016     driverlib.a : prcm.obj (.text:PRCMHIBRegRead)
                  20013434    00000016                 : prcm.obj (.text:PRCMHIBRegWrite)
                  2001344a    00000016     simplelink.a : driver.obj (.text:_SlDrvMemZero)
                  20013460    00000016     rtsv7M4_T_le_eabi.lib : strchr.obj (.text)
                  20013476    00000016     release_pem4.oem4 (.text:ti_sysbios_BIOS_exitFunc__I)
                  2001348c    00000014     drivers_cc32xx.aem4 : PowerCC32XX.oem4 (.text:Power_getDependencyCount)
                  200134a0    00000014                         : SPI.oem4 (.text:SPI_Params_init)
                  200134b4    00000004     --HOLE-- [fill = 0]
                  200134b8    00000014     sysbios.aem4 : BIOS.obj (.text:pthread_attr_setschedparam)
                  200134cc    00000014     drivers_cc32xx.aem4 : UARTCC32XX.oem4 (.text:releasePowerConstraint)
                  200134e0    00000014     rtsv7M4_T_le_eabi.lib : _lock.obj (.text)
                  200134f4    00000014                           : strcpy.obj (.text)
                  20013508    00000014                           : strlen.obj (.text)
                  2001351c    00000014     release_pem4.oem4 (.text:ti_sysbios_family_arm_m3_Hwi_Object__get__S)
                  20013530    00000014     sysbios.aem4 : BIOS.obj (.text:ti_sysbios_family_arm_m3_Hwi_switchFromBootStack__E)
                  20013544    00000014     release_pem4.oem4 (.text:ti_sysbios_heaps_HeapMem_Object__get__S)
                  20013558    00000014     sysbios.aem4 : BIOS.obj (.text:ti_sysbios_knl_Clock_tickReconfig__E)
                  2001356c    00000014     release_pem4.oem4 (.text:ti_sysbios_knl_Swi_Object__get__S)
                  20013580    00000014     release_pem4.oem4 (.text:ti_sysbios_knl_Task_Object__first__S)
                  20013594    00000014     release_pem4.oem4 (.text:ti_sysbios_knl_Task_Object__next__S)
                  200135a8    00000012     drivers_cc32xx.aem4 : RingBuf.oem4 (.text:RingBuf_construct)
                  200135ba    00000012     dpl_cc32xx.aem4 : SemaphoreP_tirtos.oem4 (.text:SemaphoreP_pend)
                  200135cc    00000012     driverlib.a : timer.obj (.text:TimerIntClear)
                  200135de    00000002     --HOLE-- [fill = 0]
                  200135e0    00000012     sysbios.aem4 : BIOS.obj (.text:ti_sysbios_hal_Hwi_Module_startup__E)
                  200135f2    00000012     release_pem4.oem4 (.text:xdc_runtime_Startup_exec__I)
                  20013604    00000010     dpl_cc32xx.aem4 : HwiP_tirtos.oem4 (.text:HwiP_Params_init)
                  20013614    00000010     simplelink.a : cc_pal.obj (.text:MutexP_delete_handle)
                  20013624    00000010                  : cc_pal.obj (.text:Mutex_unlock)
                  20013634    00000010                  : cc_pal.obj (.text:SemaphoreP_delete_handle)
                  20013644    00000010                  : cc_pal.obj (.text:SemaphoreP_post_handle)
                  20013654    00000010     drivers_cc32xx.aem4 : Timer.oem4 (.text:Timer_Params_init)
                  20013664    00000010     simplelink.a : driver.obj (.text:_SlDrvDispatchHttpServerEvents)
                  20013674    00000010                  : driver.obj (.text:_SlDrvDispatchNetAppRequestEvents)
                  20013684    00000010     CC3220S_LAUNCHXL.obj (.text:dmaErrorFxn)
                  20013694    00000010     platform.obj (.text:preHibConfig)
                  200136a4    00000010     drivers_cc32xx.aem4 : UARTCC32XX.oem4 (.text:readBlockingTimeout)
                  200136b4    00000004     --HOLE-- [fill = 0]
                  200136b8    00000010     sysbios.aem4 : BIOS.obj (.text:ti_sysbios_BIOS_getCpuFreq__E)
                  200136c8    00000010                  : BIOS.obj (.text:ti_sysbios_BIOS_setThreadType__E)
                  200136d8    00000010                  : BIOS.obj (.text:ti_sysbios_BIOS_start__E)
                  200136e8    00000010                  : m3_TaskSupport_asm.obj (.text:ti_sysbios_family_arm_m3_TaskSupport_glue)
                  200136f8    00000010                  : m3_TaskSupport_asm.obj (.text:ti_sysbios_family_arm_m3_TaskSupport_swap__E)
                  20013708    00000010                  : BIOS.obj (.text:ti_sysbios_gates_GateMutex_Instance_finalize__E)
                  20013718    00000010     release_pem4.oem4 (.text:ti_sysbios_knl_Mailbox_Object__get__S)
                  20013728    00000010     sysbios.aem4 : BIOS.obj (.text:ti_sysbios_knl_Semaphore_Instance_finalize__E)
                  20013738    00000010                  : BIOS.obj (.text:ti_sysbios_knl_Swi_disable__E)
                  20013748    00000010     release_pem4.oem4 (.text:ti_sysbios_knl_Task_Object__get__S)
                  20013758    00000010     sysbios.aem4 : BIOS.obj (.text:ti_sysbios_knl_Task_disable__E)
                  20013768    00000010                  : BIOS.obj (.text:xdc_runtime_Memory_free__E)
                  20013778    00000010                  : BIOS.obj (.text:xdc_runtime_SysCallback_abort__E)
                  20013788    00000010                  : BIOS.obj (.text:xdc_runtime_SysCallback_exit__E)
                  20013798    0000000e     simplelink.a : cc_pal.obj (.text:Mutex_lock)
                  200137a6    0000000e                  : driver.obj (.text:_SlDrvResetCmdExt)
                  200137b4    0000000e     rtsv7M4_T_le_eabi.lib : copy_decompress_none.obj (.text:decompress:none)
                  200137c2    0000000e     drivers_cc32xx.aem4 : SPICC32XXDMA.oem4 (.text:postNotifyFxn)
                  200137d0    0000000e     sysbios.aem4 : BIOS.obj (.text:pthread_attr_setdetachstate)
                  200137de    0000000e     simplelink.a : cc_pal.obj (.text:spi_Close)
                  200137ec    00000004     --HOLE-- [fill = 0]
                  200137f0    0000000e     sysbios.aem4 : BIOS.obj (.text:ti_sysbios_knl_Idle_loop__E)
                  200137fe    00000002     --HOLE-- [fill = 0]
                  20013800    0000000e                  : BIOS.obj (.text:ti_sysbios_knl_Queue_empty__E)
                  2001380e    0000000c     CC3220S_LAUNCHXL.obj (.text:CC3220S_LAUNCHXL_initGeneral)
                  2001381a    0000000c     dpl_cc32xx.aem4 : ClockP_tirtos.oem4 (.text:ClockP_delete)
                  20013826    0000000c                     : HwiP_tirtos.oem4 (.text:HwiP_delete)
                  20013832    00000002     --HOLE-- [fill = 0]
                  20013834    0000000c                     : MutexP_tirtos.oem4 (.text:MutexP_create)
                  20013840    0000000c                     : MutexP_tirtos.oem4 (.text:MutexP_delete)
                  2001384c    0000000c     simplelink.a : cc_pal.obj (.text:NwpMaskInterrupt)
                  20013858    0000000c                  : cc_pal.obj (.text:NwpUnMaskInterrupt)
                  20013864    0000000c     drivers_cc32xx.aem4 : PowerCC32XX.oem4 (.text:Power_getConstraintMask)
                  20013870    0000000c     dpl_cc32xx.aem4 : SemaphoreP_tirtos.oem4 (.text:SemaphoreP_delete)
                  2001387c    0000000c     empty.obj (.text:SimpleLinkHttpServerEventHandler)
                  20013888    0000000c     empty.obj (.text:SimpleLinkNetAppRequestEventHandler)
                  20013894    0000000c     simplelink.a : device.obj (.text:_SlDeviceResetRequestInitCompletedCB)
                  200138a0    0000000c     rtsv7M4_T_le_eabi.lib : copy_zero_init.obj (.text:decompress:ZI)
                  200138ac    0000000c     platform.obj (.text:getHibRetentionReg)
                  200138b8    0000000c     drivers_cc32xx.aem4 : TimerCC32XX.oem4 (.text:postNotifyFxn)
                  200138c4    0000000c                         : UARTCC32XX.oem4 (.text:postNotifyFxn)
                  200138d0    0000000c     release_pem4.oem4 (.text:ti_sysbios_family_arm_m3_Hwi_Params__init__S)
                  200138dc    00000004     --HOLE-- [fill = 0]
                  200138e0    0000000c     sysbios.aem4 : BIOS.obj (.text:ti_sysbios_family_arm_m3_Hwi_disableFxn__E)
                  200138ec    00000004     --HOLE-- [fill = 0]
                  200138f0    0000000c                  : BIOS.obj (.text:ti_sysbios_family_arm_m3_TaskSupport_getStackAlignment__E)
                  200138fc    00000004     --HOLE-- [fill = 0]
                  20013900    0000000c                  : BIOS.obj (.text:ti_sysbios_gates_GateHwi_enter__E)
                  2001390c    0000000c     release_pem4.oem4 (.text:ti_sysbios_knl_Clock_Params__init__S)
                  20013918    0000000c     sysbios.aem4 : BIOS.obj (.text:ti_sysbios_knl_Clock_getTicks__E)
                  20013924    00000004     --HOLE-- [fill = 0]
                  20013928    0000000c                  : BIOS.obj (.text:ti_sysbios_knl_Clock_setTicks__E)
                  20013934    00000004     --HOLE-- [fill = 0]
                  20013938    0000000c                  : BIOS.obj (.text:ti_sysbios_knl_Clock_tickStart__E)
                  20013944    00000004     --HOLE-- [fill = 0]
                  20013948    0000000c                  : BIOS.obj (.text:ti_sysbios_knl_Clock_tickStop__E)
                  20013954    0000000c     release_pem4.oem4 (.text:ti_sysbios_knl_Queue_Object__get__S)
                  20013960    0000000c     release_pem4.oem4 (.text:ti_sysbios_knl_Semaphore_Params__init__S)
                  2001396c    0000000c     release_pem4.oem4 (.text:ti_sysbios_knl_Task_Params__init__S)
                  20013978    0000000c     sysbios.aem4 : BIOS.obj (.text:ti_sysbios_knl_Task_self__E)
                  20013984    00000004     --HOLE-- [fill = 0]
                  20013988    0000000c                  : BIOS.obj (.text:ti_sysbios_rts_ti_ReentSupport_taskRegHook__I)
                  20013994    0000000c     driverlib.a : udma.obj (.text:uDMAErrorStatusClear)
                  200139a0    0000000c                 : udma.obj (.text:uDMAErrorStatusGet)
                  200139ac    00000004     --HOLE-- [fill = 0]
                  200139b0    0000000c     sysbios.aem4 : BIOS.obj (.text:xdc_runtime_Startup_rtsDone__E)
                  200139bc    0000000a     drivers_cc32xx.aem4 : List.oem4 (.text:List_empty)
                  200139c6    0000000a                         : SPI.oem4 (.text:SPI_close)
                  200139d0    0000000a                         : SPI.oem4 (.text:SPI_transfer)
                  200139da    0000000a     empty.obj (.text:SimpleLinkNetAppRequestMemFreeEventHandler)
                  200139e4    0000000a     empty.obj (.text:SimpleLinkSockEventHandler)
                  200139ee    0000000a     drivers_cc32xx.aem4 : Timer.oem4 (.text:Timer_getCount)
                  200139f8    0000000a                         : Timer.oem4 (.text:Timer_start)
                  20013a02    0000000a                         : Timer.oem4 (.text:Timer_stop)
                  20013a0c    0000000a                         : UART.oem4 (.text:UART_control)
                  20013a16    0000000a                         : UART.oem4 (.text:UART_writePolling)
                  20013a20    0000000a     sysbios.aem4 : BIOS.obj (.text:sem_post)
                  20013a2a    0000000a     simplelink.a : device.obj (.text:sl_Task)
                  20013a34    0000000a     release_pem4.oem4 (.text:xdc_runtime_IHeap_alloc)
                  20013a3e    0000000a     release_pem4.oem4 (.text:xdc_runtime_IHeap_free)
                  20013a48    00000008     dpl_cc32xx.aem4 : SemaphoreP_tirtos.oem4 (.text:SemaphoreP_Params_init)
                  20013a50    00000008     simplelink.a : cc_pal.obj (.text:TimerGetCurrentTimestamp)
                  20013a58    00000008     drivers_cc32xx.aem4 : SPICC32XXDMA.oem4 (.text:blockingTransferCallback)
                  20013a60    00000008     sysbios.aem4 : BIOS.obj (.text:pthread_attr_setstacksize)
                  20013a68    00000008     drivers_cc32xx.aem4 : UARTCC32XX.oem4 (.text:readSemCallback)
                  20013a70    00000008     rtsv7M4_T_le_eabi.lib : s_copysign.obj (.text)
                  20013a78    00000008     sysbios.aem4 : BIOS.obj (.text:ti_sysbios_family_arm_m3_Hwi_doSwiRestore__I)
                  20013a80    00000008                  : BIOS.obj (.text:ti_sysbios_family_arm_m3_Hwi_startup__E)
                  20013a88    00000008     drivers_cc32xx.aem4 : UARTCC32XX.oem4 (.text:writeSemCallback)
                  20013a90    00000006     dpl_cc32xx.aem4 : MutexP_tirtos.oem4 (.text:MutexP_Params_init)
                  20013a96    00000006     drivers_cc32xx.aem4 : SPICC32XXDMA.oem4 (.text:SPICC32XXDMA_control)
                  20013a9c    00000006                         : TimerCC32XX.oem4 (.text:TimerCC32XX_control)
                  20013aa2    00000006     driverlib.a : utils.obj (.text:UtilsDelay)
                  20013aa8    00000006     sysbios.aem4 : BIOS.obj (.text:ti_sysbios_family_arm_m3_Hwi_doTaskRestore__I)
                  20013aae    00000002     --HOLE-- [fill = 0]
                  20013ab0    00000006                  : BIOS.obj (.text:ti_sysbios_family_arm_m3_Hwi_restoreFxn__E)
                  20013ab6    00000002     --HOLE-- [fill = 0]
                  20013ab8    00000006                  : BIOS.obj (.text:ti_sysbios_gates_GateHwi_leave__E)
                  20013abe    00000002     --HOLE-- [fill = 0]
                  20013ac0    00000006                  : BIOS.obj (.text:ti_sysbios_heaps_HeapMem_isBlocking__E)
                  20013ac6    00000002     --HOLE-- [fill = 0]
                  20013ac8    00000006                  : BIOS.obj (.text:ti_sysbios_knl_Clock_stop__E)
                  20013ace    00000002     --HOLE-- [fill = 0]
                  20013ad0    00000006                  : BIOS.obj (.text:ti_sysbios_knl_Queue_Instance_init__E)
                  20013ad6    00000002     --HOLE-- [fill = 0]
                  20013ad8    00000006                  : BIOS.obj (.text:ti_sysbios_knl_Swi_startup__E)
                  20013ade    00000002     --HOLE-- [fill = 0]
                  20013ae0    00000006                  : BIOS.obj (.text:xdc_runtime_System_Module_startup__E)
                  20013ae6    00000002     --HOLE-- [fill = 0]
                  20013ae8    00000004                  : BIOS.obj (.text:ti_sysbios_family_arm_m3_Timer_getMaxTicks__E)
                  20013aec    00000004     --HOLE-- [fill = 0]
                  20013af0    00000004                  : BIOS.obj (.text:ti_sysbios_gates_GateHwi_query__E)
                  20013af4    00000004     --HOLE-- [fill = 0]
                  20013af8    00000004                  : BIOS.obj (.text:ti_sysbios_gates_GateMutex_query__E)
                  20013afc    00000004     --HOLE-- [fill = 0]
                  20013b00    00000004                  : BIOS.obj (.text:ti_sysbios_knl_Clock_setTimeout__E)
                  20013b04    00000004     --HOLE-- [fill = 0]
                  20013b08    00000004                  : BIOS.obj (.text:ti_sysbios_knl_Task_startup__E)
                  20013b0c    00000004     --HOLE-- [fill = 0]
                  20013b10    00000002                  : BIOS.obj (.text:ti_sysbios_BIOS_linkedWithIncorrectBootLibrary__E)
                  20013b12    00000006     --HOLE-- [fill = 0]
                  20013b18    00000002                  : BIOS.obj (.text:ti_sysbios_gates_GateHwi_Instance_init__E)
                  20013b1a    00000006     --HOLE-- [fill = 0]
                  20013b20    00000002                  : BIOS.obj (.text:ti_sysbios_knl_Clock_logTick__E)
                  20013b22    00000006     --HOLE-- [fill = 0]
                  20013b28    00000002                  : BIOS.obj (.text:xdc_runtime_SysCallback_defaultAbort)
                  20013b2a    00000006     --HOLE-- [fill = 0]
                  20013b30    00000002                  : BIOS.obj (.text:xdc_runtime_SysCallback_defaultExit)
                  20013b32    00000006     --HOLE-- [fill = 0]
                  20013b38    00000002                  : BIOS.obj (.text:xdc_runtime_System_abortSpin__E)
                  20013b3a    00000006     --HOLE-- [fill = 0]
                  20013b40    00000002                  : BIOS.obj (.text:xdc_runtime_System_exitSpin__E)

.priheap   0    20013b48    00008000     UNINITIALIZED
                  20013b48    00008000     --HOLE--

.bss       0    2001bc00    00001ecd     UNINITIALIZED
                  2001bc00    000007fc     (.common:parking_CB)
                  2001c3fc    000007d8     simplelink.a : driver.obj (.bss:g_StatMem)
                  2001cbd4    00000020     drivers_cc32xx.aem4 : GPIOCC32XX.oem4 (.bss:gpioCallbackInfo)
                  2001cbf4    0000000c     (.common:ChangedBitSt)
                  2001cc00    00000400     CC3220S_LAUNCHXL.obj (.bss:dmaControlTable)
                  2001d000    0000030c     (.common:ti_sysbios_family_arm_m3_Hwi_dispatchTable)
                  2001d30c    00000004     drivers_cc32xx.aem4 : GPIOCC32XX.oem4 (.bss)
                  2001d310    00000200     release_pem4.oem4 (.bss:taskStackSection)
                  2001d510    0000012c     (.common:PowerCC32XX_contextSave)
                  2001d63c    00000108     (.common:uartCC3220SObjects)
                  2001d744    0000009c     (.common:timerCC3220SObjects)
                  2001d7e0    00000094     (.common:g_SlInternalSpawnCB)
                  2001d874    00000088     (.common:spiCC3220SDMAObjects)
                  2001d8fc    00000064     (.common:Recv_Message)
                  2001d960    00000064     (.common:Status_Message)
                  2001d9c4    00000040     (.common:uartCC3220SRingBuffer)
                  2001da04    0000001c     (.common:sAddr)
                  2001da20    00000014     drivers_cc32xx.aem4 : UDMACC32XX.oem4 (.bss:postNotifyObj)
                  2001da34    00000014                         : GPIOCC32XX.oem4 (.bss:powerNotifyObj)
                  2001da48    0000000c     dpl_cc32xx.aem4 : PowerCC32XX_tirtos.oem4 (.bss)
                  2001da54    0000000c     (.common:DeviceCB)
                  2001da60    0000000c     (.common:Msg)
                  2001da6c    0000000c     (.common:ParkingLotSt)
                  2001da78    0000000c     (.common:ParkingSpaceSt)
                  2001da84    0000000c     (.common:StatusSt)
                  2001da90    0000000c     (.common:dist_params)
                  2001da9c    00000004     drivers_cc32xx.aem4 : TimerCC32XX.oem4 (.bss:timerState)
                  2001daa0    00000008     (.common:spiCC3220SDMAscratchBuf)
                  2001daa8    00000008     (.common:udmaCC3220SObject)
                  2001dab0    00000004     uart_term.obj (.bss)
                  2001dab4    00000004     (.common:ClockP_tickPeriod)
                  2001dab8    00000004     (.common:GlobalLockObj)
                  2001dabc    00000004     (.common:addrSize)
                  2001dac0    00000004     (.common:dist_timer)
                  2001dac4    00000004     (.common:sa)
                  2001dac8    00000004     (.common:ti_sysbios_knl_Task_Instance_State_0_hookEnv__A)
                  2001dacc    00000001     (.common:RxIrqCnt)

.const     0    2001dad0    00000bfb     
                  2001dad0    00000101     rtsv7M4_T_le_eabi.lib : ctype.obj (.const:.string:_ctypes_)
                  2001dbd1    00000001     release_pem4.oem4 (.const:ti_sysbios_knl_Clock_tickMode__C)
                  2001dbd2    00000002     release_pem4.oem4 (.const:ti_sysbios_family_arm_m3_Hwi_Module__id__C)
                  2001dbd4    00000100     driverlib.a : pin.obj (.const:g_ulPinToPadMap)
                  2001dcd4    000000a8                 : prcm.obj (.const:PRCM_PeriphRegsList)
                  2001dd7c    00000078     CC3220S_LAUNCHXL.obj (.const:spiCC3220SDMAHWAttrs)
                  2001ddf4    00000060     simplelink.a : driver.obj (.const:OpcodeTranslateTable)
                  2001de54    00000058                  : driver.obj (.const:_SlActionLookupTable)
                  2001deac    00000048     release_pem4.oem4 (.const:.string)
                  2001def4    00000048     CC3220S_LAUNCHXL.obj (.const:uartCC3220SHWAttrs)
                  2001df3c    00000040     CC3220S_LAUNCHXL.obj (.const:PowerCC32XX_config)
                  2001df7c    0000003c     release_pem4.oem4 (.const:ti_sysbios_knl_Task_Object__PARAMS__C)
                  2001dfb8    00000030     release_pem4.oem4 (.const:ti_sysbios_family_arm_m3_Hwi_Object__PARAMS__C)
                  2001dfe8    00000030     CC3220S_LAUNCHXL.obj (.const:timerCC3220SHWAttrs)
                  2001e018    00000028     drivers_cc32xx.aem4 : UARTCC32XX.oem4 (.const:UARTCC32XX_fxnTable)
                  2001e040    00000028     release_pem4.oem4 (.const:ti_sysbios_heaps_HeapMem_Module__FXNS__C)
                  2001e068    00000024     CC3220S_LAUNCHXL.obj (.const:Timer_config)
                  2001e08c    00000024     drivers_cc32xx.aem4 : UART.oem4 (.const:UART_defaultParams)
                  2001e0b0    00000024     release_pem4.oem4 (.const:ti_sysbios_gates_GateHwi_Module__FXNS__C)
                  2001e0d4    00000024     release_pem4.oem4 (.const:ti_sysbios_gates_GateMutex_Module__FXNS__C)
                  2001e0f8    00000024     release_pem4.oem4 (.const:ti_sysbios_heaps_HeapMem_Object__PARAMS__C)
                  2001e11c    00000024     release_pem4.oem4 (.const:ti_sysbios_knl_Clock_Object__PARAMS__C)
                  2001e140    00000024     release_pem4.oem4 (.const:ti_sysbios_knl_Semaphore_Object__PARAMS__C)
                  2001e164    00000021     drivers_cc32xx.aem4 : GPIOCC32XX.oem4 (.const:.string:pinTable)
                  2001e185    00000001     release_pem4.oem4 (.const:ti_sysbios_knl_Clock_tickSource__C)
                  2001e186    00000002     release_pem4.oem4 (.const:ti_sysbios_family_arm_m3_Timer_Module__id__C)
                  2001e188    00000020     simplelink.a : driver.obj (.const:RxMsgClassLUT)
                  2001e1a8    00000020     drivers_cc32xx.aem4 : SPI.oem4 (.const:SPI_defaultParams)
                  2001e1c8    00000020     simplelink.a : device.obj (.const:StartResponseLUT)
                  2001e1e8    00000020     drivers_cc32xx.aem4 : UARTCC32XX.oem4 (.const:staticFxnTable)
                  2001e208    00000020     release_pem4.oem4 (.const:ti_sysbios_family_arm_m3_Hwi_Object__DESC__C)
                  2001e228    00000020     release_pem4.oem4 (.const:ti_sysbios_gates_GateHwi_Object__DESC__C)
                  2001e248    00000020     release_pem4.oem4 (.const:ti_sysbios_gates_GateMutex_Object__DESC__C)
                  2001e268    00000020     release_pem4.oem4 (.const:ti_sysbios_heaps_HeapMem_Object__DESC__C)
                  2001e288    00000020     release_pem4.oem4 (.const:ti_sysbios_knl_Clock_Object__DESC__C)
                  2001e2a8    00000020     release_pem4.oem4 (.const:ti_sysbios_knl_Queue_Object__DESC__C)
                  2001e2c8    00000020     release_pem4.oem4 (.const:ti_sysbios_knl_Semaphore_Object__DESC__C)
                  2001e2e8    00000020     release_pem4.oem4 (.const:ti_sysbios_knl_Task_Object__DESC__C)
                  2001e308    00000020     release_pem4.oem4 (.const:xdc_runtime_Startup_sfxnTab__A)
                  2001e328    0000001c     drivers_cc32xx.aem4 : TimerCC32XX.oem4 (.const:TimerCC32XX_fxnTable)
                  2001e344    00000018                         : SPICC32XXDMA.oem4 (.const:SPICC32XXDMA_fxnTable)
                  2001e35c    00000018     CC3220S_LAUNCHXL.obj (.const:SPI_config)
                  2001e374    00000018     CC3220S_LAUNCHXL.obj (.const:UART_config)
                  2001e38c    00000018     release_pem4.oem4 (.const:ti_sysbios_gates_GateHwi_Object__PARAMS__C)
                  2001e3a4    00000018     release_pem4.oem4 (.const:ti_sysbios_gates_GateMutex_Object__PARAMS__C)
                  2001e3bc    00000018     release_pem4.oem4 (.const:ti_sysbios_knl_Queue_Object__PARAMS__C)
                  2001e3d4    00000018     release_pem4.oem4 (.const:ti_sysbios_knl_Task_hooks__A)
                  2001e3ec    00000014     simplelink.a : cc_pal.obj (.const:$P$T0$1)
                  2001e400    00000014                  : device.obj (.const:$P$T0$1)
                  2001e414    00000014                  : driver.obj (.const:$P$T0$1)
                  2001e428    00000014     empty.obj (.const:$P$T1$2)
                  2001e43c    00000014     simplelink.a : cc_pal.obj (.const:$P$T1$2)
                  2001e450    00000014     CC3220S_LAUNCHXL.obj (.const:GPIOCC32XX_config)
                  2001e464    00000014     drivers_cc32xx.aem4 : GPIOCC32XX.oem4 (.const:gpioBaseAddresses)
                  2001e478    00000014                         : UARTCC32XX.oem4 (.const:parityType)
                  2001e48c    00000014                         : GPIOCC32XX.oem4 (.const:powerResources)
                  2001e4a0    00000010                         : UARTCC32XX.oem4 (.const:dataLength)
                  2001e4b0    00000010     release_pem4.oem4 (.const:xdc_runtime_Startup_sfxnRts__A)
                  2001e4c0    0000000d     CC3220S_LAUNCHXL.obj (.const)
                  2001e4cd    00000001     release_pem4.oem4 (.const:xdc_runtime_Error_policy__C)
                  2001e4ce    00000002     release_pem4.oem4 (.const:ti_sysbios_heaps_HeapMem_Module__id__C)
                  2001e4d0    0000000c     empty.obj (.const:$P$T2$3)
                  2001e4dc    0000000c     drivers_cc32xx.aem4 : Timer.oem4 (.const:defaultParams)
                  2001e4e8    0000000c                         : SPICC32XXDMA.oem4 (.const:dmaNullConfig)
                  2001e4f4    0000000c                         : SPICC32XXDMA.oem4 (.const:dmaRxConfig)
                  2001e500    0000000c                         : SPICC32XXDMA.oem4 (.const:dmaTxConfig)
                  2001e50c    0000000c     CC3220S_LAUNCHXL.obj (.const:udmaCC3220SHWAttrs)
                  2001e518    0000000c     release_pem4.oem4 (.const:xdc_runtime_Startup_firstFxns__A)
                  2001e524    00000008     empty.obj (.const:$P$T0$1)
                  2001e52c    00000008     CC3220S_LAUNCHXL.obj (.const:UDMACC32XX_config)
                  2001e534    00000008     simplelink.a : driver.obj (.const:g_H2NCnysPattern)
                  2001e53c    00000008                  : driver.obj (.const:g_H2NSyncPattern)
                  2001e544    00000008     drivers_cc32xx.aem4 : SPICC32XXDMA.oem4 (.const:mode)
                  2001e54c    00000008                         : GPIOCC32XX.oem4 (.const:outPinTypes)
                  2001e554    00000008                         : UARTCC32XX.oem4 (.const:stopBits)
                  2001e55c    00000008     release_pem4.oem4 (.const:ti_sysbios_knl_Idle_funcList__A)
                  2001e564    00000008     release_pem4.oem4 (.const:ti_sysbios_knl_Idle_funcList__C)
                  2001e56c    00000008     release_pem4.oem4 (.const:ti_sysbios_knl_Task_hooks__C)
                  2001e574    00000008     release_pem4.oem4 (.const:xdc_runtime_Startup_firstFxns__C)
                  2001e57c    00000008     release_pem4.oem4 (.const:xdc_runtime_Startup_lastFxns__C)
                  2001e584    00000006     drivers_cc32xx.aem4 : GPIOCC32XX.oem4 (.const:.string:interruptType)
                  2001e58a    00000006                         : GPIOCC32XX.oem4 (.const:inPinTypes)
                  2001e590    00000006                         : GPIOCC32XX.oem4 (.const:outPinStrengths)
                  2001e596    00000004     simplelink.a : wlan.obj (.const:$P$T0$1)
                  2001e59a    00000004                  : sl_socket.obj (.const:$P$T2$3)
                  2001e59e    00000004     drivers_cc32xx.aem4 : GPIOCC32XX.oem4 (.const:.string:portInterruptIds)
                  2001e5a2    00000004     simplelink.a : netapp.obj (.const:_SlNetAppSendResponseCmdCtrl)
                  2001e5a6    00000004                  : netapp.obj (.const:_SlNetAppSendTokenValueCmdCtrl)
                  2001e5aa    00000004                  : netcfg.obj (.const:_SlNetCfgSetCmdCtrl)
                  2001e5ae    00000004                  : wlan.obj (.const:_SlPolicySetCmdCtrl)
                  2001e5b2    00000004                  : wlan.obj (.const:_SlProfileDelCmdCtrl)
                  2001e5b6    00000004                  : wlan.obj (.const:_SlProvisioningCmdCtrl)
                  2001e5ba    00000004                  : sl_socket.obj (.const:_SlRecvCmdCtrl)
                  2001e5be    00000004                  : sl_socket.obj (.const:_SlRecvfomCmdCtrl)
                  2001e5c2    00000004                  : netapp.obj (.const:_SlRegisterServiceCtrl)
                  2001e5c6    00000004                  : sl_socket.obj (.const:_SlSelectCmdCtrl)
                  2001e5ca    00000004                  : sl_socket.obj (.const:_SlSendCmdCtrl)
                  2001e5ce    00000004                  : sl_socket.obj (.const:_SlSetSockOptCmdCtrl)
                  2001e5d2    00000004                  : sl_socket.obj (.const:_SlSockCloseCmdCtrl)
                  2001e5d6    00000004                  : sl_socket.obj (.const:_SlSockSocketCmdCtrl)
                  2001e5da    00000004                  : device.obj (.const:_SlStopCmdCtrl)
                  2001e5de    00000004                  : wlan.obj (.const:_SlWlanCfgSetCmdCtrl)
                  2001e5e2    00000004                  : wlan.obj (.const:_SlWlanSetModeCmdCtrl)
                  2001e5e6    00000002     release_pem4.oem4 (.const:ti_sysbios_knl_Task_Module__id__C)
                  2001e5e8    00000004     release_pem4.oem4 (.const:ti_sysbios_family_arm_m3_Hwi_E_alreadyDefined__C)
                  2001e5ec    00000004     release_pem4.oem4 (.const:ti_sysbios_family_arm_m3_Hwi_NUM_INTERRUPTS__C)
                  2001e5f0    00000004     release_pem4.oem4 (.const:ti_sysbios_family_arm_m3_Hwi_Object__count__C)
                  2001e5f4    00000004     release_pem4.oem4 (.const:ti_sysbios_family_arm_m3_Hwi_ccr__C)
                  2001e5f8    00000004     release_pem4.oem4 (.const:ti_sysbios_family_arm_m3_Hwi_excHandlerFunc__C)
                  2001e5fc    00000004     release_pem4.oem4 (.const:ti_sysbios_family_arm_m3_Hwi_nullIsrFunc__C)
                  2001e600    00000004     release_pem4.oem4 (.const:ti_sysbios_family_arm_m3_Hwi_priGroup__C)
                  2001e604    00000004     release_pem4.oem4 (.const:ti_sysbios_family_arm_m3_Hwi_swiDisable__C)
                  2001e608    00000004     release_pem4.oem4 (.const:ti_sysbios_family_arm_m3_Hwi_swiRestoreHwi__C)
                  2001e60c    00000004     release_pem4.oem4 (.const:ti_sysbios_family_arm_m3_TaskSupport_stackAlignment__C)
                  2001e610    00000004     release_pem4.oem4 (.const:ti_sysbios_family_arm_m3_Timer_E_cannotSupport__C)
                  2001e614    00000004     release_pem4.oem4 (.const:ti_sysbios_family_arm_m3_Timer_startupNeeded__C)
[...]
20013ab9  ti_sysbios_gates_GateHwi_leave__E                               
20013ac1  ti_sysbios_heaps_HeapMem_isBlocking__E                          
20013ac9  ti_sysbios_knl_Clock_stop__E                                    
20013ad1  ti_sysbios_knl_Queue_Instance_init__E                           
20013ad9  ti_sysbios_knl_Swi_startup__E                                   
20013ae1  xdc_runtime_System_Module_startup__E                            
20013ae9  ti_sysbios_family_arm_m3_Timer_getMaxTicks__E                   
20013af1  ti_sysbios_gates_GateHwi_query__E                               
20013af1  xdc_runtime_Main_Module_GateProxy_query__E                      
20013af1  xdc_runtime_System_Module_GateProxy_query__E                    
20013af9  ti_sysbios_BIOS_RtsGateProxy_query__E                           
20013af9  ti_sysbios_gates_GateMutex_query__E                             
20013af9  ti_sysbios_heaps_HeapMem_Module_GateProxy_query__E              
20013b01  ti_sysbios_knl_Clock_setTimeout__E                              
20013b09  ti_sysbios_knl_Task_startup__E                                  
20013b11  ti_sysbios_BIOS_linkedWithIncorrectBootLibrary__E               
20013b19  ti_sysbios_gates_GateHwi_Instance_init__E                       
20013b21  ti_sysbios_knl_Clock_logTick__E                                 
20013b29  xdc_runtime_SysCallback_defaultAbort                            
20013b31  xdc_runtime_SysCallback_defaultExit                             
20013b39  xdc_runtime_System_abortSpin__E                                 
20013b41  xdc_runtime_System_exitSpin__E                                  
20013b48  __primary_heap_start__                                          
2001bb48  __primary_heap_end__                                            
2001bc00  parking_CB                                                      
2001cbf4  ChangedBitSt                                                    
2001d000  ti_sysbios_family_arm_m3_Hwi_dispatchTable                      
2001d310  ti_sysbios_knl_Task_Instance_State_0_stack__A                   
2001d510  PowerCC32XX_contextSave                                         
2001d63c  uartCC3220SObjects                                              
2001d744  timerCC3220SObjects                                             
2001d7e0  g_SlInternalSpawnCB                                             
2001d874  spiCC3220SDMAObjects                                            
2001d8fc  Recv_Message                                                    
2001d960  Status_Message                                                  
2001d9c4  uartCC3220SRingBuffer                                           
2001da04  sAddr                                                           
2001da54  DeviceCB                                                        
2001da60  Msg                                                             
2001da6c  ParkingLotSt                                                    
2001da78  ParkingSpaceSt                                                  
2001da84  StatusSt                                                        
2001da90  dist_params                                                     
2001daa0  spiCC3220SDMAscratchBuf                                         
2001daa8  udmaCC3220SObject                                               
2001dab4  ClockP_tickPeriod                                               
2001dab8  GlobalLockObj                                                   
2001dabc  addrSize                                                        
2001dac0  dist_timer                                                      
2001dac4  sa                                                              
2001dac8  ti_sysbios_knl_Task_Instance_State_0_hookEnv__A                 
2001dacc  RxIrqCnt                                                        
2001dad0  _ctypes_                                                        
2001dbd1  ti_sysbios_knl_Clock_tickMode__C                                
2001dbd2  ti_sysbios_family_arm_m3_Hwi_Module__id__C                      
2001dd7c  spiCC3220SDMAHWAttrs                                            
2001ddf4  OpcodeTranslateTable                                            
2001de54  _SlActionLookupTable                                            
2001def4  uartCC3220SHWAttrs                                              
2001df3c  PowerCC32XX_config                                              
2001df7c  ti_sysbios_knl_Task_Object__PARAMS__C                           
2001dfb8  ti_sysbios_family_arm_m3_Hwi_Object__PARAMS__C                  
2001dfe8  timerCC3220SHWAttrs                                             
2001e018  UARTCC32XX_fxnTable                                             
2001e040  ti_sysbios_heaps_HeapMem_Module__FXNS__C                        
2001e068  Timer_config                                                    
2001e08c  UART_defaultParams                                              
2001e0b0  ti_sysbios_gates_GateHwi_Module__FXNS__C                        
2001e0d4  ti_sysbios_gates_GateMutex_Module__FXNS__C                      
2001e0f8  ti_sysbios_heaps_HeapMem_Object__PARAMS__C                      
2001e11c  ti_sysbios_knl_Clock_Object__PARAMS__C                          
2001e140  ti_sysbios_knl_Semaphore_Object__PARAMS__C                      
2001e185  ti_sysbios_knl_Clock_tickSource__C                              
2001e186  ti_sysbios_family_arm_m3_Timer_Module__id__C                    
2001e1a8  SPI_defaultParams                                               
2001e208  ti_sysbios_family_arm_m3_Hwi_Object__DESC__C                    
2001e228  ti_sysbios_gates_GateHwi_Object__DESC__C                        
2001e248  ti_sysbios_gates_GateMutex_Object__DESC__C                      
2001e268  ti_sysbios_heaps_HeapMem_Object__DESC__C                        
2001e288  ti_sysbios_knl_Clock_Object__DESC__C                            
2001e2a8  ti_sysbios_knl_Queue_Object__DESC__C                            
2001e2c8  ti_sysbios_knl_Semaphore_Object__DESC__C                        
2001e2e8  ti_sysbios_knl_Task_Object__DESC__C                             
2001e308  xdc_runtime_Startup_sfxnTab__A                                  
2001e328  TimerCC32XX_fxnTable                                            
2001e344  SPICC32XXDMA_fxnTable                                           
2001e35c  SPI_config                                                      
2001e374  UART_config                                                     
2001e38c  ti_sysbios_gates_GateHwi_Object__PARAMS__C                      
2001e3a4  ti_sysbios_gates_GateMutex_Object__PARAMS__C                    
2001e3bc  ti_sysbios_knl_Queue_Object__PARAMS__C                          
2001e3d4  ti_sysbios_knl_Task_hooks__A                                    
2001e450  GPIOCC32XX_config                                               
2001e4b0  xdc_runtime_Startup_sfxnRts__A                                  
2001e4c0  ADC_count                                                       
2001e4c1  Capture_count                                                   
2001e4c2  CryptoCC32XX_count                                              
2001e4c3  Display_count                                                   
2001e4c4  I2C_count                                                       
2001e4c5  I2S_count                                                       
2001e4c6  PWM_count                                                       
2001e4c7  SDFatFS_count                                                   
2001e4c8  SD_count                                                        
2001e4c9  SPI_count                                                       
2001e4ca  Timer_count                                                     
2001e4cb  UART_count                                                      
2001e4cc  Watchdog_count                                                  
2001e4cd  xdc_runtime_Error_policy__C                                     
2001e4ce  ti_sysbios_heaps_HeapMem_Module__id__C                          
2001e50c  udmaCC3220SHWAttrs                                              
2001e518  xdc_runtime_Startup_firstFxns__A                                
2001e52c  UDMACC32XX_config                                               
2001e54c  outPinTypes                                                     
2001e55c  ti_sysbios_knl_Idle_funcList__A                                 
2001e564  ti_sysbios_knl_Idle_funcList__C                                 
2001e56c  ti_sysbios_knl_Task_hooks__C                                    
2001e574  xdc_runtime_Startup_firstFxns__C                                
2001e57c  xdc_runtime_Startup_lastFxns__C                                 
2001e58a  inPinTypes                                                      
2001e590  outPinStrengths                                                 
2001e5a2  _SlNetAppSendResponseCmdCtrl                                    
2001e5a6  _SlNetAppSendTokenValueCmdCtrl                                  
2001e5b6  _SlProvisioningCmdCtrl                                          
2001e5e6  ti_sysbios_knl_Task_Module__id__C                               
2001e5e8  ti_sysbios_family_arm_m3_Hwi_E_alreadyDefined__C                
2001e5ec  ti_sysbios_family_arm_m3_Hwi_NUM_INTERRUPTS__C                  
2001e5f0  ti_sysbios_family_arm_m3_Hwi_Object__count__C                   
2001e5f4  ti_sysbios_family_arm_m3_Hwi_ccr__C                             
2001e5f8  ti_sysbios_family_arm_m3_Hwi_excHandlerFunc__C                  
2001e5fc  ti_sysbios_family_arm_m3_Hwi_nullIsrFunc__C                     
2001e600  ti_sysbios_family_arm_m3_Hwi_priGroup__C                        
2001e604  ti_sysbios_family_arm_m3_Hwi_swiDisable__C                      
2001e608  ti_sysbios_family_arm_m3_Hwi_swiRestoreHwi__C                   
2001e60c  ti_sysbios_family_arm_m3_TaskSupport_stackAlignment__C          
2001e610  ti_sysbios_family_arm_m3_Timer_E_cannotSupport__C               
2001e614  ti_sysbios_family_arm_m3_Timer_startupNeeded__C                 
2001e618  ti_sysbios_gates_GateMutex_Instance_State_sem__O                
2001e61c  ti_sysbios_heaps_HeapMem_E_memory__C                            
2001e620  ti_sysbios_heaps_HeapMem_Module__gateObj__C                     
2001e624  ti_sysbios_heaps_HeapMem_Object__count__C                       
2001e628  ti_sysbios_heaps_HeapMem_primaryHeapBaseAddr__C                 
2001e62c  ti_sysbios_heaps_HeapMem_primaryHeapEndAddr__C                  
2001e630  ti_sysbios_heaps_HeapMem_reqAlign__C                            
2001e634  ti_sysbios_knl_Clock_Module_State_clockQ__O                     
2001e638  ti_sysbios_knl_Clock_tickPeriod__C                              
2001e63c  ti_sysbios_knl_Mailbox_Instance_State_freeQue__O                
2001e640  ti_sysbios_knl_Mailbox_Object__count__C                         
2001e644  ti_sysbios_knl_Mailbox_maxTypeAlign__C                          
2001e648  ti_sysbios_knl_Semaphore_Instance_State_pendQ__O                
2001e64c  ti_sysbios_knl_Swi_Object__count__C                             
2001e650  ti_sysbios_knl_Task_E_deleteNotAllowed__C                       
2001e654  ti_sysbios_knl_Task_Module_State_inactiveQ__O                   
2001e658  ti_sysbios_knl_Task_Module_State_terminatedQ__O                 
2001e65c  ti_sysbios_knl_Task_Object__count__C                            
2001e660  ti_sysbios_knl_Task_Object__heap__C                             
2001e664  ti_sysbios_knl_Task_allBlockedFunc__C                           
2001e668  ti_sysbios_knl_Task_defaultStackHeap__C                         
2001e66c  ti_sysbios_knl_Task_defaultStackSize__C                         
2001e670  ti_sysbios_knl_Task_numConstructedTasks__C                      
2001e674  xdc_runtime_Error_E_memory__C                                   
2001e678  xdc_runtime_Error_policyFxn__C                                  
2001e67c  xdc_runtime_IGateProvider_Interface__BASE__C                    
2001e680  xdc_runtime_IHeap_Interface__BASE__C                            
2001e684  xdc_runtime_IModule_Interface__BASE__C                          
2001e688  xdc_runtime_Memory_defaultHeapInstance__C                       
2001e68c  xdc_runtime_Startup_execImpl__C                                 
2001e690  xdc_runtime_Startup_maxPasses__C                                
2001e694  xdc_runtime_Startup_sfxnRts__C                                  
2001e698  xdc_runtime_Startup_sfxnTab__C                                  
2001e69c  xdc_runtime_SysCallback_abortFxn__C                             
2001e6a0  xdc_runtime_SysCallback_exitFxn__C                              
2001e6a4  xdc_runtime_System_Module__gateObj__C                           
2001e6a8  xdc_runtime_System_abortFxn__C                                  
2001e6ac  xdc_runtime_System_exitFxn__C                                   
2001e6b0  xdc_runtime_System_maxAtexitHandlers__C                         
2001e6b4  xdc_runtime_Text_charTab__C                                     
2001e6b8  xdc_runtime_Text_nameEmpty__C                                   
2001e6bc  xdc_runtime_Text_nameStatic__C                                  
2001e6c0  xdc_runtime_Text_nameUnknown__C                                 
2001e6c4  xdc_runtime_Memory_Module__id__C                                
2001e6c6  xdc_runtime_Text_charCnt__C                                     
2001e6c8  xdc_runtime_Text_isLoaded__C                                    
2001e6ca  xdc_runtime_Text_charTab__A                                     
2001e6cc  PowerCC32XX_module                                              
2001e838  parkInfo                                                        
2001e930  ti_sysbios_knl_Swi_Module_State_0_readyQ__A                     
2001e9b0  ti_sysbios_knl_Task_Module_State_0_readyQ__A                    
2001eaa4  ZeroHour                                                        
2001eaa8  Echo_Echo                                                       
2001eaac  Echo_1                                                          
2001eab0  DistTime                                                        
2001eab4  Echo_Beg                                                        
2001eab8  Echo_End                                                        
2001eabc  ans                                                             
2001eac0  BTcount                                                         
2001eac4  break_it                                                        
2001eac8  i                                                               
2001eacc  msgFlag                                                         
2001ead0  sock                                                            
2001ead4  nb                                                              
2001ead8  sendFlag                                                        
2001eadc  powerFlag                                                       
2001eae0  greenCount                                                      
2001eae4  two_runs                                                        
2001eae8  safety_mode                                                     
2001eaec  gSpawn_thread                                                   
2001eaf0  ti_sysbios_knl_Task_Object__table__V                            
2001eb3c  ti_sysbios_knl_Task_Module__state__V                            
2001eb80  gpioPinConfigs                                                  
2001ebc0  ti_sysbios_gates_GateMutex_Object__table__V                     
2001ebf8  ti_sysbios_family_arm_m3_Hwi_Module__state__V                   
2001ec2c  ti_sysbios_family_arm_m3_Timer_Object__table__V                 
2001ec5c  ti_sysbios_knl_Swi_Object__table__V                             
2001ec8c  ti_sysbios_knl_Clock_Module__state__V                           
2001ecb8  g_LibsEvents                                                    
2001ecdc  g_UserEvents                                                    
2001ed00  ti_sysbios_BIOS_Module__state__V                                
2001ed24  xdc_runtime_Error_IgnoreBlock                                   
2001ed44  ti_sysbios_knl_Swi_Module__state__V                             
2001ed60  ti_sysbios_family_arm_m3_Hwi_Object__table__V                   
2001ed78  ti_sysbios_heaps_HeapMem_Object__table__V                       
2001ed90  gGlobalLockCntRequested                                         
2001ed91  gGlobalLockCntReleased                                          
2001ed92  g_SlDeviceStatus                                                
2001ed94  g_pCB                                                           
2001ed98  pPingCallBackFunc                                               
2001ed9c  ti_sysbios_family_arm_m3_Timer_Module__state__V                 
2001edb1  lineBreak                                                       
2001edb4  _lock                                                           
2001edb8  _unlock                                                         
2001edc4  gpioCallbackFunctions                                           
2001edcc  ti_sysbios_family_arm_m3_Hwi_Module__root__V                    
2001edd4  ti_sysbios_gates_GateHwi_Module__root__V                        
2001eddc  ti_sysbios_gates_GateMutex_Module__root__V                      
2001ede4  ti_sysbios_heaps_HeapMem_Module__root__V                        
2001edec  ti_sysbios_knl_Clock_Module__root__V                            
2001edf4  ti_sysbios_knl_Queue_Module__root__V                            
2001edfc  ti_sysbios_knl_Semaphore_Module__root__V                        
2001ee04  ti_sysbios_knl_Task_Module__root__V                             
2001ee0c  xdc_runtime_Startup_Module__state__V                            
2001ee14  xdc_runtime_System_Module_State_0_atexitHandlers__A             
2001ee1c  xdc_runtime_System_Module__state__V                             
2001ee24  errno                                                           
2001ee28  main_func_sp                                                    
2001ee2c  g_intHandle                                                     
2001ee30  ti_sysbios_family_arm_m3_Hwi_Module_State_0_excContext__A       
2001ee34  ti_sysbios_family_arm_m3_Hwi_Module_State_0_excStack__A         
2001ee38  ti_sysbios_gates_GateHwi_Object__table__V                       
2001ee3c  ti_sysbios_knl_Task_Module_State_0_idleTask__A                  
2001ee40  ti_sysbios_rts_ti_ReentSupport_Module__state__V                 
2001ee44  xdc_runtime_Memory_Module__state__V                             
2001ee48  ti_sysbios_family_arm_m3_Hwi_Module_State_0_excActive__A        
2001ee50  __TI_static_base__                                              
2001f0b4  __TI_Handler_Table_Base                                         
2001f0c0  __TI_Handler_Table_Limit                                        
2001f0c8  __TI_CINIT_Base                                                 
2001f0d8  __TI_CINIT_Limit                                                
e000e000  ti_sysbios_family_arm_m3_Hwi_nvic                               
ffffffff  __TI_pprof_out_hndl                                             
ffffffff  __TI_prof_data_size                                             
ffffffff  __TI_prof_data_start                                            
ffffffff  __binit__                                                       
ffffffff  __c_args__                                                      
ffffffff  binit                                                           
UNDEFED   SHT$$INIT_ARRAY$$Base                                           
UNDEFED   SHT$$INIT_ARRAY$$Limit                                          

[834 symbols]
