******************************************************************************
                  TI ARM Linker PC v16.9.6                     
******************************************************************************
>> Linked Wed Mar 21 16:08:53 2018

OUTPUT FILE NAME:   <serial_wifi_CC3220S_LAUNCHXL_tirtos_ccs.out>
ENTRY POINT SYMBOL: "_c_int00"  address: 2001d1f5


MEMORY CONFIGURATION

         name            origin    length      used     unused   attr    fill
----------------------  --------  ---------  --------  --------  ----  --------
  SRAM0                 20000000   00004000  0000070c  000038f4  RW X
  SRAM                  20004000   0003c000  0002bb90  00010470  RW X


SEGMENT ALLOCATION MAP

run origin  load origin   length   init length attrs members
----------  ----------- ---------- ----------- ----- -------
20003c00    20003c00    00000400   00000000    rw-
  20003c00    20003c00    00000400   00000000    rw- .stack
20004000    20004000    00023db0   0001bdaa    r-x
  20004000    20004000    0000003c   0000003c    r-- .resetVecs
  20004040    20004040    0001bd6a   0001bd6a    r-x .text
  2001fdb0    2001fdb0    00008000   00000000    r-- .priheap
20027db0    20027db0    00002434   00000000    rw-
  20027db0    20027db0    00002434   00000000    rw- .data
2002a1e4    2002a1e4    000023c1   000023c1    r--
  2002a1e4    2002a1e4    000023c1   000023c1    r-- .const
2002c800    2002c800    00002355   00000000    rw-
  2002c800    2002c800    00002355   00000000    rw- .bss
2002eb58    2002eb58    000012a0   000012a0    r--
  2002eb58    2002eb58    000012a0   000012a0    r-- .cinit


SECTION ALLOCATION MAP

 output                                  attributes/
section   page    origin      length       input sections
--------  ----  ----------  ----------   ----------------
.vecs      0    20000000    0000030c     NOLOAD SECTION
                  20000000    0000030c     release_pem4.oem4 (.vecs)

.stack     0    20003c00    00000400     UNINITIALIZED
                  20003c00    00000400     --HOLE--

.resetVecs 
*          0    20004000    0000003c     
                  20004000    0000003c     release_pem4.oem4 (.resetVecs)

.text      0    20004040    0001bd6a     
                  20004040    00001122     rtsv7M4_T_le_eabi.lib : _printfi.obj (.text)
                  20005162    00000002     drivers_cc32xx.aem4 : UARTCC32XX.oem4 (.text:UARTCC32XX_init)
                  20005164    00000880     simplelink.a : driver.obj (.text:_SlDrvMsgRead)
                  200059e4    00000750     serial_wifi.obj (.text:SerialWifi_connectProcess)
                  20006134    00000610     atcmd.a : atcmd_wlan.obj (.text:ATCmdWlan_setParse)
                  20006744    00000570             : atcmd_netapp.obj (.text:ATCmdNetapp_setParse)
                  20006cb4    000004f8             : atcmd_socket.obj (.text:ATCmdSock_setSockOptParse)
                  200071ac    000004b8             : atcmd_netutil.obj (.text:ATCmdNetUtil_cmdParse)
                  20007664    00000498             : atcmd_netcfg.obj (.text:ATCmdNetcfg_setParse)
                  20007afc    0000042c     driverlib.a : prcm.obj (.text:PRCMCC3200MCUInit)
                  20007f28    0000040c     simplelink.a : sl_socket.obj (.text:_SlSocketHandleAsync_Select)
                  20008334    000003b8     atcmd.a : atcmd_wlan.obj (.text:ATCmdWlan_getResult)
                  200086ec    00000384     simplelink.a : driver.obj (.text:_SlDrvMsgWrite)
                  20008a70    00000364     atcmd.a : atcmd_netcfg.obj (.text:ATCmdNetcfg_getResult)
                  20008dd4    0000032c             : atcmd_event.obj (.text:ATCmdEvent_wlanCallback)
                  20009100    00000324     serial_wifi.obj (.text:SerialWifi_startTcpServer)
                  20009424    000002d8     simplelink.a : driver.obj (.text:_SlDrvRxHdrRead)
                  200096fc    000002b0                  : wlan.obj (.text:sl_WlanProfileAdd)
                  200099ac    00000298     serial_wifi.obj (.text:SerialWifi_displayBanner)
                  20009c44    0000027c     simplelink.a : wlan.obj (.text:sl_WlanConnect)
                  20009ec0    00000274     atcmd.a : atcmd_socket.obj (.text:ATCmdSock_getSockOptResult)
                  2000a134    00000270     drivers_cc32xx.aem4 : UARTCC32XX.oem4 (.text:UARTCC32XX_open)
                  2000a3a4    00000254     simplelink.a : sl_socket.obj (.text:sl_Select)
                  2000a5f8    00000244     atcmd.a : atcmd_event.obj (.text:ATCmdEvent_netappCallback)
                  2000a83c    0000023c             : atcmd_netapp.obj (.text:ATCmdNetapp_getResult)
                  2000aa78    00000238             : atcmd_netapp.obj (.text:ATCmdNetapp_getServiceListResult)
                  2000acb0    00000224             : atcmd_netapp.obj (.text:ATCmdNetapp_getParse)
                  2000aed4    00000220             : atcmd_device.obj (.text:ATCmdDev_getResult)
                  2000b0f4    00000208     simplelink.a : driver.obj (.text:_SlDrvDriverCBInit)
                  2000b2fc    000001fc                  : driver.obj (.text:_SlDrvDataReadOp)
                  2000b4f8    000001f4     atcmd.a : atcmd_wlan.obj (.text:ATCmdWlan_policySetParse)
                  2000b6ec    000001f4     rtsv7M4_T_le_eabi.lib : ull_div_t2.obj (.text)
                  2000b8e0    000001f2     simplelink.a : netapp.obj (.text:_SlNetAppEventHandler)
                  2000bad2    00000002     release_pem4.oem4 (.text:ti_sysbios_BIOS_nullFunc__I)
                  2000bad4    000001f0     atcmd.a : atcmd_wlan.obj (.text:ATCmdWlan_getParse)
                  2000bcc4    000001dc     simplelink.a : netapp.obj (.text:sl_NetAppPing)
                  2000bea0    000001d8                  : driver.obj (.text:_SlDrvReleasePoolObj)
                  2000c078    000001d0     drivers_cc32xx.aem4 : SPICC32XXDMA.oem4 (.text:SPICC32XXDMA_transfer)
                  2000c248    000001cc                         : GPIOCC32XX.oem4 (.text:GPIO_setConfig)
                  2000c414    000001c4     rtsv7M4_T_le_eabi.lib : fopen.obj (.text)
                  2000c5d8    000001c0     atcmd.a : atcmd_socket.obj (.text:ATCmdSock_getSockOptParse)
                  2000c798    000001bf     net_utils.a : str_mpl.obj (.text:StrMpl_setVal)
                  2000c957    00000001     --HOLE-- [fill = 0]
                  2000c958    000001bc     simplelink.a : driver.obj (.text:_SlDrvMsgReadCmdCtx)
                  2000cb14    000001bc                  : sl_socket.obj (.text:sl_Accept)
                  2000ccd0    000001b8     dpl_cc32xx.aem4 : PowerCC32XX_tirtos.oem4 (.text:PowerCC32XX_sleepPolicy)
                  2000ce88    000001b6     rtsv7M4_T_le_eabi.lib : fd_add_t2.obj (.text)
                  2000d03e    00000002     release_pem4.oem4 (.text:xdc_runtime_Startup_reset__I)
                  2000d040    000001a4     atcmd.a : atcmd_file.obj (.text:ATCmdFile_ctlParse)
                  2000d1e4    0000019c     simplelink.a : driver.obj (.text:_SlDrvWaitForPoolObj)
                  2000d380    00000198     serial_wifi.obj (.text:SerialWifi_initDevice)
                  2000d518    00000194     sysbios.aem4 : BIOS.obj (.text:mq_open)
                  2000d6ac    0000018c     atcmd.a : atcmd_wlan.obj (.text:ATCmdWlan_profileAddParse)
                  2000d838    0000018c     simplelink.a : sl_socket.obj (.text:sl_Connect)
                  2000d9c4    00000180                  : driver.obj (.text:_SlDrvDataWriteOp)
                  2000db44    00000180     drivers_cc32xx.aem4 : SPICC32XXDMA.oem4 (.text:configDMA)
                  2000dcc4    0000017c     simplelink.a : spawn.obj (.text:_SlInternalSpawnTaskEntry)
                  2000de40    00000178     atcmd.a : atcmd_socket.obj (.text:ATCmdSock_parse)
                  2000dfb8    00000174     simplelink.a : driver.obj (.text:_SlDrvFindAndSetActiveObj)
                  2000e12c    00000170     atcmd.a : atcmd_device.obj (.text:ATCmdDev_setParse)
                  2000e29c    00000170             : atcmd_wlan.obj (.text:ATCmdWlan_connectParse)
                  2000e40c    0000016c     simplelink.a : device.obj (.text:sl_Stop)
                  2000e578    00000168                  : fs.obj (.text:sl_FsCtl)
                  2000e6e0    00000160     atcmd.a : atcmd.obj (.text:ATCmd_send)
                  2000e840    0000015c     net_utils.a : map_util.obj (.text:Map_Insert)
                  2000e99c    00000158     drivers_cc32xx.aem4 : SPICC32XXDMA.oem4 (.text:SPICC32XXDMA_open)
                  2000eaf4    00000154     simplelink.a : sl_socket.obj (.text:sl_RecvFrom)
                  2000ec48    00000154     sysbios.aem4 : BIOS.obj (.text:ti_sysbios_knl_Task_Instance_finalize__E)
                  2000ed9c    00000150     net_utils.a : str_mpl.obj (.text:StrMpl_decodeBase64)
                  2000eeec    00000150     simplelink.a : driver.obj (.text:_SlDrvDriverCBDeinit)
                  2000f03c    00000150     drivers_cc32xx.aem4 : PowerCC32XX.oem4 (.text:parkPins)
                  2000f18c    0000014a     net_utils.a : map_util.obj (.text:Map_GetValue)
                  2000f2d6    00000002     --HOLE-- [fill = 0]
                  2000f2d8    00000148     atcmd.a : atcmd_netapp.obj (.text:ATCmdNetapp_pingParse)
                  2000f420    00000140             : atcmd_device.obj (.text:ATCmdDev_getParse)
                  2000f560    00000140             : atcmd_wlan.obj (.text:ATCmdWlan_policyGetResult)
                  2000f6a0    00000140             : atcmd_wlan.obj (.text:ATCmdWlan_scanCallback)
                  2000f7e0    0000013c     simplelink.a : sl_socket.obj (.text:_SlDrvRegisterForSelectAsync)
                  2000f91c    00000138     atcmd.a : atcmd_file.obj (.text:ATCmdFile_getFileListCallback)
                  2000fa54    00000138     simplelink.a : driver.obj (.text:_SlDrvAsyncEventGenericHandler)
                  2000fb8c    00000136     rtsv7M4_T_le_eabi.lib : fd_div_t2.obj (.text)
                  2000fcc2    00000002     --HOLE-- [fill = 0]
                  2000fcc4    00000134                           : fputs.obj (.text)
                  2000fdf8    00000134     simplelink.a : netapp.obj (.text:sl_NetAppDnsGetHostByName)
                  2000ff2c    00000130                  : sl_socket.obj (.text:_SlDrvGetNextTimeoutValue)
                  2001005c    00000004     dpl_cc32xx.aem4 : ClockP_tirtos.oem4 (.text:ClockP_getCpuFreq)
                  20010060    00000130     sysbios.aem4 : BIOS.obj (.text:ti_sysbios_knl_Semaphore_pend__E)
                  20010190    0000012c     net_utils.a : str_mpl.obj (.text:StrMpl_encodeBase64)
                  200102bc    00000128     atcmd.a : atcmd_wlan.obj (.text:ATCmdWlan_scanResult)
                  200103e4    00000128     simplelink.a : driver.obj (.text:_SlDrvClassifyRxMsg)
                  2001050c    00000124     atcmd.a : atcmd_file.obj (.text:ATCmdFile_ctlResult)
                  20010630    00000124     simplelink.a : fs.obj (.text:sl_FsOpen)
                  20010754    00000124                  : device.obj (.text:sl_Start)
                  20010878    00000120     atcmd.a : atcmd_wlan.obj (.text:ATCmdWlan_profileGetResult)
                  20010998    00000120     drivers_cc32xx.aem4 : UARTCC32XX.oem4 (.text:UARTCC32XX_close)
                  20010ab8    0000011c     atcmd.a : atcmd_socket.obj (.text:ATCmdSock_acceptResult)
                  20010bd4    0000011c     simplelink.a : wlan.obj (.text:sl_WlanProfileGet)
                  20010cf0    0000011c     sysbios.aem4 : BIOS.obj (.text:xdc_runtime_Startup_startMods__I)
                  20010e0c    00000118     drivers_cc32xx.aem4 : PowerCC32XX.oem4 (.text:Power_sleep)
                  20010f24    00000118     net_utils.a : str_mpl.obj (.text:StrMpl_getArrayBitVal)
                  2001103c    00000114     simplelink.a : netapp.obj (.text:_SlNetAppHandleAsync_DnsGetHostByService)
                  20011150    00000114     rtsv7M4_T_le_eabi.lib : strtoul.obj (.text)
                  20011264    00000110     atcmd.a : atcmd.obj (.text:ATCmd_create)
                  20011374    00000110     simplelink.a : netapp.obj (.text:sl_NetAppDnsGetHostByService)
                  20011484    00000004     dpl_cc32xx.aem4 : ClockP_tirtos.oem4 (.text:ClockP_setTimeout)
                  20011488    00000110     sysbios.aem4 : BIOS.obj (.text:ti_sysbios_knl_Task_postInit__I)
                  20011598    0000010d     net_utils.a : map_util.obj (.text:Map_ComapreString)
                  200116a5    00000003     --HOLE-- [fill = 0]
                  200116a8    0000010c     simplelink.a : driver.obj (.text:_SlDrvMsgReadSpawnCtx)
                  200117b4    0000010c     serial_wifi.obj (.text:mainThread)
                  200118c0    0000010c     simplelink.a : sl_socket.obj (.text:sl_Close)
                  200119cc    0000010a     net_utils.a : str_mpl.obj (.text:StrMpl_getBitmaskListVal)
                  20011ad6    00000002     --HOLE-- [fill = 0]
                  20011ad8    00000108     atcmd.a : atcmd_netapp.obj (.text:ATCmdNetapp_getServiceListCallback)
                  20011be0    00000104             : atcmd_netapp.obj (.text:ATCmdNetapp_sendParse)
                  20011ce4    00000104             : atcmd.obj (.text:ATCmd_blockedCmd)
                  20011de8    00000104     simplelink.a : device.obj (.text:_SlDeviceEventHandler)
                  20011eec    00000104                  : driver.obj (.text:_SlDrvCmdOp)
                  20011ff0    00000104                  : driver.obj (.text:_SlDrvObjGlobalLockWaitForever)
                  200120f4    00000104                  : fs.obj (.text:sl_FsRead)
                  200121f8    00000104                  : netutil.obj (.text:sl_NetUtilCmd)
                  200122fc    00000100                  : fs.obj (.text:sl_FsWrite)
                  200123fc    000000fc     net_utils.a : str_mpl.obj (.text:StrMpl_setArrayBitVal)
                  200124f8    000000fc                 : str_mpl.obj (.text:StrMpl_setBitmaskListStr)
                  200125f4    000000fc     rtsv7M4_T_le_eabi.lib : fd_mul_t2.obj (.text)
                  200126f0    000000f8     serial_wifi.obj (.text:SerialWifi_forwardData)
                  200127e8    000000f8     simplelink.a : fs.obj (.text:sl_FsGetInfo)
                  200128e0    000000f5     net_utils.a : str_mpl.obj (.text:StrMpl_setListStr)
                  200129d5    00000003     --HOLE-- [fill = 0]
                  200129d8    000000f4     simplelink.a : sl_socket.obj (.text:sl_SendTo)
                  20012acc    000000f2     drivers_cc32xx.aem4 : SPICC32XXDMA.oem4 (.text:SPICC32XXDMA_transferCancel)
                  20012bbe    000000f2     net_utils.a : str_mpl.obj (.text:StrMpl_excludeMarks)
                  20012cb0    000000f0     atcmd.a : atcmd_socket.obj (.text:ATCmdSock_connectResult)
                  20012da0    000000f0     simplelink.a : netapp.obj (.text:sl_NetAppRecv)
                  20012e90    000000ee     drivers_cc32xx.aem4 : UARTCC32XX.oem4 (.text:UARTCC32XX_control)
                  20012f7e    00000002     --HOLE-- [fill = 0]
                  20012f80    000000ec     sysbios.aem4 : BIOS.obj (.text:pthread_create)
                  2001306c    00000004     dpl_cc32xx.aem4 : ClockP_tirtos.oem4 (.text:ClockP_start)
                  20013070    000000ec     sysbios.aem4 : BIOS.obj (.text:ti_sysbios_knl_Task_Instance_init__E)
                  2001315c    000000e6     net_utils.a : str_mpl.obj (.text:StrMpl_rmspc)
                  20013242    000000e4     atcmd.a : atcmd_file.obj (.text:ATCmdFile_writeParse)
                  20013326    00000002     --HOLE-- [fill = 0]
                  20013328    000000e4             : atcmd_netapp.obj (.text:ATCmdNetapp_getHostByServiceCallback)
                  2001340c    000000e4     serial_wifi.obj (.text:SerialWifi_wlanEventHandler)
                  200134f0    000000dc     atcmd.a : atcmd_file.obj (.text:ATCmdFile_ctlCallback)
                  200135cc    000000dc     rtsv7M4_T_le_eabi.lib : setvbuf.obj (.text)
                  200136a8    000000da     atcmd.a : atcmd_socket.obj (.text:ATCmdSock_sendParse)
                  20013782    000000da             : atcmd_socket.obj (.text:ATCmdSock_sendToParse)
                  2001385c    000000d8             : atcmd_wlan.obj (.text:ATCmdWlan_profileAddCallback)
                  20013934    000000d8     uart_term.obj (.text:GetCmd)
                  20013a0c    000000d8     simplelink.a : netapp.obj (.text:_SlNetAppHandleAsync_NetAppReceive)
                  20013ae4    00000004     dpl_cc32xx.aem4 : ClockP_tirtos.oem4 (.text:ClockP_stop)
                  20013ae8    000000d8     sysbios.aem4 : BIOS.obj (.text:ti_sysbios_knl_Mailbox_Instance_init__E)
                  20013bc0    000000d6     net_utils.a : str_mpl.obj (.text:StrMpl_getArrayListVal)
                  20013c96    000000d6                 : str_mpl.obj (.text:StrMpl_setArrayListStr)
                  20013d6c    000000d4     atcmd.a : atcmd_netcfg.obj (.text:ATCmdNetcfg_getParse)
                  20013e40    000000d2     net_utils.a : str_mpl.obj (.text:StrMpl_getArrayVal)
                  20013f12    00000002     --HOLE-- [fill = 0]
                  20013f14    000000d0     atcmd.a : atcmd_netutil.obj (.text:ATCmdNetUtil_cmdCallback)
                  20013fe4    000000d0     drivers_cc32xx.aem4 : SPICC32XXDMA.oem4 (.text:SPICC32XXDMA_close)
                  200140b4    000000d0     simplelink.a : netapp.obj (.text:_SlNetAppMDNSRegisterUnregisterService)
                  20014184    000000d0     rtsv7M4_T_le_eabi.lib : s_scalbn.obj (.text)
                  20014254    000000d0     simplelink.a : netapp.obj (.text:sl_NetAppGetServiceList)
                  20014324    00000004     dpl_cc32xx.aem4 : HwiP_tirtos.oem4 (.text:HwiP_clearInterrupt)
                  20014328    000000d0     sysbios.aem4 : BIOS.obj (.text:ti_sysbios_heaps_HeapMem_alloc__E)
                  200143f8    000000cc     atcmd.a : atcmd_file.obj (.text:ATCmdFile_readCallback)
                  200144c4    000000cc             : atcmd_wlan.obj (.text:ATCmdWlan_provisioningParse)
                  20014590    000000cc     sysbios.aem4 : m3_Hwi_asm.obj (.text:ti_sysbios_family_arm_m3_Hwi_dispatch__I)
                  2001465c    000000c8     atcmd.a : atcmd_netapp.obj (.text:ATCmdNetapp_registerServiceParse)
                  20014724    000000c8     rtsv7M4_T_le_eabi.lib : fflush.obj (.text)
                  200147ec    000000c8     drivers_cc32xx.aem4 : SPICC32XXDMA.oem4 (.text:spiHwiFxn)
                  200148b4    000000c4     atcmd.a : atcmd_socket.obj (.text:ATCmdSock_recvFromCallback)
                  20014978    000000c4     drivers_cc32xx.aem4 : GPIOCC32XX.oem4 (.text:GPIO_init)
                  20014a3c    000000c4     simplelink.a : driver.obj (.text:_SlDrvRemoveFromList)
                  20014b00    000000c4     sysbios.aem4 : BIOS.obj (.text:ti_sysbios_knl_Task_sleep__E)
                  20014bc4    000000c0     atcmd.a : atcmd_event.obj (.text:ATCmdEvent_sockCallback)
                  20014c84    000000c0             : atcmd_wlan.obj (.text:ATCmdWlan_connectCallback)
                  20014d44    000000c0     simplelink.a : cc_pal.obj (.text:NwpPowerOff)
                  20014e04    000000c0     net_utils.a : str_mpl.obj (.text:StrMpl_setArrayVal)
                  20014ec4    000000c0     drivers_cc32xx.aem4 : UARTCC32XX.oem4 (.text:UARTCC32XX_write)
                  20014f84    000000c0     simplelink.a : spawn.obj (.text:_SlInternalSpawn)
                  20015044    000000c0                  : netcfg.obj (.text:sl_NetCfgGet)
                  20015104    000000bc     atcmd.a : atcmd_netcfg.obj (.text:ATCmdNetcfg_getCallback)
                  200151c0    000000bc             : atcmd_wlan.obj (.text:ATCmdWlan_profileGetCallback)
                  2001527c    000000bc     simplelink.a : netapp.obj (.text:_SlNetAppSendResponse)
                  20015338    000000bc     rtsv7M4_T_le_eabi.lib : open.obj (.text)
                  200153f4    000000bc     simplelink.a : sl_socket.obj (.text:sl_Send)
                  200154b0    000000bc                  : wlan.obj (.text:sl_WlanProvisioning)
                  2001556c    00000004     dpl_cc32xx.aem4 : HwiP_tirtos.oem4 (.text:HwiP_disable)
                  20015570    000000bc     sysbios.aem4 : BIOS.obj (.text:xdc_runtime_Core_createObject__I)
                  2001562c    000000b8     atcmd.a : atcmd_file.obj (.text:ATCmdFile_openCallback)
                  200156e4    000000b8             : atcmd_wlan.obj (.text:ATCmdWlan_policyGetCallback)
                  2001579c    000000b8     drivers_cc32xx.aem4 : UARTCC32XX.oem4 (.text:initHw)
                  20015854    000000b8                         : UARTCC32XX.oem4 (.text:readIsrTextBlocking)
                  2001590c    000000b8     simplelink.a : device.obj (.text:sl_DeviceGet)
                  200159c4    000000b8                  : wlan.obj (.text:sl_WlanGet)
                  20015a7c    00000004     dpl_cc32xx.aem4 : HwiP_tirtos.oem4 (.text:HwiP_disableInterrupt)
                  20015a80    000000b8     sysbios.aem4 : BIOS.obj (.text:ti_sysbios_knl_Task_exit__E)
                  20015b38    000000b4     atcmd.a : atcmd_event.obj (.text:ATCmdEvent_fatalErrorCallback)
                  20015bec    000000b4             : atcmd_socket.obj (.text:ATCmdSock_recvCallback)
                  20015ca0    000000b4     drivers_cc32xx.aem4 : UARTCC32XX.oem4 (.text:UARTCC32XX_readPolling)
                  20015d54    000000b4                         : PowerCC32XX.oem4 (.text:restoreParkedPins)
                  20015e08    000000b4     simplelink.a : sl_socket.obj (.text:sl_GetSockOpt)
                  20015ebc    000000b0     atcmd.a : atcmd_file.obj (.text:ATCmdFile_getFileListResult)
                  20015f6c    000000b0             : atcmd_file.obj (.text:ATCmdFile_getInfoResult)
                  2001601c    000000b0             : atcmd_socket.obj (.text:ATCmdSock_getSockOptCallback)
                  200160cc    000000b0     net_utils.a : str_mpl.obj (.text:StrMpl_getNumVals)
                  2001617c    000000b0     simplelink.a : device.obj (.text:_SlDeviceHandleAsync_InitComplete)
                  2001622c    000000b0                  : driver.obj (.text:_SlDrvHandleFatalError)
                  200162dc    000000ae     drivers_cc32xx.aem4 : UARTCC32XX.oem4 (.text:readIsrTextCallback)
                  2001638a    00000002     --HOLE-- [fill = 0]
                  2001638c    000000ac     atcmd.a : atcmd_socket.obj (.text:ATCmdSock_acceptCallback)
                  20016438    000000ac             : atcmd_socket.obj (.text:ATCmdSock_selectCallback)
                  200164e4    000000ac     rtsv7M4_T_le_eabi.lib : _io_perm.obj (.text)
                  20016590    000000ac     simplelink.a : fs.obj (.text:sl_FsGetFileList)
                  2001663c    000000ac                  : wlan.obj (.text:sl_WlanPolicyGet)
                  200166e8    000000aa     uart_term.obj (.text:Report)
                  20016792    000000aa     drivers_cc32xx.aem4 : UARTCC32XX.oem4 (.text:readTaskBlocking)
                  2001683c    000000a8     atcmd.a : atcmd_netutil.obj (.text:ATCmdNetUtil_getParse)
                  200168e4    000000a8     drivers_cc32xx.aem4 : PowerCC32XX.oem4 (.text:PowerCC32XX_configureWakeup)
                  2001698c    000000a8     simplelink.a : fs.obj (.text:sl_FsClose)
                  20016a34    000000a4     atcmd.a : atcmd_file.obj (.text:ATCmdFile_writeCallback)
                  20016ad8    000000a4             : atcmd_netapp.obj (.text:ATCmdNetapp_recvResult)
                  20016b7c    000000a4             : atcmd_netapp.obj (.text:ATCmdNetapp_registerServiceCallback)
                  20016c20    000000a4             : atcmd_socket.obj (.text:ATCmdSock_connectCallback)
                  20016cc4    000000a4     simplelink.a : sl_socket.obj (.text:sl_Bind)
                  20016d68    000000a4                  : netapp.obj (.text:sl_NetAppGet)
                  20016e0c    00000004     dpl_cc32xx.aem4 : HwiP_tirtos.oem4 (.text:HwiP_enableInterrupt)
                  20016e10    000000a4     sysbios.aem4 : BIOS.obj (.text:ti_sysbios_knl_Task_setPri__E)
                  20016eb4    000000a2     net_utils.a : str_mpl.obj (.text:StrMpl_getListVal)
                  20016f56    000000a2     drivers_cc32xx.aem4 : UARTCC32XX.oem4 (.text:writeData)
                  20016ff8    000000a0     atcmd.a : atcmd_device.obj (.text:ATCmdDev_getCallback)
                  20017098    000000a0             : atcmd_netutil.obj (.text:ATCmdNetUtil_getCallback)
                  20017138    000000a0             : atcmd_netapp.obj (.text:ATCmdNetapp_getCallback)
                  200171d8    000000a0             : atcmd_netapp.obj (.text:ATCmdNetapp_getHostByNameCallback)
                  20017278    000000a0             : atcmd_netapp.obj (.text:ATCmdNetapp_recvCallback)
                  20017318    000000a0             : atcmd_wlan.obj (.text:ATCmdWlan_getCallback)
                  200173b8    000000a0     simplelink.a : fs.obj (.text:FsGetCreateFsMode)
                  20017458    000000a0                  : sl_socket.obj (.text:_SlSocketHandleAsync_StartTLS)
                  200174f8    000000a0     auto_init.aem4 : auto_init.oem4 (.text)
                  20017598    0000009e     simplelink.a : cc_pal.obj (.text:spi_Read)
                  20017636    0000009e                  : cc_pal.obj (.text:spi_Write)
                  200176d4    0000009c     atcmd.a : atcmd_file.obj (.text:ATCmdFile_getInfoCallback)
                  20017770    0000009c             : atcmd_netapp.obj (.text:ATCmdNetapp_getHostByServiceResult)
                  2001780c    00000004     drivers_cc32xx.aem4 : List.oem4 (.text:List_head)
                  20017810    0000009c     sysbios.aem4 : BIOS.obj (.text:_pthread_removeThreadKeys)
                  200178ac    0000009c     drivers_cc32xx.aem4 : SPICC32XXDMA.oem4 (.text:initHw)
                  20017948    0000009c     rtsv7M4_T_le_eabi.lib : memcpy_t2.obj (.text)
                  200179e4    00000098     atcmd.a : atcmd_netutil.obj (.text:ATCmdNetUtil_getResult)
                  20017a7c    00000098     simplelink.a : netutil.obj (.text:_SlNetUtilHandleAsync_Cmd)
                  20017b14    00000098     drivers_cc32xx.aem4 : GPIOCC32XX.oem4 (.text:powerNotifyFxn)
                  20017bac    00000098     rtsv7M4_T_le_eabi.lib : fclose.obj (.text)
                  20017c44    00000004     drivers_cc32xx.aem4 : List.oem4 (.text:List_next)
                  20017c48    00000098     sysbios.aem4 : BIOS.obj (.text:ti_sysbios_family_arm_m3_Hwi_Instance_init__E)
                  20017ce0    00000094     atcmd.a : atcmd_socket.obj (.text:ATCmdSock_recvFromResult)
                  20017d74    00000094     serial_wifi.obj (.text:SerialWifi_netAppEventHandler)
                  20017e08    00000094     simplelink.a : wlan.obj (.text:sl_WlanGetNetworkList)
                  20017e9c    00000090     atcmd.a : atcmd_netutil.obj (.text:ATCmdNetUtil_cmdResult)
                  20017f2c    00000090             : atcmd_socket.obj (.text:ATCmdSock_recvResult)
                  20017fbc    00000090     simplelink.a : netapp.obj (.text:_SlNetAppHandleAsync_DnsGetHostByName)
                  2001804c    00000090                  : netapp.obj (.text:_SlNetAppHandleAsync_PingResponse)
                  200180dc    00000090     drivers_cc32xx.aem4 : PowerCC32XX.oem4 (.text:restoreNVICRegs)
                  2001816c    00000090     simplelink.a : netapp.obj (.text:sl_NetAppSend)
                  200181fc    00000004     dpl_cc32xx.aem4 : MutexP_tirtos.oem4 (.text:MutexP_lock)
                  20018200    00000090     sysbios.aem4 : BIOS.obj (.text:ti_sysbios_knl_Task_Module_startup__E)
                  20018290    00000090                  : BIOS.obj (.text:ti_sysbios_knl_Task_schedule__I)
                  20018320    00000090                  : BIOS.obj (.text:ti_sysbios_knl_Task_startCore__E)
                  200183b0    0000008c     atcmd.a : atcmd_event.obj (.text:ATCmdEvent_deviceGeneralCallback)
                  2001843c    0000008c             : atcmd_file.obj (.text:ATCmdFile_openParse)
                  200184c8    0000008c             : atcmd.obj (.text:ATCmd_recv)
                  20018554    0000008c     simplelink.a : driver.obj (.text:_SlDrvDriverIsApiAllowed)
                  200185e0    0000008c     drivers_cc32xx.aem4 : UARTCC32XX.oem4 (.text:readIsrBinaryBlocking)
                  2001866c    0000008c     simplelink.a : sl_socket.obj (.text:sl_Recv)
                  200186f8    0000008a     net_utils.a : str_mpl.obj (.text:StrMpl_prepare)
                  20018782    00000002     --HOLE-- [fill = 0]
                  20018784    00000088     atcmd.a : atcmd_netapp.obj (.text:ATCmdNetapp_startCallback)
                  2001880c    00000088             : atcmd_netapp.obj (.text:ATCmdNetapp_stopCallback)
                  20018894    00000088     rtsv7M4_T_le_eabi.lib : vsnprintf.obj (.text)
                  2001891c    00000004     dpl_cc32xx.aem4 : MutexP_tirtos.oem4 (.text:MutexP_unlock)
                  20018920    00000088     sysbios.aem4 : BIOS.obj (.text:ti_sysbios_family_arm_m3_Hwi_initNVIC__E)
                  200189a8    00000088                  : BIOS.obj (.text:ti_sysbios_knl_Mailbox_post__E)
                  20018a30    00000088                  : BIOS.obj (.text:xdc_runtime_Memory_alloc__E)
                  20018ab8    00000086     simplelink.a : driver.obj (.text:_SlDrvIsTimeoutExpired)
                  20018b3e    00000086     rtsv7M4_T_le_eabi.lib : fd_cmp_t2.obj (.text:__aeabi_cdcmple)
                  20018bc4    00000086                           : fd_cmp_t2.obj (.text:__aeabi_cdrcmple)
                  20018c4a    00000002     --HOLE-- [fill = 0]
                  20018c4c    00000084     atcmd.a : atcmd_netapp.obj (.text:ATCmdNetapp_unregisterServiceParse)
                  20018cd0    00000084     simplelink.a : sl_socket.obj (.text:_SlSocketHandleAsync_Close)
                  20018d54    00000084                  : sl_socket.obj (.text:_SlSocketHandleAsync_Connect)
                  20018dd8    00000084     sysbios.aem4 : BIOS.obj (.text:_pthread_runStub)
                  20018e5c    00000084     drivers_cc32xx.aem4 : PowerCC32XX.oem4 (.text:saveNVICRegs)
                  20018ee0    00000084     simplelink.a : netapp.obj (.text:sl_NetAppSet)
                  20018f64    00000084                  : netcfg.obj (.text:sl_NetCfgSet)
                  20018fe8    00000084                  : sl_socket.obj (.text:sl_SetSockOpt)
                  2001906c    00000084                  : wlan.obj (.text:sl_WlanSet)
                  200190f0    00000084     sysbios.aem4 : BIOS.obj (.text:ti_sysbios_family_arm_m3_Hwi_postInit__I)
                  20019174    00000004     drivers_cc32xx.aem4 : SPICC32XXDMA.oem4 (.text:SPICC32XXDMA_init)
                  20019178    00000084     sysbios.aem4 : BIOS.obj (.text:ti_sysbios_heaps_HeapMem_free__E)
                  200191fc    00000004     dpl_cc32xx.aem4 : SemaphoreP_tirtos.oem4 (.text:SemaphoreP_post)
                  20019200    00000084     sysbios.aem4 : BIOS.obj (.text:xdc_runtime_Core_constructObject__I)
                  20019284    00000080     atcmd.a : atcmd_netapp.obj (.text:ATCmdNetapp_getHostByNameResult)
                  20019304    00000080             : atcmd_socket.obj (.text:ATCmdSock_selectParse)
                  20019384    00000080             : atcmd_socket.obj (.text:ATCmdSock_sendToCallback)
                  20019404    00000080             : atcmd_socket.obj (.text:ATCmdSock_socketParse)
                  20019484    00000080     drivers_cc32xx.aem4 : UARTCC32XX.oem4 (.text:readIsrBinaryCallback)
                  20019504    00000080     simplelink.a : device.obj (.text:sl_DeviceSet)
                  20019584    00000080                  : netutil.obj (.text:sl_NetUtilGet)
                  20019604    0000007c     atcmd.a : atcmd_file.obj (.text:ATCmdFile_closeCallback)
                  20019680    0000007c             : atcmd_file.obj (.text:ATCmdFile_closeParse)
                  200196fc    0000007c             : atcmd_socket.obj (.text:ATCmdSock_setSockOptCallback)
                  20019778    0000007c             : atcmd_wlan.obj (.text:ATCmdWlan_provisioningCallback)
                  200197f4    0000007c     drivers_cc32xx.aem4 : UDMACC32XX.oem4 (.text:UDMACC32XX_open)
                  20019870    0000007c     simplelink.a : fs.obj (.text:sl_FsDel)
                  200198ec    0000007c                  : wlan.obj (.text:sl_WlanPolicySet)
                  20019968    0000007a     drivers_cc32xx.aem4 : UARTCC32XX.oem4 (.text:readTaskCallback)
                  200199e2    0000007a     rtsv7M4_T_le_eabi.lib : memset_t2.obj (.text)
                  20019a5c    00000078     atcmd.a : atcmd_device.obj (.text:ATCmdDev_setCallback)
                  20019ad4    00000078             : atcmd_file.obj (.text:ATCmdFile_readResult)
                  20019b4c    00000078             : atcmd_netapp.obj (.text:ATCmdNetapp_setCallback)
                  20019bc4    00000078             : atcmd_netcfg.obj (.text:ATCmdNetcfg_setCallback)
                  20019c3c    00000078             : atcmd_socket.obj (.text:ATCmdSock_acceptParse)
                  20019cb4    00000078             : atcmd_socket.obj (.text:ATCmdSock_sendCallback)
                  20019d2c    00000078             : atcmd_socket.obj (.text:ATCmdSock_socketCallback)
                  20019da4    00000078             : atcmd_wlan.obj (.text:ATCmdWlan_policySetCallback)
                  20019e1c    00000078             : atcmd_wlan.obj (.text:ATCmdWlan_setCallback)
                  20019e94    00000078     drivers_cc32xx.aem4 : GPIOCC32XX.oem4 (.text:GPIO_hwiIntFxn)
                  20019f0c    00000078                         : PowerCC32XX.oem4 (.text:Power_init)
                  20019f84    00000078     simplelink.a : sl_socket.obj (.text:sl_Socket)
                  20019ffc    00000074     atcmd.a : atcmd_netapp.obj (.text:ATCmdNetapp_sendCallback)
                  2001a070    00000074     serial_wifi.obj (.text:SerialWifi_registerHostEvents)
                  2001a0e4    00000074     drivers_cc32xx.aem4 : UARTCC32XX.oem4 (.text:UARTCC32XX_hwiIntFxn)
                  2001a158    00000074     simplelink.a : sl_socket.obj (.text:_SlDrvUnRegisterForSelectAsync)
                  2001a1cc    00000004     release_pem4.oem4 (.text:ti_sysbios_BIOS_RtsGateProxy_enter__E)
                  2001a1d0    00000074     sysbios.aem4 : BIOS.obj (.text:ti_sysbios_knl_Mailbox_pend__E)
                  2001a244    00000004     release_pem4.oem4 (.text:ti_sysbios_BIOS_RtsGateProxy_leave__E)
                  2001a248    00000074     sysbios.aem4 : BIOS.obj (.text:xdc_runtime_Core_deleteObject__I)
                  2001a2bc    00000070     atcmd.a : atcmd_netapp.obj (.text:ATCmdNetapp_unregisterServiceCallback)
                  2001a32c    00000070     net_utils.a : str_mpl.obj (.text:StrMpl_getAllocStr)
                  2001a39c    00000070     rtsv7M4_T_le_eabi.lib : getdevice.obj (.text)
                  2001a40c    00000004     release_pem4.oem4 (.text:ti_sysbios_family_arm_m3_Hwi_delete)
                  2001a410    00000070     sysbios.aem4 : BIOS.obj (.text:ti_sysbios_heaps_HeapMem_initPrimary__I)
                  2001a480    00000070                  : BIOS.obj (.text:ti_sysbios_knl_Clock_workFunc__E)
                  2001a4f0    00000070                  : BIOS.obj (.text:ti_sysbios_knl_Mailbox_Instance_finalize__E)
                  2001a560    0000006e     atcmd.a : atcmd_socket.obj (.text:ATCmdSock_recvParse)
                  2001a5ce    00000002     --HOLE-- [fill = 0]
                  2001a5d0    0000006c             : atcmd_file.obj (.text:ATCmdFile_delCallback)
                  2001a63c    0000006c             : atcmd_file.obj (.text:ATCmdFile_readParse)
                  2001a6a8    0000006c             : atcmd_netapp.obj (.text:ATCmdNetapp_pingCallback)
                  2001a714    0000006c             : atcmd_socket.obj (.text:ATCmdSock_recvFromParse)
                  2001a780    0000006c     simplelink.a : device.obj (.text:_SlDeviceHandleResetRequestInternally)
                  2001a7ec    0000006c                  : driver.obj (.text:_SlDrvCmdSend_noLock)
                  2001a858    0000006c                  : sl_socket.obj (.text:_SlDrvOpenCtrlSocket)
                  2001a8c4    0000006c                  : netapp.obj (.text:_SlNetAppSendTokenValue)
                  2001a930    0000006c     sysbios.aem4 : BIOS.obj (.text:pthread_exit)
                  2001a99c    00000004     release_pem4.oem4 (.text:ti_sysbios_family_arm_m3_TaskSupport_Module__startupDone__S)
                  2001a9a0    0000006c     sysbios.aem4 : BIOS.obj (.text:ti_sysbios_knl_Swi_restoreHwi__E)
                  2001aa0c    00000068     atcmd.a : atcmd_netapp.obj (.text:ATCmdNetapp_getServiceListParse)
                  2001aa74    00000068             : atcmd_socket.obj (.text:ATCmdSock_bindCallback)
                  2001aadc    00000068     serial_wifi.obj (.text:SerialWifi_controlEvents)
                  2001ab44    00000068     simplelink.a : device.obj (.text:_SlDeviceHandleAsync_Stop)
                  2001abac    00000068                  : sl_socket.obj (.text:_SlSocketHandleAsync_Accept)
                  2001ac14    00000068     rtsv7M4_T_le_eabi.lib : copy_decompress_lzss.obj (.text:decompress:lzss)
                  2001ac7c    00000068     main_tirtos.obj (.text:main)
                  2001ace4    00000068     rtsv7M4_T_le_eabi.lib : hostlseek.obj (.text)
                  2001ad4c    00000068                           : hostrename.obj (.text)
                  2001adb4    00000068                           : trgmsg.obj (.text)
                  2001ae1c    00000066     drivers_cc32xx.aem4 : UARTCC32XX.oem4 (.text:UARTCC32XX_writeCancel)
                  2001ae82    00000002     --HOLE-- [fill = 0]
                  2001ae84    00000064     atcmd.a : atcmd_netapp.obj (.text:ATCmdNetapp_getHostByNameParse)
                  2001aee8    00000064             : atcmd_netapp.obj (.text:ATCmdNetapp_getHostByServiceParse)
                  2001af4c    00000064             : atcmd_socket.obj (.text:ATCmdSock_closeCallback)
                  2001afb0    00000064             : atcmd_wlan.obj (.text:ATCmdWlan_connectFree)
                  2001b014    00000064             : atcmd_wlan.obj (.text:ATCmdWlan_profileAddFree)
                  2001b078    00000064     drivers_cc32xx.aem4 : PowerCC32XX.oem4 (.text:PowerCC32XX_setParkState)
                  2001b0dc    00000064     rtsv7M4_T_le_eabi.lib : fseek.obj (.text)
                  2001b140    00000064     sysbios.aem4 : BIOS.obj (.text:ti_sysbios_family_arm_m3_Hwi_dispatchC__I)
                  2001b1a4    00000004     release_pem4.oem4 (.text:ti_sysbios_gates_GateMutex_delete)
                  2001b1a8    00000064     sysbios.aem4 : BIOS.obj (.text:ti_sysbios_knl_Semaphore_post__E)
                  2001b20c    00000062     drivers_cc32xx.aem4 : UARTCC32XX.oem4 (.text:UARTCC32XX_writePolling)
                  2001b26e    00000002     --HOLE-- [fill = 0]
                  2001b270    00000060     atcmd.a : atcmd_socket.obj (.text:ATCmdSock_listenCallback)
                  2001b2d0    00000060             : atcmd_wlan.obj (.text:ATCmdWlan_setModeCallback)
                  2001b330    00000060     driverlib.a : prcm.obj (.text:PRCMSysResetCauseGet)
                  2001b390    00000060     serial_wifi.obj (.text:SerialWifi_send)
                  2001b3f0    00000060     rtsv7M4_T_le_eabi.lib : hostopen.obj (.text)
                  2001b450    00000060                           : sprintf.obj (.text)
                  2001b4b0    0000005e     net_utils.a : str_mpl.obj (.text:StrMpl_getVal)
                  2001b50e    00000002     --HOLE-- [fill = 0]
                  2001b510    0000005c     drivers_cc32xx.aem4 : PowerCC32XX.oem4 (.text:Power_setDependency)
                  2001b56c    0000005c     rtsv7M4_T_le_eabi.lib : close.obj (.text)
                  2001b5c8    0000005c                           : s_frexp.obj (.text)
                  2001b624    00000004     release_pem4.oem4 (.text:ti_sysbios_heaps_HeapMem_Module_GateProxy_enter__E)
                  2001b628    0000005c     sysbios.aem4 : BIOS.obj (.text:ti_sysbios_family_arm_m3_Timer_start__E)
                  2001b684    00000004     release_pem4.oem4 (.text:ti_sysbios_heaps_HeapMem_Module_GateProxy_leave__E)
                  2001b688    0000005c     sysbios.aem4 : BIOS.obj (.text:ti_sysbios_knl_Swi_run__I)
                  2001b6e4    00000004     release_pem4.oem4 (.text:ti_sysbios_knl_Clock_TimerProxy_getMaxTicks__E)
                  2001b6e8    0000005c     sysbios.aem4 : BIOS.obj (.text:ti_sysbios_knl_Swi_schedule__I)
                  2001b744    00000004     release_pem4.oem4 (.text:ti_sysbios_knl_Clock_TimerProxy_setPeriodMicroSecs__E)
                  2001b748    0000005c     sysbios.aem4 : BIOS.obj (.text:ti_sysbios_knl_Task_unblockI__E)
                  2001b7a4    00000004     release_pem4.oem4 (.text:ti_sysbios_knl_Clock_TimerProxy_start__E)
                  2001b7a8    0000005c     sysbios.aem4 : BIOS.obj (.text:xdc_runtime_Startup_exec__E)
                  2001b804    00000058     atcmd.a : atcmd_device.obj (.text:ATCmdDev_stopCallback)
                  2001b85c    00000058             : atcmd_file.obj (.text:ATCmdFile_delParse)
                  2001b8b4    00000058             : atcmd_file.obj (.text:ATCmdFile_getInfoParse)
                  2001b90c    00000058             : atcmd_netapp.obj (.text:ATCmdNetapp_pingResult)
                  2001b964    00000058     drivers_cc32xx.aem4 : GPIOCC32XX.oem4 (.text:GPIO_setCallback)
                  2001b9bc    00000058     driverlib.a : prcm.obj (.text:PRCMPeripheralReset)
                  2001ba14    00000058     drivers_cc32xx.aem4 : PowerCC32XX.oem4 (.text:Power_releaseDependency)
                  2001ba6c    00000058     net_utils.a : str_mpl.obj (.text:StrMpl_getStr)
                  2001bac4    00000058     simplelink.a : sl_socket.obj (.text:_SlDrvClearCtrlSocket)
                  2001bb1c    00000004     release_pem4.oem4 (.text:ti_sysbios_knl_Clock_TimerProxy_stop__E)
                  2001bb20    00000058     sysbios.aem4 : BIOS.obj (.text:mq_setattr)
                  2001bb78    00000058     rtsv7M4_T_le_eabi.lib : hostread.obj (.text)
                  2001bbd0    00000058                           : hostwrite.obj (.text)
                  2001bc28    00000058     simplelink.a : sl_socket.obj (.text:sl_Listen)
                  2001bc80    00000054     atcmd.a : atcmd_netapp.obj (.text:ATCmdNetapp_recvParse)
                  2001bcd4    00000054             : atcmd_wlan.obj (.text:ATCmdWlan_profileDelCallback)
                  2001bd28    00000054     uart_term.obj (.text:InitTerm)
                  2001bd7c    00000054     serial_wifi.obj (.text:SerialWifi_eventProcess)
                  2001bdd0    00000054     rtsv7M4_T_le_eabi.lib : exit.obj (.text)
                  2001be24    00000054                           : ltoa.obj (.text)
                  2001be78    00000054     simplelink.a : netapp.obj (.text:sl_NetAppMDNSRegisterService)
                  2001becc    00000054     release_pem4.oem4 (.text:ti_sysbios_family_arm_m3_Hwi_create)
                  2001bf20    00000054     sysbios.aem4 : BIOS.obj (.text:ti_sysbios_family_arm_m3_Timer_setPeriod__E)
                  2001bf74    00000054     release_pem4.oem4 (.text:ti_sysbios_knl_Mailbox_create)
                  2001bfc8    00000054     sysbios.aem4 : BIOS.obj (.text:xdc_runtime_Core_assignLabel__I)
                  2001c01c    00000052     drivers_cc32xx.aem4 : PowerCC32XX.oem4 (.text:PowerCC32XX_parkPin)
                  2001c06e    00000052                         : PowerCC32XX_asm.oem4 (.text:PowerCC32XX_resumeLPDS)
                  2001c0c0    00000050     atcmd.a : atcmd_file.obj (.text:ATCmdFile_writeResult)
                  2001c110    00000050             : atcmd_gen.obj (.text:ATCmd_signalEvent)
                  2001c160    00000050     simplelink.a : cc_pal.obj (.text:NwpRegisterInterruptHandler)
                  2001c1b0    00000050                  : sl_socket.obj (.text:_SlDrvCloseCtrlSocket)
                  2001c200    00000050                  : driver.obj (.text:_SlDrvRxIrqHandler)
                  2001c250    00000050                  : eventreg.obj (.text:_SlNetAppHttpServerHdlr)
                  2001c2a0    00000050                  : eventreg.obj (.text:_SlNetAppRequestHdlr)
                  2001c2f0    00000050                  : cc_pal.obj (.text:spi_Open)
                  2001c340    00000050     sysbios.aem4 : BIOS.obj (.text:ti_sysbios_family_arm_m3_Hwi_Module_startup__E)
                  2001c390    00000050                  : BIOS.obj (.text:ti_sysbios_knl_Clock_Instance_init__E)
                  2001c3e0    00000050     release_pem4.oem4 (.text:ti_sysbios_knl_Task_create)
                  2001c430    0000004f     net_utils.a : str_mpl.obj (.text:StrMpl_setStr)
                  2001c47f    00000001     --HOLE-- [fill = 0]
                  2001c480    0000004c     drivers_cc32xx.aem4 : GPIOCC32XX.oem4 (.text:GPIO_enableInt)
                  2001c4cc    0000004c     net_utils.a : map_util.obj (.text:Map_Create)
                  2001c518    0000004c     simplelink.a : cc_pal.obj (.text:NwpWaitForShutDownInd)
                  2001c564    0000004c     serial_wifi.obj (.text:SerialWifi_cmdProcess)
                  2001c5b0    0000004c     simplelink.a : driver.obj (.text:_SlDrvCmdSend_noWait)
                  2001c5fc    0000004c                  : driver.obj (.text:_SlDrvProtectAsyncRespSetting)
                  2001c648    0000004c     drivers_cc32xx.aem4 : PowerCC32XX.oem4 (.text:restorePeriphClocks)
                  2001c694    0000004c     rtsv7M4_T_le_eabi.lib : atoi.obj (.text)
                  2001c6e0    0000004c                           : cpy_tbl.obj (.text)
                  2001c72c    0000004c                           : rand.obj (.text)
                  2001c778    0000004c     simplelink.a : netapp.obj (.text:sl_NetAppMDNSUnRegisterService)
                  2001c7c4    0000004c                  : wlan.obj (.text:sl_WlanProfileDel)
                  2001c810    0000004c                  : wlan.obj (.text:sl_WlanSetMode)
                  2001c85c    0000004c     sysbios.aem4 : m3_TaskSupport_asm.obj (.text:ti_sysbios_family_arm_m3_TaskSupport_buildTaskStack)
                  2001c8a8    0000004c                  : BIOS.obj (.text:ti_sysbios_heaps_HeapMem_getStats__E)
                  2001c8f4    00000004     release_pem4.oem4 (.text:ti_sysbios_knl_Clock_delete)
                  2001c8f8    0000004c     sysbios.aem4 : BIOS.obj (.text:ti_sysbios_knl_Swi_runLoop__I)
                  2001c944    00000004     release_pem4.oem4 (.text:ti_sysbios_knl_Semaphore_delete)
                  2001c948    0000004c     sysbios.aem4 : BIOS.obj (.text:ti_sysbios_knl_Task_allBlockedFunction__I)
                  2001c994    00000048     atcmd.a : atcmd_file.obj (.text:ATCmdFile_openResult)
                  2001c9dc    00000048     dpl_cc32xx.aem4 : ClockP_tirtos.oem4 (.text:ClockP_create)
                  2001ca24    00000048     driverlib.a : flash.obj (.text:FlashDisable)
                  2001ca6c    00000048     net_utils.a : map_util.obj (.text:Map_CheckDup)
                  2001cab4    00000048     driverlib.a : prcm.obj (.text:PRCMLPDSEnter)
                  2001cafc    00000048                 : prcm.obj (.text:PRCMPeripheralClkEnable)
                  2001cb44    00000048     drivers_cc32xx.aem4 : PowerCC32XX.oem4 (.text:Power_releaseConstraint)
                  2001cb8c    00000048     net_utils.a : str_mpl.obj (.text:StrMpl_setBySize)
                  2001cbd4    00000048     simplelink.a : eventreg.obj (.text:_SlDeviceFatalErrorEvtHdlr)
                  2001cc1c    00000048                  : eventreg.obj (.text:_SlDeviceGeneralEvtHdlr)
                  2001cc64    00000048                  : driver.obj (.text:_SlDrvBasicCmd)
                  2001ccac    00000048                  : driver.obj (.text:_SlDrvSyncObjWaitTimeout)
                  2001ccf4    00000048                  : eventreg.obj (.text:_SlNetAppEvtHdlr)
                  2001cd3c    00000048                  : eventreg.obj (.text:_SlNetAppRequestMemFree)
                  2001cd84    00000048                  : eventreg.obj (.text:_SlSockEvtHdlr)
                  2001cdcc    00000048                  : eventreg.obj (.text:_SlWlanEvtHdlr)
                  2001ce14    00000048     rtsv7M4_T_le_eabi.lib : fd_toi_t2.obj (.text)
                  2001ce5c    00000004     release_pem4.oem4 (.text:ti_sysbios_knl_Task_delete)
                  2001ce60    00000048     sysbios.aem4 : BIOS.obj (.text:ti_sysbios_family_arm_m3_Hwi_disableInterrupt__E)
                  2001cea8    00000048                  : BIOS.obj (.text:ti_sysbios_family_arm_m3_Hwi_enableInterrupt__E)
                  2001cef0    00000048                  : m3_Hwi_asm_switch.obj (.text:ti_sysbios_family_arm_m3_Hwi_initStacks__E)
                  2001cf38    00000048                  : BIOS.obj (.text:ti_sysbios_family_arm_m3_Timer_initDevice__I)
                  2001cf80    00000048                  : BIOS.obj (.text:ti_sysbios_knl_Mailbox_Module_startup__E)
                  2001cfc8    00000048                  : BIOS.obj (.text:ti_sysbios_knl_Task_deleteTerminatedTasksFunc__I)
                  2001d010    00000046     drivers_cc32xx.aem4 : RingBuf.oem4 (.text:RingBuf_put)
                  2001d056    00000002     --HOLE-- [fill = 0]
                  2001d058    00000046     sysbios.aem4 : BIOS.obj (.text:xdc_runtime_Core_assignParams__I)
                  2001d09e    00000002     --HOLE-- [fill = 0]
                  2001d0a0    00000044     driverlib.a : prcm.obj (.text:PRCMLPDSRestoreInfoSet)
                  2001d0e4    00000044     drivers_cc32xx.aem4 : PowerCC32XX_asm.oem4 (.text:PowerCC32XX_enterLPDS)
                  2001d128    00000044                         : SPI.oem4 (.text:SPI_init)
                  2001d16c    00000044     net_utils.a : str_mpl.obj (.text:StrMpl_getBase64DecBufSize)
                  2001d1b0    00000044     drivers_cc32xx.aem4 : UART.oem4 (.text:UART_init)
                  2001d1f4    00000044     boot.aem4 : boot.oem4 (.text)
                  2001d238    00000044     drivers_cc32xx.aem4 : PowerCC32XX.oem4 (.text:notify)
                  2001d27c    00000044     rtsv7M4_T_le_eabi.lib : hostclose.obj (.text)
                  2001d2c0    00000044                           : hostunlink.obj (.text)
                  2001d304    00000044     simplelink.a : netapp.obj (.text:sl_NetAppStart)
                  2001d348    00000044                  : netapp.obj (.text:sl_NetAppStop)
                  2001d38c    00000004     release_pem4.oem4 (.text:xdc_runtime_System_Module_GateProxy_enter__E)
                  2001d390    00000044     sysbios.aem4 : BIOS.obj (.text:ti_sysbios_family_arm_m3_Hwi_getStackInfo__E)
                  2001d3d4    00000004     release_pem4.oem4 (.text:xdc_runtime_System_Module_GateProxy_leave__E)
                  2001d3d8    00000044     sysbios.aem4 : BIOS.obj (.text:ti_sysbios_knl_Mailbox_postInit__I)
                  2001d41c    00000004     --HOLE-- [fill = 0]
                  2001d420    00000044                  : BIOS.obj (.text:ti_sysbios_knl_Swi_post__E)
                  2001d464    00000004     --HOLE-- [fill = 0]
                  2001d468    00000044                  : BIOS.obj (.text:xdc_runtime_System_atexit__E)
                  2001d4ac    00000042     simplelink.a : sl_socket.obj (.text:sl_Htonl)
                  2001d4ee    00000002     --HOLE-- [fill = 0]
                  2001d4f0    00000040     atcmd.a : atcmd_socket.obj (.text:ATCmdSock_selectResult)
                  2001d530    00000040     simplelink.a : sl_socket.obj (.text:CountSetBits)
                  2001d570    00000040     dpl_cc32xx.aem4 : HwiP_tirtos.oem4 (.text:HwiP_create)
                  2001d5b0    00000040     driverlib.a : pin.obj (.text:PinModeSet)
                  2001d5f0    00000040     drivers_cc32xx.aem4 : RingBuf.oem4 (.text:RingBuf_get)
                  2001d630    00000040                         : UARTCC32XX.oem4 (.text:UARTCC32XX_read)
                  2001d670    00000040                         : UDMACC32XX.oem4 (.text:UDMACC32XX_init)
                  2001d6b0    00000040     simplelink.a : driver.obj (.text:_SlDrvCmdSend)
                  2001d6f0    00000040                  : driver.obj (.text:_SlDrvGlobalObjUnLock)
                  2001d730    00000040                  : eventreg.obj (.text:_SlIsEventRegistered)
                  2001d770    00000040     sysbios.aem4 : BIOS.obj (.text:mq_receive)
                  2001d7b0    00000040                  : BIOS.obj (.text:ti_sysbios_heaps_HeapMem_Instance_init__E)
                  2001d7f0    0000003f     atcmd.a : atcmd_gen.obj (.text:ATCmd_errorResult)
                  2001d82f    00000001     --HOLE-- [fill = 0]
                  2001d830    0000003e     simplelink.a : sl_socket.obj (.text:_SlSocketBuildAddress)
                  2001d86e    0000003e     release_pem4.oem4 (.text:realloc)
                  2001d8ac    0000003c     atcmd.a : atcmd_event.obj (.text:ATCmdEvent_compose)
                  2001d8e8    0000003c             : atcmd_file.obj (.text:ATCmdFile_ctlFree)
                  2001d924    0000003c             : atcmd_netutil.obj (.text:ATCmdNetUtil_cmdFree)
                  2001d960    0000003c             : atcmd_socket.obj (.text:ATCmdSock_listenParse)
                  2001d99c    0000003c             : atcmd_wlan.obj (.text:ATCmdWlan_scanParse)
                  2001d9d8    0000003c     drivers_cc32xx.aem4 : PowerCC32XX.oem4 (.text:Power_setConstraint)
                  2001da14    0000003c                         : SPI.oem4 (.text:SPI_open)
                  2001da50    0000003c     dpl_cc32xx.aem4 : SemaphoreP_tirtos.oem4 (.text:SemaphoreP_create)
                  2001da8c    0000003c     serial_wifi.obj (.text:SerialWifi_recv)
                  2001dac8    0000003c     drivers_cc32xx.aem4 : UART.oem4 (.text:UART_open)
                  2001db04    0000003c     simplelink.a : netapp.obj (.text:_SlNetAppCopyPingResultsToReport)
                  2001db40    0000003c     dpl_cc32xx.aem4 : PowerCC32XX_tirtos.oem4 (.text:getCountsRTC)
                  2001db7c    0000003c     simplelink.a : sl_socket.obj (.text:sl_Htons)
                  2001dbb8    0000003c     sysbios.aem4 : BIOS.obj (.text:ti_sysbios_family_arm_m3_Hwi_Instance_finalize__E)
                  2001dbf4    00000004     --HOLE-- [fill = 0]
                  2001dbf8    0000003c                  : BIOS.obj (.text:ti_sysbios_family_arm_m3_Timer_setPeriodMicroSecs__E)
                  2001dc34    0000003c     release_pem4.oem4 (.text:ti_sysbios_knl_Clock_create)
                  2001dc70    0000003c     sysbios.aem4 : BIOS.obj (.text:ti_sysbios_knl_Clock_walkQueuePeriodic__E)
                  2001dcac    00000004     --HOLE-- [fill = 0]
                  2001dcb0    0000003c                  : BIOS.obj (.text:ti_sysbios_knl_Swi_restore__E)
                  2001dcec    00000004     --HOLE-- [fill = 0]
                  2001dcf0    0000003c                  : BIOS.obj (.text:xdc_runtime_System_processAtExit__E)
                  2001dd2c    0000003a     atcmd.a : atcmd_gen.obj (.text:ATCmd_valToIPv4)
                  2001dd66    00000002     --HOLE-- [fill = 0]
                  2001dd68    00000038             : atcmd_socket.obj (.text:ATCmdSock_closeResult)
                  2001dda0    00000038             : atcmd_socket.obj (.text:ATCmdSock_socketResult)
                  2001ddd8    00000038             : atcmd_gen.obj (.text:ATCmd_checkNumParams)
                  2001de10    00000038     driverlib.a : prcm.obj (.text:PRCMLPDSEnterKeepDebugIf)
                  2001de48    00000038     sysbios.aem4 : BIOS.obj (.text:mq_send)
                  2001de80    00000038                  : BIOS.obj (.text:ti_sysbios_knl_Task_processVitalTaskFlag__I)
                  2001deb8    00000038                  : BIOS.obj (.text:usleep)
                  2001def0    00000036     drivers_cc32xx.aem4 : PowerCC32XX.oem4 (.text:PowerCC32XX_restoreParkedPin)
                  2001df26    00000036                         : UARTCC32XX.oem4 (.text:UARTCC32XX_readCancel)
                  2001df5c    00000036     rtsv7M4_T_le_eabi.lib : strncpy.obj (.text)
                  2001df92    00000002     --HOLE-- [fill = 0]
                  2001df94    00000034     driverlib.a : pin.obj (.text:PinModeGet)
                  2001dfc8    00000034     drivers_cc32xx.aem4 : PowerCC32XX.oem4 (.text:PowerCC32XX_restoreParkState)
                  2001dffc    00000034                         : UDMACC32XX.oem4 (.text:UDMACC32XX_close)
                  2001e030    00000034     rtsv7M4_T_le_eabi.lib : strstr.obj (.text)
                  2001e064    00000004     --HOLE-- [fill = 0]
                  2001e068    00000034     sysbios.aem4 : BIOS.obj (.text:ti_sysbios_family_arm_m3_Timer_periodicStub__I)
                  2001e09c    00000034     release_pem4.oem4 (.text:ti_sysbios_knl_Semaphore_create)
                  2001e0d0    00000032     sysbios.aem4 : BIOS.obj (.text:ti_sysbios_hal_Hwi_initStack)
                  2001e102    00000006     dpl_cc32xx.aem4 : ClockP_tirtos.oem4 (.text:ClockP_Params_init)
                  2001e108    00000032     sysbios.aem4 : BIOS.obj (.text:ti_sysbios_knl_Semaphore_pendTimeout__I)
                  2001e13a    00000002     --HOLE-- [fill = 0]
                  2001e13c    00000030     atcmd.a : atcmd_device.obj (.text:ATCmdDev_startCallback)
                  2001e16c    00000030             : atcmd_netapp.obj (.text:ATCmdNetapp_pingReport)
                  2001e19c    00000030     net_utils.a : map_util.obj (.text:Map_HashString)
                  2001e1cc    00000030     simplelink.a : driver.obj (.text:_SlDrvSyncObjWaitForever)
                  2001e1fc    00000030                  : fs.obj (.text:_SlFsStrlen)
                  2001e22c    00000004     --HOLE-- [fill = 0]
                  2001e230    00000030     sysbios.aem4 : BIOS.obj (.text:findInList$40)
                  2001e260    00000030     release_pem4.oem4 (.text:ti_sysbios_BIOS_atExitFunc__I)
                  2001e290    00000030     release_pem4.oem4 (.text:ti_sysbios_BIOS_startFunc__I)
                  2001e2c0    00000030     sysbios.aem4 : BIOS.obj (.text:ti_sysbios_family_arm_m3_TaskSupport_start__E)
                  2001e2f0    00000030     release_pem4.oem4 (.text:ti_sysbios_gates_GateHwi_Object__create__S)
                  2001e320    00000030     release_pem4.oem4 (.text:ti_sysbios_gates_GateMutex_Object__create__S)
                  2001e350    00000030     release_pem4.oem4 (.text:ti_sysbios_gates_GateMutex_create)
                  2001e380    00000030     sysbios.aem4 : BIOS.obj (.text:ti_sysbios_gates_GateMutex_enter__E)
                  2001e3b0    00000030     release_pem4.oem4 (.text:ti_sysbios_heaps_HeapMem_Object__create__S)
                  2001e3e0    00000030     release_pem4.oem4 (.text:ti_sysbios_knl_Semaphore_construct)
                  2001e410    00000030     simplelink.a : sl_socket.obj (.text:to_mSec)
                  2001e440    0000002e     atcmd.a : atcmd_netapp.obj (.text:ATCmdNetapp_getHostByServiceFree)
                  2001e46e    0000002e     rtsv7M4_T_le_eabi.lib : i_tofd_t2.obj (.text)
                  2001e49c    0000002e     release_pem4.oem4 (.text:ti_sysbios_rts_gnu_MemAlloc_alloc)
                  2001e4ca    00000002     --HOLE-- [fill = 0]
                  2001e4cc    0000002c     simplelink.a : cc_pal.obj (.text:NwpPowerOn)
                  2001e4f8    0000002c     drivers_cc32xx.aem4 : PowerCC32XX.oem4 (.text:PowerCC32XX_getParkState)
                  2001e524    0000002c     dpl_cc32xx.aem4 : SemaphoreP_tirtos.oem4 (.text:SemaphoreP_createBinary)
                  2001e550    0000002c     simplelink.a : cc_pal.obj (.text:Semaphore_create_handle)
                  2001e57c    0000002c     rtsv7M4_T_le_eabi.lib : assert.obj (.text)
                  2001e5a8    0000002c                           : strncmp.obj (.text)
                  2001e5d4    0000002c                           : unlink.obj (.text)
                  2001e600    0000002c     release_pem4.oem4 (.text:ti_sysbios_knl_Clock_doTick__I)
                  2001e62c    0000002c     release_pem4.oem4 (.text:ti_sysbios_knl_Queue_construct)
                  2001e658    0000002c     sysbios.aem4 : BIOS.obj (.text:ti_sysbios_knl_Task_restore__E)
                  2001e684    0000002a     release_pem4.oem4 (.text:calloc)
                  2001e6ae    00000002     --HOLE-- [fill = 0]
                  2001e6b0    00000028     atcmd.a : atcmd_wlan.obj (.text:ATCmdWlan_disconnectCallback)
                  2001e6d8    00000028             : atcmd_wlan.obj (.text:ATCmdWlan_profileAddResult)
                  2001e700    00000028     driverlib.a : prcm.obj (.text:PRCMPeripheralClkDisable)
                  2001e728    00000028     dpl_cc32xx.aem4 : PowerCC32XX_tirtos.oem4 (.text:PowerCC32XX_initPolicy)
                  2001e750    00000028     drivers_cc32xx.aem4 : PowerCC32XX.oem4 (.text:Power_registerNotify)
                  2001e778    00000028     simplelink.a : driver.obj (.text:_SlDrvProtectionObjLockWaitForever)
                  2001e7a0    00000028                  : driver.obj (.text:_SlDrvProtectionObjUnLock)
                  2001e7c8    00000028                  : driver.obj (.text:_SlDrvUpdateApiInProgress)
                  2001e7f0    00000028                  : flowcont.obj (.text:_SlFlowContSet)
                  2001e818    00000028     rtsv7M4_T_le_eabi.lib : lseek.obj (.text)
                  2001e840    00000028                           : write.obj (.text)
                  2001e868    00000028     sysbios.aem4 : BIOS.obj (.text:ti_sysbios_knl_Clock_addI__E)
                  2001e890    00000028                  : BIOS.obj (.text:ti_sysbios_knl_Swi_Module_startup__E)
                  2001e8b8    00000026     drivers_cc32xx.aem4 : List.oem4 (.text:List_put)
                  2001e8de    00000026     net_utils.a : str_mpl.obj (.text:StrMpl_lwr)
                  2001e904    00000024     atcmd.a : atcmd_file.obj (.text:ATCmdFile_closeFree)
                  2001e928    00000024             : atcmd_netapp.obj (.text:ATCmdNetapp_registerServiceFree)
                  2001e94c    00000024             : atcmd.obj (.text:ATCmd_blockedCmdTask)
                  2001e970    00000024             : atcmd_gen.obj (.text:ATCmd_commandResult)
                  2001e994    00000024     simplelink.a : cc_pal.obj (.text:Mutex_create_handle)
                  2001e9b8    00000024                  : driver.obj (.text:_SlDrvIsApiInProgress)
                  2001e9dc    00000024                  : driver.obj (.text:_SlDrvStartMeasureTimeout)
                  2001ea00    00000024     sysbios.aem4 : BIOS.obj (.text:pthread_attr_init)
                  2001ea24    00000024     simplelink.a : wlan.obj (.text:sl_WlanDisconnect)
                  2001ea48    00000024     release_pem4.oem4 (.text:ti_sysbios_BIOS_registerRTSLock__I)
                  2001ea6c    00000024     release_pem4.oem4 (.text:ti_sysbios_BIOS_removeRTSLock__I)
                  2001ea90    00000024     sysbios.aem4 : BIOS.obj (.text:ti_sysbios_family_arm_m3_Timer_Module_startup__E)
                  2001eab4    00000004     --HOLE-- [fill = 0]
                  2001eab8    00000024                  : BIOS.obj (.text:ti_sysbios_family_arm_m3_Timer_postInit__I)
                  2001eadc    00000004     --HOLE-- [fill = 0]
                  2001eae0    00000024                  : BIOS.obj (.text:ti_sysbios_family_arm_m3_Timer_startup__E)
                  2001eb04    00000024     release_pem4.oem4 (.text:ti_sysbios_gates_GateMutex_Object__delete__S)
                  2001eb28    00000024     sysbios.aem4 : BIOS.obj (.text:ti_sysbios_knl_Clock_Module_startup__E)
                  2001eb4c    00000024     release_pem4.oem4 (.text:ti_sysbios_knl_Clock_Object__delete__S)
                  2001eb70    00000024     sysbios.aem4 : BIOS.obj (.text:ti_sysbios_knl_Clock_start__E)
                  2001eb94    00000004     --HOLE-- [fill = 0]
                  2001eb98    00000024                  : BIOS.obj (.text:ti_sysbios_knl_Semaphore_Instance_init__E)
                  2001ebbc    00000024     release_pem4.oem4 (.text:ti_sysbios_knl_Semaphore_Object__delete__S)
                  2001ebe0    00000024     sysbios.aem4 : BIOS.obj (.text:ti_sysbios_knl_Task_restoreHwi__E)
                  2001ec04    00000004     --HOLE-- [fill = 0]
                  2001ec08    00000024                  : BIOS.obj (.text:xdc_runtime_Error_policyMin__E)
                  2001ec2c    00000020     atcmd.a : atcmd_device.obj (.text:ATCmdDev_getFree)
                  2001ec4c    00000020             : atcmd_file.obj (.text:ATCmdFile_getFileListFree)
                  2001ec6c    00000020             : atcmd_file.obj (.text:ATCmdFile_getInfoFree)
                  2001ec8c    00000020             : atcmd_file.obj (.text:ATCmdFile_openFree)
                  2001ecac    00000020             : atcmd_file.obj (.text:ATCmdFile_writeReadFree)
                  2001eccc    00000020             : atcmd_netutil.obj (.text:ATCmdNetUtil_getFree)
                  2001ecec    00000020             : atcmd_netapp.obj (.text:ATCmdNetapp_getFree)
                  2001ed0c    00000020             : atcmd_netapp.obj (.text:ATCmdNetapp_getHostByNameFree)
                  2001ed2c    00000020             : atcmd_netapp.obj (.text:ATCmdNetapp_getServiceListFree)
                  2001ed4c    00000020             : atcmd_netapp.obj (.text:ATCmdNetapp_recvFree)
                  2001ed6c    00000020             : atcmd_netcfg.obj (.text:ATCmdNetcfg_getFree)
                  2001ed8c    00000020             : atcmd_socket.obj (.text:ATCmdSock_getSockOptFree)
                  2001edac    00000020             : atcmd_socket.obj (.text:ATCmdSock_recvFree)
                  2001edcc    00000020             : atcmd_socket.obj (.text:ATCmdSock_recvFromFree)
                  2001edec    00000020             : atcmd_wlan.obj (.text:ATCmdWlan_getFree)
                  2001ee0c    00000020             : atcmd_wlan.obj (.text:ATCmdWlan_scanFree)
                  2001ee2c    00000020     drivers_cc32xx.aem4 : PowerCC32XX.oem4 (.text:Power_unregisterNotify)
                  2001ee4c    00000020                         : RingBuf.oem4 (.text:RingBuf_peek)
                  2001ee6c    00000020     simplelink.a : driver.obj (.text:_SlDrvObjLockWaitForever)
                  2001ee8c    00000020                  : driver.obj (.text:_SlDrvObjUnLock)
                  2001eeac    00000020     drivers_cc32xx.aem4 : SPICC32XXDMA.oem4 (.text:getPowerMgrId)
                  2001eecc    00000020                         : UARTCC32XX.oem4 (.text:getPowerMgrId)
                  2001eeec    00000004     --HOLE-- [fill = 0]
                  2001eef0    00000020     sysbios.aem4 : BIOS.obj (.text:mq_getattr)
                  2001ef10    00000020     rtsv7M4_T_le_eabi.lib : memchr.obj (.text)
                  2001ef30    00000020     simplelink.a : eventreg.obj (.text:sl_RegisterEventHandler)
                  2001ef50    00000020     sysbios.aem4 : BIOS.obj (.text:sleep)
                  2001ef70    00000020     release_pem4.oem4 (.text:ti_sysbios_BIOS_rtsLock__I)
                  2001ef90    00000020     release_pem4.oem4 (.text:ti_sysbios_family_arm_m3_Hwi_Object__delete__S)
                  2001efb0    00000020     sysbios.aem4 : BIOS.obj (.text:ti_sysbios_family_arm_m3_Hwi_clearInterrupt__E)
                  2001efd0    00000020                  : m3_Hwi_asm.obj (.text:ti_sysbios_family_arm_m3_Hwi_excHandlerAsm__I)
                  2001eff0    00000020                  : BIOS.obj (.text:ti_sysbios_family_arm_m3_Hwi_excHandler__I)
                  2001f010    00000020     release_pem4.oem4 (.text:ti_sysbios_gates_GateHwi_Object__delete__S)
                  2001f030    00000020     release_pem4.oem4 (.text:ti_sysbios_heaps_HeapMem_Object__delete__S)
                  2001f050    00000020     sysbios.aem4 : BIOS.obj (.text:ti_sysbios_knl_Idle_run__E)
                  2001f070    00000020     release_pem4.oem4 (.text:ti_sysbios_knl_Semaphore_destruct)
                  2001f090    00000020     release_pem4.oem4 (.text:ti_sysbios_knl_Task_Object__delete__S)
                  2001f0b0    0000001e     serial_wifi.obj (.text:SerialWifi_controlCommands)
                  2001f0ce    0000001e     simplelink.a : driver.obj (.text:_SlDrvSyncObjSignal)
                  2001f0ec    0000001e     drivers_cc32xx.aem4 : UDMACC32XX.oem4 (.text:postNotifyFxn)
                  2001f10a    0000001e     sysbios.aem4 : m3_Hwi_asm_switch.obj (.text:ti_sysbios_family_xxx_Hwi_switchAndRunFunc)
                  2001f128    0000001c     uart_term.obj (.text:Message)
                  2001f144    0000001c     driverlib.a : pin.obj (.text:PinToPadGet)
                  2001f160    0000001c     simplelink.a : device.obj (.text:_SlDeviceGetStartResponseConvert)
                  2001f17c    0000001c     rtsv7M4_T_le_eabi.lib : memccpy.obj (.text)
                  2001f198    0000001c     sysbios.aem4 : BIOS.obj (.text:ti_sysbios_family_arm_m3_Timer_stop__E)
                  2001f1b4    00000004     --HOLE-- [fill = 0]
                  2001f1b8    0000001c                  : BIOS.obj (.text:ti_sysbios_gates_GateMutex_Instance_init__E)
                  2001f1d4    00000004     --HOLE-- [fill = 0]
                  2001f1d8    0000001c                  : BIOS.obj (.text:ti_sysbios_knl_Clock_Instance_finalize__E)
                  2001f1f4    0000001c     release_pem4.oem4 (.text:ti_sysbios_knl_Queue_destruct)
                  2001f210    0000001c     sysbios.aem4 : BIOS.obj (.text:ti_sysbios_knl_Queue_get__E)
                  2001f22c    00000004     --HOLE-- [fill = 0]
                  2001f230    0000001c                  : BIOS.obj (.text:ti_sysbios_knl_Queue_put__E)
                  2001f24c    00000004     --HOLE-- [fill = 0]
                  2001f250    0000001c                  : BIOS.obj (.text:ti_sysbios_knl_Task_enter__I)
                  2001f26c    0000001a     release_pem4.oem4 (.text:free)
                  2001f286    0000001a     sysbios.aem4 : m3_Hwi_asm.obj (.text:ti_sysbios_family_arm_m3_Hwi_pendSV__I)
                  2001f2a0    0000001a                  : BIOS.obj (.text:ti_sysbios_knl_Task_sleepTimeout__I)
                  2001f2ba    00000018     atcmd.a : atcmd_gen.obj (.text:ATCmd_checkHelp)
                  2001f2d2    00000002     --HOLE-- [fill = 0]
                  2001f2d4    00000018             : atcmd_gen.obj (.text:ATCmd_okResult)
                  2001f2ec    00000018     drivers_cc32xx.aem4 : PowerCC32XX.oem4 (.text:Power_idleFunc)
                  2001f304    00000018     driverlib.a : uart.obj (.text:UARTBusy)
                  2001f31c    00000018                 : uart.obj (.text:UARTIntEnable)
                  2001f334    00000018     drivers_cc32xx.aem4 : UART.oem4 (.text:UART_Params_init)
                  2001f34c    00000018     rtsv7M4_T_le_eabi.lib : args_main.obj (.text)
                  2001f364    00000018                           : ll_mul_t2.obj (.text)
                  2001f37c    00000018                           : strcmp.obj (.text)
                  2001f394    00000018     release_pem4.oem4 (.text:ti_sysbios_BIOS_rtsUnlock__I)
                  2001f3ac    00000018     release_pem4.oem4 (.text:ti_sysbios_family_arm_m3_Hwi_Module__startupDone__F)
                  2001f3c4    00000018     release_pem4.oem4 (.text:ti_sysbios_family_arm_m3_Timer_Module__startupDone__F)
                  2001f3dc    00000018     release_pem4.oem4 (.text:ti_sysbios_gates_GateHwi_Handle__label__S)
                  2001f3f4    00000018     release_pem4.oem4 (.text:ti_sysbios_gates_GateMutex_Handle__label__S)
                  2001f40c    00000004     --HOLE-- [fill = 0]
                  2001f410    00000018     sysbios.aem4 : BIOS.obj (.text:ti_sysbios_gates_GateMutex_leave__E)
                  2001f428    00000018     release_pem4.oem4 (.text:ti_sysbios_heaps_HeapMem_Handle__label__S)
                  2001f440    00000018     sysbios.aem4 : BIOS.obj (.text:ti_sysbios_rts_ti_ReentSupport_getReent__F)
                  2001f458    00000018     release_pem4.oem4 (.text:ti_sysbios_rts_ti_ReentSupport_getTlsAddr__I)
                  2001f470    00000018     sysbios.aem4 : BIOS.obj (.text:xdc_runtime_Error_init__E)
                  2001f488    00000018                  : BIOS.obj (.text:xdc_runtime_System_exit__E)
                  2001f4a0    00000016     atcmd.a : atcmd_device.obj (.text:ATCmdDev_setFree)
                  2001f4b6    00000016             : atcmd_file.obj (.text:ATCmdFile_delFree)
                  2001f4cc    00000016             : atcmd_netapp.obj (.text:ATCmdNetapp_sendFree)
                  2001f4e2    00000016             : atcmd_netapp.obj (.text:ATCmdNetapp_setFree)
                  2001f4f8    00000016             : atcmd_netapp.obj (.text:ATCmdNetapp_unregisterServiceFree)
                  2001f50e    00000016             : atcmd_netcfg.obj (.text:ATCmdNetcfg_setFree)
                  2001f524    00000016             : atcmd_socket.obj (.text:ATCmdSock_sendFree)
                  2001f53a    00000016             : atcmd_socket.obj (.text:ATCmdSock_sendToFree)
                  2001f550    00000016             : atcmd_socket.obj (.text:ATCmdSock_setSockOptFree)
                  2001f566    00000016             : atcmd_wlan.obj (.text:ATCmdWlan_policySetFree)
                  2001f57c    00000016             : atcmd_wlan.obj (.text:ATCmdWlan_provisioningFree)
                  2001f592    00000016             : atcmd_wlan.obj (.text:ATCmdWlan_setFree)
                  2001f5a8    00000016             : atcmd_gen.obj (.text:ATCmd_commandUsage)
                  2001f5be    00000016     drivers_cc32xx.aem4 : List.oem4 (.text:List_remove)
                  2001f5d4    00000016     net_utils.a : map_util.obj (.text:Map_CalcIndex)
                  2001f5ea    00000016     driverlib.a : prcm.obj (.text:PRCMHIBRegRead)
                  2001f600    00000016                 : prcm.obj (.text:PRCMHIBRegWrite)
                  2001f616    00000016     net_utils.a : str_mpl.obj (.text:StrMpl_getBase64EncBufSize)
                  2001f62c    00000016     simplelink.a : driver.obj (.text:_SlDrvMemZero)
                  2001f642    00000016     rtsv7M4_T_le_eabi.lib : strchr.obj (.text)
                  2001f658    00000016     release_pem4.oem4 (.text:ti_sysbios_BIOS_exitFunc__I)
                  2001f66e    00000002     --HOLE-- [fill = 0]
                  2001f670    00000014     drivers_cc32xx.aem4 : PowerCC32XX.oem4 (.text:Power_getDependencyCount)
                  2001f684    00000014                         : SPI.oem4 (.text:SPI_Params_init)
                  2001f698    00000014     atcmd.a : atcmd.obj (.text:SimpleLinkFatalErrorEventHandler)
                  2001f6ac    00000014             : atcmd.obj (.text:SimpleLinkGeneralEventHandler)
                  2001f6c0    00000014             : atcmd.obj (.text:SimpleLinkNetAppEventHandler)
                  2001f6d4    00000014             : atcmd.obj (.text:SimpleLinkSockEventHandler)
                  2001f6e8    00000014             : atcmd.obj (.text:SimpleLinkWlanEventHandler)
                  2001f6fc    00000004     --HOLE-- [fill = 0]
                  2001f700    00000014     sysbios.aem4 : BIOS.obj (.text:pthread_attr_setschedparam)
                  2001f714    00000014     drivers_cc32xx.aem4 : UARTCC32XX.oem4 (.text:releasePowerConstraint)
                  2001f728    00000014     rtsv7M4_T_le_eabi.lib : _lock.obj (.text)
                  2001f73c    00000014                           : strcpy.obj (.text)
                  2001f750    00000014                           : strlen.obj (.text)
                  2001f764    00000014     release_pem4.oem4 (.text:ti_sysbios_family_arm_m3_Hwi_Object__get__S)
                  2001f778    00000014     sysbios.aem4 : BIOS.obj (.text:ti_sysbios_family_arm_m3_Hwi_switchFromBootStack__E)
                  2001f78c    00000014     release_pem4.oem4 (.text:ti_sysbios_heaps_HeapMem_Object__get__S)
                  2001f7a0    00000014     sysbios.aem4 : BIOS.obj (.text:ti_sysbios_knl_Clock_tickReconfig__E)
                  2001f7b4    00000014     release_pem4.oem4 (.text:ti_sysbios_knl_Swi_Object__get__S)
                  2001f7c8    00000014     release_pem4.oem4 (.text:ti_sysbios_knl_Task_Object__first__S)
                  2001f7dc    00000014     release_pem4.oem4 (.text:ti_sysbios_knl_Task_Object__next__S)
                  2001f7f0    00000012     atcmd.a : atcmd_socket.obj (.text:ATCmdSock_acceptFree)
                  2001f802    00000012             : atcmd_socket.obj (.text:ATCmdSock_connectFree)
                  2001f814    00000012             : atcmd_socket.obj (.text:ATCmdSock_selectFree)
                  2001f826    00000012             : atcmd_wlan.obj (.text:ATCmdWlan_policyGetFree)
                  2001f838    00000012     drivers_cc32xx.aem4 : RingBuf.oem4 (.text:RingBuf_construct)
                  2001f84a    00000012     dpl_cc32xx.aem4 : SemaphoreP_tirtos.oem4 (.text:SemaphoreP_pend)
                  2001f85c    00000004     --HOLE-- [fill = 0]
                  2001f860    00000012     sysbios.aem4 : BIOS.obj (.text:ti_sysbios_hal_Hwi_Module_startup__E)
                  2001f872    00000012     release_pem4.oem4 (.text:xdc_runtime_Startup_exec__I)
                  2001f884    00000010     atcmd.a : atcmd_device.obj (.text:ATCmdDev_testCallback)
                  2001f894    00000010     dpl_cc32xx.aem4 : HwiP_tirtos.oem4 (.text:HwiP_Params_init)
                  2001f8a4    00000010     simplelink.a : cc_pal.obj (.text:MutexP_delete_handle)
                  2001f8b4    00000010                  : cc_pal.obj (.text:Mutex_unlock)
                  2001f8c4    00000010                  : cc_pal.obj (.text:SemaphoreP_delete_handle)
                  2001f8d4    00000010                  : cc_pal.obj (.text:SemaphoreP_post_handle)
                  2001f8e4    00000010                  : driver.obj (.text:_SlDrvDispatchHttpServerEvents)
                  2001f8f4    00000010                  : driver.obj (.text:_SlDrvDispatchNetAppRequestEvents)
                  2001f904    00000010     CC3220S_LAUNCHXL.obj (.text:dmaErrorFxn)
                  2001f914    00000010     drivers_cc32xx.aem4 : UARTCC32XX.oem4 (.text:readBlockingTimeout)
                  2001f924    00000010     rtsv7M4_T_le_eabi.lib : tolower.obj (.text)
                  2001f934    00000004     --HOLE-- [fill = 0]
                  2001f938    00000010     sysbios.aem4 : BIOS.obj (.text:ti_sysbios_BIOS_getCpuFreq__E)
                  2001f948    00000010                  : BIOS.obj (.text:ti_sysbios_BIOS_setThreadType__E)
[...]
20029f2c  __TI_enable_exit_profile_output                                 
20029f30  ATCmd_netUtilCmdStr                                             
20029f3c  ATCmd_netUtilGetStr                                             
20029f48  ATCmd_netappPingStr                                             
20029f54  ATCmd_netappRecvStr                                             
20029f60  ATCmd_netappSendStr                                             
20029f6c  ATCmd_netappStopStr                                             
20029f78  ATCmd_sockGetSockOptStr                                         
20029f84  ATCmd_sockSetSockOptStr                                         
20029f90  gpioPinConfigs                                                  
20029f9c  gGlobalLockCntRequested                                         
20029f9d  gGlobalLockCntReleased                                          
20029f9e  g_SlDeviceStatus                                                
20029fa0  g_pCB                                                           
20029fa4  pPingCallBackFunc                                               
20029fa8  ti_sysbios_family_arm_m3_Timer_Module__state__V                 
20029fb4  ATCmd_eventSockStr                                              
20029fbf  ATCmd_eventWlanStr                                              
20029fca  ATCmd_fileCloseStr                                              
20029fd5  ATCmd_fileWriteStr                                              
20029fe0  ATCmd_netappGetStr                                              
20029feb  ATCmd_netappSetStr                                              
20029ff6  ATCmd_netcfgGetStr                                              
2002a001  ATCmd_netcfgSetStr                                              
2002a00c  ATCmd_devStopUsageStr                                           
2002a016  ATCmd_fileOpenStr                                               
2002a020  ATCmd_fileReadStr                                               
2002a02a  ATCmd_sockRecvFromStr                                           
2002a034  ATCmd_wlanScanStr                                               
2002a03e  ATCmd_fileCtlStr                                                
2002a047  ATCmd_fileDelStr                                                
2002a050  ATCmd_netappRecvUsageStr                                        
2002a059  ATCmd_sockCloseUsageStr                                         
2002a062  ATCmd_sockConnectStr                                            
2002a06b  ATCmd_wlanGetStr                                                
2002a074  ATCmd_wlanSetStr                                                
2002a07d  ATCmd_devTestUsageStr                                           
2002a089  ATCmd_okStr                                                     
2002a08c  _lock                                                           
2002a090  _unlock                                                         
2002a094  ATCmd_devIotOptions                                             
2002a09c  ATCmd_devStatusBsd                                              
2002a0a4  ATCmd_devStatusDevice                                           
2002a0ac  ATCmd_netappDhcpSrvOptions                                      
2002a0b4  ATCmd_netappDnsClientOptions                                    
2002a0bc  ATCmd_sockAcceptStr                                             
2002a0c4  ATCmd_sockListenStr                                             
2002a0cc  ATCmd_sockSelectStr                                             
2002a0d4  ATCmd_sockSendToStr                                             
2002a0dc  ATCmd_sockSocketStr                                             
2002a0e4  ATCmd_wlanProfileDelUsageStr                                    
2002a0ec  ATCmd_wlanProfileGetUsageStr                                    
2002a0fc  gpioCallbackFunctions                                           
2002a104  ti_sysbios_family_arm_m3_Hwi_Module__root__V                    
2002a10c  ti_sysbios_gates_GateHwi_Module__root__V                        
2002a114  ti_sysbios_gates_GateMutex_Module__root__V                      
2002a11c  ti_sysbios_heaps_HeapMem_Module__root__V                        
2002a124  ti_sysbios_knl_Clock_Module__root__V                            
2002a12c  ti_sysbios_knl_Mailbox_Module__root__V                          
2002a134  ti_sysbios_knl_Queue_Module__root__V                            
2002a13c  ti_sysbios_knl_Semaphore_Module__root__V                        
2002a144  ti_sysbios_knl_Task_Module__root__V                             
2002a14c  xdc_runtime_Startup_Module__state__V                            
2002a154  xdc_runtime_System_Module_State_0_atexitHandlers__A             
2002a15c  xdc_runtime_System_Module__state__V                             
2002a164  ATCmd_devStartStr                                               
2002a16b  ATCmd_sockCloseStr                                              
2002a172  ATCmd_wlanPolicyGetUsageStr                                     
2002a179  ATCmd_wlanSetModeUsageStr                                       
2002a180  ATCmd_devStopStr                                                
2002a186  ATCmd_devTestStr                                                
2002a18c  ATCmd_sockBindStr                                               
2002a192  ATCmd_sockRecvStr                                               
2002a198  ATCmd_sockSendStr                                               
2002a19e  ATCmd_devGetStr                                                 
2002a1a3  ATCmd_devSetStr                                                 
2002a1a8  ATCmd_netcfgGetUsageStr                                         
2002a1ad  ATCmd_wlanDisconnectUsageStr                                    
2002a1b0  ATCmd_mapHanlde                                                 
2002a1b4  errno                                                           
2002a1c4  main_func_sp                                                    
2002a1c8  g_intHandle                                                     
2002a1cc  ti_sysbios_family_arm_m3_Hwi_Module_State_0_excContext__A       
2002a1d0  ti_sysbios_family_arm_m3_Hwi_Module_State_0_excStack__A         
2002a1d4  ti_sysbios_gates_GateHwi_Object__table__V                       
2002a1d8  ti_sysbios_knl_Task_Module_State_0_idleTask__A                  
2002a1dc  ti_sysbios_rts_ti_ReentSupport_Module__state__V                 
2002a1e0  xdc_runtime_Memory_Module__state__V                             
2002b8e6  _ctypes_                                                        
2002b9e7  ti_sysbios_knl_Clock_tickMode__C                                
2002bb90  spiCC3220SDMAHWAttrs                                            
2002bc08  OpcodeTranslateTable                                            
2002bc68  _SlActionLookupTable                                            
2002bd08  uartCC3220SHWAttrs                                              
2002bd50  PowerCC32XX_config                                              
2002bd90  ti_sysbios_knl_Task_Object__PARAMS__C                           
2002bdcc  ti_sysbios_knl_Mailbox_Object__PARAMS__C                        
2002be00  ti_sysbios_family_arm_m3_Hwi_Object__PARAMS__C                  
2002be30  UARTCC32XX_fxnTable                                             
2002be58  ti_sysbios_heaps_HeapMem_Module__FXNS__C                        
2002be80  UART_defaultParams                                              
2002bea4  ti_sysbios_gates_GateHwi_Module__FXNS__C                        
2002bec8  ti_sysbios_gates_GateMutex_Module__FXNS__C                      
2002beec  ti_sysbios_heaps_HeapMem_Object__PARAMS__C                      
2002bf10  ti_sysbios_knl_Clock_Object__PARAMS__C                          
2002bf34  ti_sysbios_knl_Semaphore_Object__PARAMS__C                      
2002bf79  ti_sysbios_knl_Clock_tickSource__C                              
2002bf7a  FlagsTranslate                                                  
2002bfbc  SPI_defaultParams                                               
2002c01c  ti_sysbios_family_arm_m3_Hwi_Object__DESC__C                    
2002c03c  ti_sysbios_gates_GateHwi_Object__DESC__C                        
2002c05c  ti_sysbios_gates_GateMutex_Object__DESC__C                      
2002c07c  ti_sysbios_heaps_HeapMem_Object__DESC__C                        
2002c09c  ti_sysbios_knl_Clock_Object__DESC__C                            
2002c0bc  ti_sysbios_knl_Mailbox_Object__DESC__C                          
2002c0dc  ti_sysbios_knl_Queue_Object__DESC__C                            
2002c0fc  ti_sysbios_knl_Semaphore_Object__DESC__C                        
2002c11c  ti_sysbios_knl_Task_Object__DESC__C                             
2002c13c  xdc_runtime_Startup_sfxnTab__A                                  
2002c15c  SPICC32XXDMA_fxnTable                                           
2002c174  SPI_config                                                      
2002c18c  UART_config                                                     
2002c1a4  ti_sysbios_gates_GateHwi_Object__PARAMS__C                      
2002c1bc  ti_sysbios_gates_GateMutex_Object__PARAMS__C                    
2002c1d4  ti_sysbios_knl_Queue_Object__PARAMS__C                          
2002c1ec  ti_sysbios_knl_Task_hooks__A                                    
2002c27c  GPIOCC32XX_config                                               
2002c2fc  xdc_runtime_Startup_sfxnRts__A                                  
2002c30c  ATCmdNetapp_serviceSize                                         
2002c31a  ADC_count                                                       
2002c31b  Capture_count                                                   
2002c31c  CryptoCC32XX_count                                              
2002c31d  Display_count                                                   
2002c31e  I2C_count                                                       
2002c31f  I2S_count                                                       
2002c320  PWM_count                                                       
2002c321  SDFatFS_count                                                   
2002c322  SD_count                                                        
2002c323  SPI_count                                                       
2002c324  Timer_count                                                     
2002c325  UART_count                                                      
2002c326  Watchdog_count                                                  
2002c327  xdc_runtime_Error_policy__C                                     
2002c34c  udmaCC3220SHWAttrs                                              
2002c358  xdc_runtime_Startup_firstFxns__A                                
2002c364  MapAttrKeyTypeStr                                               
2002c36c  UDMACC32XX_config                                               
2002c38c  outPinTypes                                                     
2002c39c  ti_sysbios_knl_Idle_funcList__A                                 
2002c3a4  ti_sysbios_knl_Idle_funcList__C                                 
2002c3ac  ti_sysbios_knl_Task_hooks__C                                    
2002c3b4  xdc_runtime_Startup_firstFxns__C                                
2002c3bc  xdc_runtime_Startup_lastFxns__C                                 
2002c3ca  inPinTypes                                                      
2002c3d0  outPinStrengths                                                 
2002c406  _SlFsFileSysControlCmdCtrl                                      
2002c40a  _SlFsGetFileListCmdCtrl                                         
2002c436  _SlNetAppReceiveCmdCtrl                                         
2002c43a  _SlNetAppSendCmdCtrl                                            
2002c43e  _SlNetAppSendResponseCmdCtrl                                    
2002c442  _SlNetAppSendTokenValueCmdCtrl                                  
2002c45a  _SlNetUtilCmdCtrl                                               
2002c45e  _SlNetUtilGetCmdCtrl                                            
2002c472  _SlProvisioningCmdCtrl                                          
2002c4aa  ti_sysbios_family_arm_m3_Hwi_Module__id__C                      
2002c4ac  ATCmd_maxCmd                                                    
2002c4b0  ti_sysbios_family_arm_m3_Hwi_E_alreadyDefined__C                
2002c4b4  ti_sysbios_family_arm_m3_Hwi_NUM_INTERRUPTS__C                  
2002c4b8  ti_sysbios_family_arm_m3_Hwi_Object__count__C                   
2002c4bc  ti_sysbios_family_arm_m3_Hwi_ccr__C                             
2002c4c0  ti_sysbios_family_arm_m3_Hwi_excHandlerFunc__C                  
2002c4c4  ti_sysbios_family_arm_m3_Hwi_nullIsrFunc__C                     
2002c4c8  ti_sysbios_family_arm_m3_Hwi_priGroup__C                        
2002c4cc  ti_sysbios_family_arm_m3_Hwi_swiDisable__C                      
2002c4d0  ti_sysbios_family_arm_m3_Hwi_swiRestoreHwi__C                   
2002c4d4  ti_sysbios_family_arm_m3_TaskSupport_stackAlignment__C          
2002c4d8  ti_sysbios_family_arm_m3_Timer_E_cannotSupport__C               
2002c4dc  ti_sysbios_family_arm_m3_Timer_startupNeeded__C                 
2002c4e0  ti_sysbios_gates_GateMutex_Instance_State_sem__O                
2002c4e4  ti_sysbios_heaps_HeapMem_E_memory__C                            
2002c4e8  ti_sysbios_heaps_HeapMem_Module__gateObj__C                     
2002c4ec  ti_sysbios_heaps_HeapMem_Object__count__C                       
2002c4f0  ti_sysbios_heaps_HeapMem_primaryHeapBaseAddr__C                 
2002c4f4  ti_sysbios_heaps_HeapMem_primaryHeapEndAddr__C                  
2002c4f8  ti_sysbios_heaps_HeapMem_reqAlign__C                            
2002c4fc  ti_sysbios_knl_Clock_Module_State_clockQ__O                     
2002c500  ti_sysbios_knl_Clock_tickPeriod__C                              
2002c504  ti_sysbios_knl_Mailbox_Instance_State_dataQue__O                
2002c508  ti_sysbios_knl_Mailbox_Instance_State_dataSem__O                
2002c50c  ti_sysbios_knl_Mailbox_Instance_State_freeQue__O                
2002c510  ti_sysbios_knl_Mailbox_Instance_State_freeSem__O                
2002c514  ti_sysbios_knl_Mailbox_Object__count__C                         
2002c518  ti_sysbios_knl_Mailbox_maxTypeAlign__C                          
2002c51c  ti_sysbios_knl_Semaphore_Instance_State_pendQ__O                
2002c520  ti_sysbios_knl_Swi_Object__count__C                             
2002c524  ti_sysbios_knl_Task_E_deleteNotAllowed__C                       
2002c528  ti_sysbios_knl_Task_Module_State_inactiveQ__O                   
2002c52c  ti_sysbios_knl_Task_Module_State_terminatedQ__O                 
2002c530  ti_sysbios_knl_Task_Object__count__C                            
2002c534  ti_sysbios_knl_Task_Object__heap__C                             
2002c538  ti_sysbios_knl_Task_allBlockedFunc__C                           
2002c53c  ti_sysbios_knl_Task_defaultStackHeap__C                         
2002c540  ti_sysbios_knl_Task_defaultStackSize__C                         
2002c544  ti_sysbios_knl_Task_numConstructedTasks__C                      
2002c548  xdc_runtime_Error_E_memory__C                                   
2002c54c  xdc_runtime_Error_policyFxn__C                                  
2002c550  xdc_runtime_IGateProvider_Interface__BASE__C                    
2002c554  xdc_runtime_IHeap_Interface__BASE__C                            
2002c558  xdc_runtime_IModule_Interface__BASE__C                          
2002c55c  xdc_runtime_Memory_defaultHeapInstance__C                       
2002c560  xdc_runtime_Startup_execImpl__C                                 
2002c564  xdc_runtime_Startup_maxPasses__C                                
2002c568  xdc_runtime_Startup_sfxnRts__C                                  
2002c56c  xdc_runtime_Startup_sfxnTab__C                                  
2002c570  xdc_runtime_SysCallback_abortFxn__C                             
2002c574  xdc_runtime_SysCallback_exitFxn__C                              
2002c578  xdc_runtime_System_Module__gateObj__C                           
2002c57c  xdc_runtime_System_abortFxn__C                                  
2002c580  xdc_runtime_System_exitFxn__C                                   
2002c584  xdc_runtime_System_maxAtexitHandlers__C                         
2002c588  xdc_runtime_Text_charTab__C                                     
2002c58c  xdc_runtime_Text_nameEmpty__C                                   
2002c590  xdc_runtime_Text_nameStatic__C                                  
2002c594  xdc_runtime_Text_nameUnknown__C                                 
2002c598  ti_sysbios_family_arm_m3_Timer_Module__id__C                    
2002c59a  ti_sysbios_heaps_HeapMem_Module__id__C                          
2002c59c  ti_sysbios_knl_Task_Module__id__C                               
2002c59e  xdc_runtime_Memory_Module__id__C                                
2002c5a0  xdc_runtime_Text_charCnt__C                                     
2002c5a2  xdc_runtime_Text_isLoaded__C                                    
2002c5a4  xdc_runtime_Text_charTab__A                                     
2002c800  SerialWifi_CB                                                   
2002dbf8  parmbuf                                                         
2002e000  ti_sysbios_family_arm_m3_Hwi_dispatchTable                      
2002e310  ti_sysbios_knl_Task_Instance_State_0_stack__A                   
2002e510  PowerCC32XX_contextSave                                         
2002e63c  __CIOBUF_                                                       
2002e75c  uartCC3220SObjects                                              
2002e864  __TI_tmpnams                                                    
2002e904  g_SlInternalSpawnCB                                             
2002e998  spiCC3220SDMAObjects                                            
2002ea20  ATCmd_blockedTask                                               
2002ea98  uartCC3220SRingBuffer                                           
2002eb1c  DeviceCB                                                        
2002eb28  Msg                                                             
2002eb34  udmaCC3220SObject                                               
2002eb3c  ATCmd_rxQueue                                                   
2002eb40  spiCC3220SDMAscratchBuf                                         
2002eb48  ClockP_tickPeriod                                               
2002eb4c  GlobalLockObj                                                   
2002eb50  ti_sysbios_knl_Task_Instance_State_0_hookEnv__A                 
2002eb54  RxIrqCnt                                                        
2002eb58  __TI_static_base__                                              
2002fdd4  __TI_Handler_Table_Base                                         
2002fde0  __TI_Handler_Table_Limit                                        
2002fde8  __TI_CINIT_Base                                                 
2002fdf8  __TI_CINIT_Limit                                                
e000e000  ti_sysbios_family_arm_m3_Hwi_nvic                               
ffffffff  __TI_pprof_out_hndl                                             
ffffffff  __TI_prof_data_size                                             
ffffffff  __TI_prof_data_start                                            
ffffffff  __binit__                                                       
ffffffff  __c_args__                                                      
ffffffff  binit                                                           
UNDEFED   SHT$$INIT_ARRAY$$Base                                           
UNDEFED   SHT$$INIT_ARRAY$$Limit                                          

[1311 symbols]
