******************************************************************************
                  TI ARM Linker PC v16.9.6                     
******************************************************************************
>> Linked Wed Apr 04 14:14:11 2018

OUTPUT FILE NAME:   <network_terminal_CC3220S_LAUNCHXL_tirtos_ccs.out>
ENTRY POINT SYMBOL: "_c_int00"  address: 2001d161


MEMORY CONFIGURATION

         name            origin    length      used     unused   attr    fill
----------------------  --------  ---------  --------  --------  ----  --------
  SRAM0                 20000000   00004000  0000070c  000038f4  RW X
  SRAM                  20004000   0003c000  0002af35  000110cb  RW X


SEGMENT ALLOCATION MAP

run origin  load origin   length   init length attrs members
----------  ----------- ---------- ----------- ----- -------
20003c00    20003c00    00000400   00000000    rw-
  20003c00    20003c00    00000400   00000000    rw- .stack
20004000    20004000    00023628   0001b622    r-x
  20004000    20004000    0000003c   0000003c    r-- .resetVecs
  20004040    20004040    0001b5e2   0001b5e2    r-x .text
  2001f628    2001f628    00008000   00000000    r-- .priheap
20027628    20027628    000030d3   000030d3    r--
  20027628    20027628    000030d3   000030d3    r-- .const
2002a800    2002a800    00003cdd   00000000    rw-
  2002a800    2002a800    000028bb   00000000    rw- .bss
  2002d0bc    2002d0bc    00001421   00000000    rw- .data
2002e4e0    2002e4e0    00000b68   00000b68    r--
  2002e4e0    2002e4e0    00000b68   00000b68    r-- .cinit


SECTION ALLOCATION MAP

 output                                  attributes/
section   page    origin      length       input sections
--------  ----  ----------  ----------   ----------------
.vecs      0    20000000    0000030c     NOLOAD SECTION
                  20000000    0000030c     release_pem4.oem4 (.vecs)

.stack     0    20003c00    00000400     UNINITIALIZED
                  20003c00    00000400     --HOLE--

.resetVecs 
*          0    20004000    0000003c     
                  20004000    0000003c     release_pem4.oem4 (.resetVecs)

.text      0    20004040    0001b5e2     
                  20004040    00001274     transceiver_cmd.obj (.text:TxTask)
                  200052b4    00001122     rtsv7M4_T_le_eabi.lib : _printfi.obj (.text)
                  200063d6    00000002     drivers_cc32xx.aem4 : UARTCC32XX.oem4 (.text:UARTCC32XX_init)
                  200063d8    00000ca0     cmd_parser.obj (.text:ParseCreateFilterCmd)
                  20007078    00000880     simplelink.a : driver.obj (.text:_SlDrvMsgRead)
                  200078f8    00000668     network_terminal.obj (.text:SimpleLinkWlanEventHandler)
                  20007f60    000005e4     socket_cmd.obj (.text:drawRxHist)
                  20008544    00000598     cmd_parser.obj (.text:ParseStartApCmd)
                  20008adc    00000578     cmd_parser.obj (.text:ParseRecvCmd)
                  20009054    00000508     socket_cmd.obj (.text:TCPServer)
                  2000955c    000004fc     transceiver_cmd.obj (.text:RxTask)
                  20009a58    000004f0     cmd_parser.obj (.text:ParseSendCmd)
                  20009f48    00000484     network_terminal.obj (.text:ConfigureSimpleLinkToDefaultState)
                  2000a3cc    0000046c     netapp_cmd.obj (.text:mDNSQueryCallback)
                  2000a838    00000466     socket_cmd.obj (.text:TCPClient)
                  2000ac9e    00000002     release_pem4.oem4 (.text:ti_sysbios_BIOS_nullFunc__I)
                  2000aca0    00000464     socket_cmd.obj (.text:UDPServer)
                  2000b104    0000042c     driverlib.a : prcm.obj (.text:PRCMCC3200MCUInit)
                  2000b530    0000042c     cmd_parser.obj (.text:ParseConnectCmd)
                  2000b95c    0000040c     simplelink.a : sl_socket.obj (.text:_SlSocketHandleAsync_Select)
                  2000bd68    000003f4     cmd_parser.obj (.text:ParsePingCmd)
                  2000c15c    000003c4     wlan_cmd.obj (.text:cmdWlanConnectCallback)
                  2000c520    00000397     socket_cmd.obj (.text:UDPClient)
                  2000c8b7    00000001     --HOLE-- [fill = 0]
                  2000c8b8    00000384     simplelink.a : driver.obj (.text:_SlDrvMsgWrite)
                  2000cc3c    00000370     wlan_cmd.obj (.text:cmdWlanStartApCallback)
                  2000cfac    00000320     wlan_cmd.obj (.text:cmdWlanStopApCallback)
                  2000d2cc    0000031c     wlan_cmd.obj (.text:setP2Pparams)
                  2000d5e8    00000310     network_terminal.obj (.text:DisplayAppBanner)
                  2000d8f8    000002dc     network_terminal.obj (.text:SimpleLinkNetAppEventHandler)
                  2000dbd4    000002d8     simplelink.a : driver.obj (.text:_SlDrvRxHdrRead)
                  2000deac    000002d8     wlan_cmd.obj (.text:cmdEnableWoWLANCallback)
                  2000e184    000002c4     cmd_parser.obj (.text:ParsemDNSAdvertiseCmd)
                  2000e448    000002bc     radio_tool.obj (.text:radioTool_TxStart)
                  2000e704    000002b4     netapp_cmd.obj (.text:mDNSAdvertiseCallback)
                  2000e9b8    000002b4     wlan_cmd.obj (.text:p2pConnect)
                  2000ec6c    000002a4     wlan_cmd.obj (.text:printScanResults)
                  2000ef10    0000027c     simplelink.a : wlan.obj (.text:sl_WlanConnect)
                  2000f18c    00000278     wlan_cmd.obj (.text:cmdConnectedStationsCallback)
                  2000f404    00000270     drivers_cc32xx.aem4 : UARTCC32XX.oem4 (.text:UARTCC32XX_open)
                  2000f674    00000250     cmd_parser.obj (.text:ParseEnableWoWLANCmd)
                  2000f8c4    0000024c     netapp_cmd.obj (.text:cmdPingCallback)
                  2000fb10    00000230     wlan_cmd.obj (.text:cmdP2PModecallback)
                  2000fd40    00000228     network_terminal.obj (.text:ipv6AddressParse)
                  2000ff68    00000220     cmd_parser.obj (.text:ParseSetPolicyCmd)
                  20010188    00000210     wlan_cmd.obj (.text:cmdSetPolicyCallback)
                  20010398    00000208     simplelink.a : driver.obj (.text:_SlDrvDriverCBInit)
                  200105a0    00000200     network_terminal.obj (.text:initAppVariables)
                  200107a0    000001fc     simplelink.a : driver.obj (.text:_SlDrvDataReadOp)
                  2001099c    000001f4     rtsv7M4_T_le_eabi.lib : ull_div_t2.obj (.text)
                  20010b90    000001f2     simplelink.a : netapp.obj (.text:_SlNetAppEventHandler)
                  20010d82    00000002     release_pem4.oem4 (.text:xdc_runtime_Startup_reset__I)
                  20010d84    000001e8     wlan_cmd.obj (.text:setStaticIPConfig)
                  20010f6c    000001e7     network_terminal.obj (.text:SimpleLinkFatalErrorEventHandler)
                  20011153    00000001     --HOLE-- [fill = 0]
                  20011154    000001dc     simplelink.a : netapp.obj (.text:sl_NetAppPing)
                  20011330    000001d8                  : driver.obj (.text:_SlDrvReleasePoolObj)
                  20011508    000001d0     drivers_cc32xx.aem4 : SPICC32XXDMA.oem4 (.text:SPICC32XXDMA_transfer)
                  200116d8    000001cc                         : GPIOCC32XX.oem4 (.text:GPIO_setConfig)
                  200118a4    000001bc     simplelink.a : driver.obj (.text:_SlDrvMsgReadCmdCtx)
                  20011a60    000001bc                  : sl_socket.obj (.text:sl_Accept)
                  20011c1c    000001b8     dpl_cc32xx.aem4 : PowerCC32XX_tirtos.oem4 (.text:PowerCC32XX_sleepPolicy)
                  20011dd4    000001b8     transceiver_cmd.obj (.text:showTxMenu)
                  20011f8c    000001b6     rtsv7M4_T_le_eabi.lib : fd_add_t2.obj (.text)
                  20012142    00000002     --HOLE-- [fill = 0]
                  20012144    000001a5     socket_cmd.obj (.text:cmdRecvCallback)
                  200122e9    00000003     --HOLE-- [fill = 0]
                  200122ec    000001a0     network_terminal.obj (.text:mainThread)
                  2001248c    0000019c     cmd_parser.obj (.text:ParsemDNSQueryCmd)
                  20012628    0000019c     simplelink.a : driver.obj (.text:_SlDrvWaitForPoolObj)
                  200127c4    0000018c                  : sl_socket.obj (.text:sl_Connect)
                  20012950    00000188     wlan_cmd.obj (.text:cmdP2PStopcallback)
                  20012ad8    00000180     simplelink.a : driver.obj (.text:_SlDrvDataWriteOp)
                  20012c58    00000180     drivers_cc32xx.aem4 : SPICC32XXDMA.oem4 (.text:configDMA)
                  20012dd8    0000017c     simplelink.a : spawn.obj (.text:_SlInternalSpawnTaskEntry)
                  20012f54    00000174                  : driver.obj (.text:_SlDrvFindAndSetActiveObj)
                  200130c8    0000016c                  : device.obj (.text:sl_Stop)
                  20013234    00000158     drivers_cc32xx.aem4 : SPICC32XXDMA.oem4 (.text:SPICC32XXDMA_open)
                  2001338c    00000158     wlan_cmd.obj (.text:printFrameSubTyps)
                  200134e4    00000154     simplelink.a : sl_socket.obj (.text:sl_RecvFrom)
                  20013638    00000154     sysbios.aem4 : BIOS.obj (.text:ti_sysbios_knl_Task_Instance_finalize__E)
                  2001378c    00000150     simplelink.a : driver.obj (.text:_SlDrvDriverCBDeinit)
                  200138dc    00000150     drivers_cc32xx.aem4 : PowerCC32XX.oem4 (.text:parkPins)
                  20013a2c    00000138     simplelink.a : driver.obj (.text:_SlDrvAsyncEventGenericHandler)
                  20013b64    00000138     transceiver_cmd.obj (.text:showMenu)
                  20013c9c    00000136     rtsv7M4_T_le_eabi.lib : fd_div_t2.obj (.text)
                  20013dd2    00000002     --HOLE-- [fill = 0]
                  20013dd4    00000134                           : strtol.obj (.text)
                  20013f08    00000134     transceiver_cmd.obj (.text:showPHYConfMenu)
                  2001403c    00000134     simplelink.a : netapp.obj (.text:sl_NetAppDnsGetHostByName)
                  20014170    00000130                  : sl_socket.obj (.text:_SlDrvGetNextTimeoutValue)
                  200142a0    00000130     sysbios.aem4 : BIOS.obj (.text:ti_sysbios_knl_Semaphore_pend__E)
                  200143d0    00000128     simplelink.a : driver.obj (.text:_SlDrvClassifyRxMsg)
                  200144f8    00000124                  : device.obj (.text:sl_Start)
                  2001461c    00000120     drivers_cc32xx.aem4 : UARTCC32XX.oem4 (.text:UARTCC32XX_close)
                  2001473c    0000011c     transceiver_cmd.obj (.text:showModCodeMenu)
                  20014858    0000011c     sysbios.aem4 : BIOS.obj (.text:xdc_runtime_Startup_startMods__I)
                  20014974    00000118     drivers_cc32xx.aem4 : PowerCC32XX.oem4 (.text:Power_sleep)
                  20014a8c    00000117     wlan_cmd.obj (.text:cmdCreateFilterCallback)
                  20014ba3    00000001     --HOLE-- [fill = 0]
                  20014ba4    00000114     simplelink.a : netapp.obj (.text:_SlNetAppHandleAsync_DnsGetHostByService)
                  20014cb8    00000114     wlan_cmd.obj (.text:printCreateFilterUsage)
                  20014dcc    00000114     rtsv7M4_T_le_eabi.lib : strtoul.obj (.text)
                  20014ee0    00000110     cmd_parser.obj (.text:ParseScanCmd)
                  20014ff0    00000110     simplelink.a : netapp.obj (.text:sl_NetAppDnsGetHostByService)
                  20015100    00000110     sysbios.aem4 : BIOS.obj (.text:ti_sysbios_knl_Task_postInit__I)
                  20015210    0000010c     simplelink.a : driver.obj (.text:_SlDrvMsgReadSpawnCtx)
                  2001531c    0000010c                  : sl_socket.obj (.text:sl_Close)
                  20015428    00000104                  : device.obj (.text:_SlDeviceEventHandler)
                  2001552c    00000104                  : driver.obj (.text:_SlDrvCmdOp)
                  20015630    00000104                  : driver.obj (.text:_SlDrvObjGlobalLockWaitForever)
                  20015734    00000100     network_terminal.obj (.text:cmdHelpCallback)
                  20015834    000000fc     wlan_cmd.obj (.text:cmdScanCallback)
                  20015930    000000fc     network_terminal.obj (.text:cmd_prompt)
                  20015a2c    000000fc     rtsv7M4_T_le_eabi.lib : fd_mul_t2.obj (.text)
                  20015b28    000000f4     netapp_cmd.obj (.text:SimpleLinkPingReport)
                  20015c1c    000000f4     socket_cmd.obj (.text:cmdSendCallback)
                  20015d10    000000f4     simplelink.a : sl_socket.obj (.text:sl_SendTo)
                  20015e04    000000f2     drivers_cc32xx.aem4 : SPICC32XXDMA.oem4 (.text:SPICC32XXDMA_transferCancel)
                  20015ef6    000000ee                         : UARTCC32XX.oem4 (.text:UARTCC32XX_control)
                  20015fe4    00000004     dpl_cc32xx.aem4 : ClockP_tirtos.oem4 (.text:ClockP_getCpuFreq)
                  20015fe8    000000ec     sysbios.aem4 : BIOS.obj (.text:clock_gettime)
                  200160d4    00000004     dpl_cc32xx.aem4 : ClockP_tirtos.oem4 (.text:ClockP_setTimeout)
                  200160d8    000000ec     sysbios.aem4 : BIOS.obj (.text:pthread_create)
                  200161c4    00000004     dpl_cc32xx.aem4 : ClockP_tirtos.oem4 (.text:ClockP_start)
                  200161c8    000000ec     sysbios.aem4 : BIOS.obj (.text:ti_sysbios_knl_Task_Instance_init__E)
                  200162b4    000000de     network_terminal.obj (.text:hexbyteStrtoASCII)
                  20016392    00000002     --HOLE-- [fill = 0]
                  20016394    000000d8     uart_term.obj (.text:GetCmd)
                  2001646c    000000d8     simplelink.a : netapp.obj (.text:_SlNetAppHandleAsync_NetAppReceive)
                  20016544    000000d4     socket_cmd.obj (.text:printRecvUsage)
                  20016618    000000d0     drivers_cc32xx.aem4 : SPICC32XXDMA.oem4 (.text:SPICC32XXDMA_close)
                  200166e8    000000d0     simplelink.a : netapp.obj (.text:_SlNetAppMDNSRegisterUnregisterService)
                  200167b8    000000d0     transceiver_cmd.obj (.text:cmdTranceiverModecallback)
                  20016888    000000d0     rtsv7M4_T_le_eabi.lib : s_scalbn.obj (.text)
                  20016958    000000d0     simplelink.a : netapp.obj (.text:sl_NetAppGetServiceList)
                  20016a28    000000d0     sysbios.aem4 : BIOS.obj (.text:ti_sysbios_heaps_HeapMem_alloc__E)
                  20016af8    000000ce     cmd_parser.obj (.text:mDNScreateServiceName)
                  20016bc6    00000002     --HOLE-- [fill = 0]
                  20016bc8    000000cc     wlan_cmd.obj (.text:cmdDeleteFilterCallback)
                  20016c94    000000cc     wlan_cmd.obj (.text:cmdDisableFilterCallback)
                  20016d60    000000cc     wlan_cmd.obj (.text:cmdEnableFilterCallback)
                  20016e2c    000000cc     sysbios.aem4 : m3_Hwi_asm.obj (.text:ti_sysbios_family_arm_m3_Hwi_dispatch__I)
                  20016ef8    000000c8     drivers_cc32xx.aem4 : SPICC32XXDMA.oem4 (.text:spiHwiFxn)
                  20016fc0    000000c4                         : GPIOCC32XX.oem4 (.text:GPIO_init)
                  20017084    000000c4     cmd_parser.obj (.text:ParseCmd)
                  20017148    000000c4     simplelink.a : driver.obj (.text:_SlDrvRemoveFromList)
                  2001720c    00000004     dpl_cc32xx.aem4 : ClockP_tirtos.oem4 (.text:ClockP_stop)
                  20017210    000000c4     sysbios.aem4 : BIOS.obj (.text:ti_sysbios_knl_Task_sleep__E)
                  200172d4    000000c0     simplelink.a : cc_pal.obj (.text:NwpPowerOff)
                  20017394    000000c0     drivers_cc32xx.aem4 : UARTCC32XX.oem4 (.text:UARTCC32XX_write)
                  20017454    000000c0     simplelink.a : spawn.obj (.text:_SlInternalSpawn)
                  20017514    000000c0     network_terminal.obj (.text:macAddressParse)
                  200175d4    000000c0     simplelink.a : netcfg.obj (.text:sl_NetCfgGet)
                  20017694    000000bc     wlan_cmd.obj (.text:CheckSubFrameType)
                  20017750    000000bc     simplelink.a : netapp.obj (.text:_SlNetAppSendResponse)
                  2001780c    000000bc     socket_cmd.obj (.text:printSendUsage)
                  200178c8    000000bc     simplelink.a : sl_socket.obj (.text:sl_Send)
                  20017984    000000bc                  : wlan.obj (.text:sl_WlanProvisioning)
                  20017a40    000000bc     sysbios.aem4 : BIOS.obj (.text:xdc_runtime_Core_createObject__I)
                  20017afc    000000b8     drivers_cc32xx.aem4 : UARTCC32XX.oem4 (.text:initHw)
                  20017bb4    000000b8                         : UARTCC32XX.oem4 (.text:readIsrTextBlocking)
                  20017c6c    000000b8     network_terminal.obj (.text:showAvailableCmd)
                  20017d24    000000b8     simplelink.a : device.obj (.text:sl_DeviceGet)
                  20017ddc    000000b8                  : wlan.obj (.text:sl_WlanGet)
                  20017e94    00000004     dpl_cc32xx.aem4 : HwiP_tirtos.oem4 (.text:HwiP_clearInterrupt)
                  20017e98    000000b8     sysbios.aem4 : BIOS.obj (.text:ti_sysbios_knl_Task_exit__E)
                  20017f50    000000b4     network_terminal.obj (.text:PrintIPAddress)
                  20018004    000000b4     drivers_cc32xx.aem4 : UARTCC32XX.oem4 (.text:UARTCC32XX_readPolling)
                  200180b8    000000b4                         : PowerCC32XX.oem4 (.text:restoreParkedPins)
                  2001816c    000000b0     simplelink.a : device.obj (.text:_SlDeviceHandleAsync_InitComplete)
                  2001821c    000000b0                  : driver.obj (.text:_SlDrvHandleFatalError)
                  200182cc    000000b0     wlan_cmd.obj (.text:printWlanConnectUsage)
                  2001837c    000000b0     wlan_cmd.obj (.text:printWlanStartApUsage)
                  2001842c    000000ae     drivers_cc32xx.aem4 : UARTCC32XX.oem4 (.text:readIsrTextCallback)
                  200184da    00000002     --HOLE-- [fill = 0]
                  200184dc    000000ac     wlan_cmd.obj (.text:sendConnectionReq)
                  20018588    000000aa     uart_term.obj (.text:Report)
                  20018632    000000aa     drivers_cc32xx.aem4 : UARTCC32XX.oem4 (.text:readTaskBlocking)
                  200186dc    000000a8                         : PowerCC32XX.oem4 (.text:PowerCC32XX_configureWakeup)
                  20018784    000000a8     netapp_cmd.obj (.text:printmDNSAdvertiseUsage)
                  2001882c    000000a8     radio_tool.obj (.text:radioTool_Open)
                  200188d4    000000a4     simplelink.a : sl_socket.obj (.text:sl_Bind)
                  20018978    000000a4                  : netapp.obj (.text:sl_NetAppGet)
                  20018a1c    00000004     dpl_cc32xx.aem4 : HwiP_tirtos.oem4 (.text:HwiP_disable)
                  20018a20    000000a4     sysbios.aem4 : BIOS.obj (.text:ti_sysbios_knl_Task_setPri__E)
                  20018ac4    000000a2     drivers_cc32xx.aem4 : UARTCC32XX.oem4 (.text:writeData)
                  20018b66    00000002     --HOLE-- [fill = 0]
                  20018b68    000000a1     wlan_cmd.obj (.text:cmdWlanDisconnectCallback)
                  20018c09    00000003     --HOLE-- [fill = 0]
                  20018c0c    000000a0     simplelink.a : sl_socket.obj (.text:_SlSocketHandleAsync_StartTLS)
                  20018cac    000000a0     auto_init.aem4 : auto_init.oem4 (.text)
                  20018d4c    0000009e     simplelink.a : cc_pal.obj (.text:spi_Read)
                  20018dea    0000009e                  : cc_pal.obj (.text:spi_Write)
                  20018e88    0000009c     sysbios.aem4 : BIOS.obj (.text:_pthread_removeThreadKeys)
                  20018f24    0000009c     drivers_cc32xx.aem4 : SPICC32XXDMA.oem4 (.text:initHw)
                  20018fc0    0000009c     rtsv7M4_T_le_eabi.lib : memcpy_t2.obj (.text)
                  2001905c    00000098     simplelink.a : netutil.obj (.text:_SlNetUtilHandleAsync_Cmd)
                  200190f4    00000098     drivers_cc32xx.aem4 : GPIOCC32XX.oem4 (.text:powerNotifyFxn)
                  2001918c    00000098     netapp_cmd.obj (.text:printPingUsage)
                  20019224    00000098     wlan_cmd.obj (.text:printSetPolicyUsage)
                  200192bc    00000004     dpl_cc32xx.aem4 : HwiP_tirtos.oem4 (.text:HwiP_disableInterrupt)
                  200192c0    00000098     sysbios.aem4 : BIOS.obj (.text:ti_sysbios_family_arm_m3_Hwi_Instance_init__E)
                  20019358    00000096     network_terminal.obj (.text:ipv4AddressParse)
                  200193ee    00000002     --HOLE-- [fill = 0]
                  200193f0    00000094     simplelink.a : wlan.obj (.text:sl_WlanGetNetworkList)
                  20019484    00000092     rtsv7M4_T_le_eabi.lib : fs_div_t2.obj (.text)
                  20019516    00000002     --HOLE-- [fill = 0]
                  20019518    00000090     simplelink.a : netapp.obj (.text:_SlNetAppHandleAsync_DnsGetHostByName)
                  200195a8    00000090                  : netapp.obj (.text:_SlNetAppHandleAsync_PingResponse)
                  20019638    00000090     netapp_cmd.obj (.text:printmDNSQueryUsage)
                  200196c8    00000090     radio_tool.obj (.text:radioTool_RxStart)
                  20019758    00000090     drivers_cc32xx.aem4 : PowerCC32XX.oem4 (.text:restoreNVICRegs)
                  200197e8    00000090     simplelink.a : wlan.obj (.text:sl_WlanRxFilterAdd)
                  20019878    00000090     sysbios.aem4 : BIOS.obj (.text:ti_sysbios_knl_Task_Module_startup__E)
                  20019908    00000090                  : BIOS.obj (.text:ti_sysbios_knl_Task_schedule__I)
                  20019998    00000090                  : BIOS.obj (.text:ti_sysbios_knl_Task_startCore__E)
                  20019a28    0000008c     simplelink.a : driver.obj (.text:_SlDrvDriverIsApiAllowed)
                  20019ab4    0000008c     wlan_cmd.obj (.text:printEnableWoWLANUsage)
                  20019b40    0000008c     drivers_cc32xx.aem4 : UARTCC32XX.oem4 (.text:readIsrBinaryBlocking)
                  20019bcc    0000008c     simplelink.a : sl_socket.obj (.text:sl_Recv)
                  20019c58    00000088     sysbios.aem4 : BIOS.obj (.text:pthread_cancel)
                  20019ce0    00000088     rtsv7M4_T_le_eabi.lib : vsnprintf.obj (.text)
                  20019d68    00000088     sysbios.aem4 : BIOS.obj (.text:ti_sysbios_family_arm_m3_Hwi_initNVIC__E)
                  20019df0    00000088                  : BIOS.obj (.text:xdc_runtime_Memory_alloc__E)
                  20019e78    00000086     simplelink.a : driver.obj (.text:_SlDrvIsTimeoutExpired)
                  20019efe    00000086     rtsv7M4_T_le_eabi.lib : fd_cmp_t2.obj (.text:__aeabi_cdcmple)
                  20019f84    00000086                           : fd_cmp_t2.obj (.text:__aeabi_cdrcmple)
                  2001a00a    00000002     --HOLE-- [fill = 0]
                  2001a00c    00000084     simplelink.a : sl_socket.obj (.text:_SlSocketHandleAsync_Close)
                  2001a090    00000084                  : sl_socket.obj (.text:_SlSocketHandleAsync_Connect)
                  2001a114    00000004     dpl_cc32xx.aem4 : HwiP_tirtos.oem4 (.text:HwiP_enableInterrupt)
                  2001a118    00000084     sysbios.aem4 : BIOS.obj (.text:_pthread_runStub)
                  2001a19c    00000084     drivers_cc32xx.aem4 : PowerCC32XX.oem4 (.text:saveNVICRegs)
                  2001a220    00000084     network_terminal.obj (.text:sem_wait_timeout)
                  2001a2a4    00000084     simplelink.a : netapp.obj (.text:sl_NetAppSet)
                  2001a328    00000084                  : netcfg.obj (.text:sl_NetCfgSet)
                  2001a3ac    00000084                  : sl_socket.obj (.text:sl_SetSockOpt)
                  2001a430    00000084                  : wlan.obj (.text:sl_WlanSet)
                  2001a4b4    00000004     drivers_cc32xx.aem4 : List.oem4 (.text:List_head)
                  2001a4b8    00000084     sysbios.aem4 : BIOS.obj (.text:ti_sysbios_family_arm_m3_Hwi_postInit__I)
                  2001a53c    00000004     drivers_cc32xx.aem4 : List.oem4 (.text:List_next)
                  2001a540    00000084     sysbios.aem4 : BIOS.obj (.text:ti_sysbios_heaps_HeapMem_free__E)
                  2001a5c4    00000004     dpl_cc32xx.aem4 : MutexP_tirtos.oem4 (.text:MutexP_lock)
                  2001a5c8    00000084     sysbios.aem4 : BIOS.obj (.text:xdc_runtime_Core_constructObject__I)
                  2001a64c    00000080     drivers_cc32xx.aem4 : UARTCC32XX.oem4 (.text:readIsrBinaryCallback)
                  2001a6cc    00000080     simplelink.a : device.obj (.text:sl_DeviceSet)
                  2001a74c    0000007e     cmd_parser.obj (.text:FreeConnectCmd)
                  2001a7ca    00000002     --HOLE-- [fill = 0]
                  2001a7cc    0000007c     drivers_cc32xx.aem4 : UDMACC32XX.oem4 (.text:UDMACC32XX_open)
                  2001a848    0000007c     sysbios.aem4 : BIOS.obj (.text:_pthread_abstime2ticks)
                  2001a8c4    00000004     dpl_cc32xx.aem4 : MutexP_tirtos.oem4 (.text:MutexP_unlock)
                  2001a8c8    0000007c     sysbios.aem4 : BIOS.obj (.text:pthread_join)
                  2001a944    0000007c     simplelink.a : wlan.obj (.text:sl_WlanPolicySet)
                  2001a9c0    0000007a     drivers_cc32xx.aem4 : UARTCC32XX.oem4 (.text:readTaskCallback)
                  2001aa3a    0000007a     rtsv7M4_T_le_eabi.lib : fs_mul_t2.obj (.text)
                  2001aab4    0000007a                           : memset_t2.obj (.text)
                  2001ab2e    00000002     --HOLE-- [fill = 0]
                  2001ab30    00000078     drivers_cc32xx.aem4 : GPIOCC32XX.oem4 (.text:GPIO_hwiIntFxn)
                  2001aba8    00000078                         : PowerCC32XX.oem4 (.text:Power_init)
                  2001ac20    00000078     wlan_cmd.obj (.text:printScanUsage)
                  2001ac98    00000078     radio_tool.obj (.text:radioTool_TxStop)
                  2001ad10    00000078     simplelink.a : sl_socket.obj (.text:sl_Socket)
                  2001ad88    00000074     drivers_cc32xx.aem4 : UARTCC32XX.oem4 (.text:UARTCC32XX_hwiIntFxn)
                  2001adfc    00000004                         : SPICC32XXDMA.oem4 (.text:SPICC32XXDMA_init)
                  2001ae00    00000074     sysbios.aem4 : BIOS.obj (.text:xdc_runtime_Core_deleteObject__I)
                  2001ae74    00000070     transceiver_cmd.obj (.text:showCCAThreshHoldMenu)
                  2001aee4    00000070     transceiver_cmd.obj (.text:showRxMenu)
                  2001af54    00000004     dpl_cc32xx.aem4 : SemaphoreP_tirtos.oem4 (.text:SemaphoreP_post)
                  2001af58    00000070     sysbios.aem4 : BIOS.obj (.text:ti_sysbios_heaps_HeapMem_initPrimary__I)
                  2001afc8    00000070                  : BIOS.obj (.text:ti_sysbios_knl_Clock_workFunc__E)
                  2001b038    0000006c     simplelink.a : device.obj (.text:_SlDeviceHandleResetRequestInternally)
                  2001b0a4    0000006c                  : driver.obj (.text:_SlDrvCmdSend_noLock)
                  2001b110    0000006c                  : netapp.obj (.text:_SlNetAppSendTokenValue)
                  2001b17c    00000004     release_pem4.oem4 (.text:ti_sysbios_BIOS_RtsGateProxy_enter__E)
                  2001b180    0000006c     sysbios.aem4 : BIOS.obj (.text:pthread_exit)
                  2001b1ec    00000004     release_pem4.oem4 (.text:ti_sysbios_BIOS_RtsGateProxy_leave__E)
                  2001b1f0    0000006c     sysbios.aem4 : BIOS.obj (.text:ti_sysbios_knl_Swi_restoreHwi__E)
                  2001b25c    00000068     simplelink.a : device.obj (.text:_SlDeviceHandleAsync_Stop)
                  2001b2c4    00000068                  : sl_socket.obj (.text:_SlSocketHandleAsync_Accept)
                  2001b32c    00000068     rtsv7M4_T_le_eabi.lib : copy_decompress_lzss.obj (.text:decompress:lzss)
                  2001b394    00000068     main_tirtos.obj (.text:main)
                  2001b3fc    00000068     wlan_cmd.obj (.text:printP2PStartUsage)
                  2001b464    00000068     wlan_cmd.obj (.text:printP2PStopUsage)
                  2001b4cc    00000066     drivers_cc32xx.aem4 : UARTCC32XX.oem4 (.text:UARTCC32XX_writeCancel)
                  2001b532    00000002     --HOLE-- [fill = 0]
                  2001b534    00000064                         : PowerCC32XX.oem4 (.text:PowerCC32XX_setParkState)
                  2001b598    00000064     sysbios.aem4 : BIOS.obj (.text:ti_sysbios_family_arm_m3_Hwi_dispatchC__I)
                  2001b5fc    00000004     release_pem4.oem4 (.text:ti_sysbios_family_arm_m3_Hwi_delete)
                  2001b600    00000064     sysbios.aem4 : BIOS.obj (.text:ti_sysbios_knl_Semaphore_post__E)
                  2001b664    00000062     drivers_cc32xx.aem4 : UARTCC32XX.oem4 (.text:UARTCC32XX_writePolling)
                  2001b6c6    00000002     --HOLE-- [fill = 0]
                  2001b6c8    00000060     driverlib.a : prcm.obj (.text:PRCMSysResetCauseGet)
                  2001b728    0000005c     drivers_cc32xx.aem4 : PowerCC32XX.oem4 (.text:Power_setDependency)
                  2001b784    0000005c     wlan_cmd.obj (.text:printConnectedStationsUsage)
                  2001b7e0    0000005c     wlan_cmd.obj (.text:printWlanDisconnectUsage)
                  2001b83c    0000005c     wlan_cmd.obj (.text:printWlanStopApUsage)
                  2001b898    0000005c     rtsv7M4_T_le_eabi.lib : s_frexp.obj (.text)
                  2001b8f4    0000005c     transceiver_cmd.obj (.text:showPreambleMenu)
                  2001b950    0000005c     sysbios.aem4 : BIOS.obj (.text:ti_sysbios_family_arm_m3_Timer_start__E)
                  2001b9ac    00000004     release_pem4.oem4 (.text:ti_sysbios_family_arm_m3_TaskSupport_Module__startupDone__S)
                  2001b9b0    0000005c     sysbios.aem4 : BIOS.obj (.text:ti_sysbios_knl_Swi_run__I)
                  2001ba0c    00000004     release_pem4.oem4 (.text:ti_sysbios_gates_GateMutex_delete)
                  2001ba10    0000005c     sysbios.aem4 : BIOS.obj (.text:ti_sysbios_knl_Swi_schedule__I)
                  2001ba6c    00000004     release_pem4.oem4 (.text:ti_sysbios_heaps_HeapMem_Module_GateProxy_enter__E)
                  2001ba70    0000005c     sysbios.aem4 : BIOS.obj (.text:ti_sysbios_knl_Task_unblockI__E)
                  2001bacc    00000004     release_pem4.oem4 (.text:ti_sysbios_heaps_HeapMem_Module_GateProxy_leave__E)
                  2001bad0    0000005c     sysbios.aem4 : BIOS.obj (.text:xdc_runtime_Startup_exec__E)
                  2001bb2c    00000058     drivers_cc32xx.aem4 : GPIOCC32XX.oem4 (.text:GPIO_setCallback)
                  2001bb84    00000058                         : GPIOCC32XX.oem4 (.text:GPIO_write)
                  2001bbdc    00000058     driverlib.a : prcm.obj (.text:PRCMPeripheralReset)
                  2001bc34    00000058     drivers_cc32xx.aem4 : PowerCC32XX.oem4 (.text:Power_releaseDependency)
                  2001bc8c    00000058     simplelink.a : sl_socket.obj (.text:_SlDrvClearCtrlSocket)
                  2001bce4    00000058     wlan_cmd.obj (.text:printDeleteFilterUsage)
                  2001bd3c    00000058     wlan_cmd.obj (.text:printDisableFilterUsage)
                  2001bd94    00000058     wlan_cmd.obj (.text:printEnableFilterUsage)
                  2001bdec    00000058     simplelink.a : sl_socket.obj (.text:sl_Listen)
                  2001be44    00000004     release_pem4.oem4 (.text:ti_sysbios_knl_Clock_TimerProxy_getMaxTicks__E)
                  2001be48    00000058     sysbios.aem4 : BIOS.obj (.text:ti_sysbios_family_arm_cc32xx_Seconds_getCount__I)
                  2001bea0    00000054     uart_term.obj (.text:InitTerm)
                  2001bef4    00000054     transceiver_cmd.obj (.text:printTranceiverModeUsage)
                  2001bf48    00000054     rtsv7M4_T_le_eabi.lib : ltoa.obj (.text)
                  2001bf9c    00000054     simplelink.a : netapp.obj (.text:sl_NetAppMDNSRegisterService)
                  2001bff0    00000054                  : wlan.obj (.text:sl_WlanRxStatGet)
                  2001c044    00000054     release_pem4.oem4 (.text:ti_sysbios_family_arm_m3_Hwi_create)
                  2001c098    00000054     sysbios.aem4 : BIOS.obj (.text:ti_sysbios_family_arm_m3_Timer_setPeriod__E)
                  2001c0ec    00000004     release_pem4.oem4 (.text:ti_sysbios_knl_Clock_TimerProxy_setPeriodMicroSecs__E)
                  2001c0f0    00000054     sysbios.aem4 : BIOS.obj (.text:xdc_runtime_Core_assignLabel__I)
                  2001c144    00000052     drivers_cc32xx.aem4 : PowerCC32XX.oem4 (.text:PowerCC32XX_parkPin)
                  2001c196    00000052                         : PowerCC32XX_asm.oem4 (.text:PowerCC32XX_resumeLPDS)
                  2001c1e8    00000050     simplelink.a : cc_pal.obj (.text:NwpRegisterInterruptHandler)
                  2001c238    00000050                  : driver.obj (.text:_SlDrvRxIrqHandler)
                  2001c288    00000050                  : eventreg.obj (.text:_SlNetAppHttpServerHdlr)
                  2001c2d8    00000050                  : eventreg.obj (.text:_SlNetAppRequestHdlr)
                  2001c328    00000050     network_terminal.obj (.text:printHelpUsage)
                  2001c378    00000050     simplelink.a : cc_pal.obj (.text:spi_Open)
                  2001c3c8    00000050     sysbios.aem4 : BIOS.obj (.text:ti_sysbios_family_arm_cc32xx_Seconds_getTime__E)
                  2001c418    00000050                  : BIOS.obj (.text:ti_sysbios_family_arm_m3_Hwi_Module_startup__E)
                  2001c468    00000050                  : BIOS.obj (.text:ti_sysbios_knl_Clock_Instance_init__E)
                  2001c4b8    00000050     release_pem4.oem4 (.text:ti_sysbios_knl_Task_create)
                  2001c508    0000004c     drivers_cc32xx.aem4 : GPIOCC32XX.oem4 (.text:GPIO_disableInt)
                  2001c554    0000004c                         : GPIOCC32XX.oem4 (.text:GPIO_enableInt)
                  2001c5a0    0000004c     simplelink.a : cc_pal.obj (.text:NwpWaitForShutDownInd)
                  2001c5ec    0000004c                  : driver.obj (.text:_SlDrvCmdSend_noWait)
                  2001c638    0000004c                  : driver.obj (.text:_SlDrvProtectAsyncRespSetting)
                  2001c684    0000004c     drivers_cc32xx.aem4 : PowerCC32XX.oem4 (.text:restorePeriphClocks)
                  2001c6d0    0000004c     rtsv7M4_T_le_eabi.lib : atoi.obj (.text)
                  2001c71c    0000004c                           : atol.obj (.text)
                  2001c768    0000004c                           : cpy_tbl.obj (.text)
                  2001c7b4    0000004c     simplelink.a : netapp.obj (.text:sl_NetAppMDNSUnRegisterService)
                  2001c800    0000004c                  : wlan.obj (.text:sl_WlanProfileDel)
                  2001c84c    0000004c                  : wlan.obj (.text:sl_WlanSetMode)
                  2001c898    0000004c     sysbios.aem4 : m3_TaskSupport_asm.obj (.text:ti_sysbios_family_arm_m3_TaskSupport_buildTaskStack)
                  2001c8e4    00000004     release_pem4.oem4 (.text:ti_sysbios_knl_Clock_TimerProxy_start__E)
                  2001c8e8    0000004c     sysbios.aem4 : BIOS.obj (.text:ti_sysbios_heaps_HeapMem_getStats__E)
                  2001c934    00000004     release_pem4.oem4 (.text:ti_sysbios_knl_Clock_TimerProxy_stop__E)
                  2001c938    0000004c     sysbios.aem4 : BIOS.obj (.text:ti_sysbios_knl_Swi_runLoop__I)
                  2001c984    00000004     release_pem4.oem4 (.text:ti_sysbios_knl_Clock_delete)
                  2001c988    0000004c     sysbios.aem4 : BIOS.obj (.text:ti_sysbios_knl_Task_allBlockedFunction__I)
                  2001c9d4    00000048     dpl_cc32xx.aem4 : ClockP_tirtos.oem4 (.text:ClockP_create)
                  2001ca1c    00000048     driverlib.a : flash.obj (.text:FlashDisable)
                  2001ca64    00000048                 : prcm.obj (.text:PRCMLPDSEnter)
                  2001caac    00000048                 : prcm.obj (.text:PRCMPeripheralClkEnable)
                  2001caf4    00000048     drivers_cc32xx.aem4 : PowerCC32XX.oem4 (.text:Power_releaseConstraint)
                  2001cb3c    00000048     simplelink.a : eventreg.obj (.text:_SlDeviceFatalErrorEvtHdlr)
                  2001cb84    00000048                  : eventreg.obj (.text:_SlDeviceGeneralEvtHdlr)
                  2001cbcc    00000048                  : driver.obj (.text:_SlDrvBasicCmd)
                  2001cc14    00000048                  : driver.obj (.text:_SlDrvSyncObjWaitTimeout)
                  2001cc5c    00000048                  : eventreg.obj (.text:_SlNetAppEvtHdlr)
                  2001cca4    00000048                  : eventreg.obj (.text:_SlNetAppRequestMemFree)
                  2001ccec    00000048                  : eventreg.obj (.text:_SlSockEvtHdlr)
                  2001cd34    00000048                  : eventreg.obj (.text:_SlWlanEvtHdlr)
                  2001cd7c    00000048     rtsv7M4_T_le_eabi.lib : fd_toi_t2.obj (.text)
                  2001cdc4    00000004     release_pem4.oem4 (.text:ti_sysbios_knl_Semaphore_delete)
                  2001cdc8    00000048     sysbios.aem4 : BIOS.obj (.text:ti_sysbios_family_arm_m3_Hwi_disableInterrupt__E)
                  2001ce10    00000048                  : BIOS.obj (.text:ti_sysbios_family_arm_m3_Hwi_enableInterrupt__E)
                  2001ce58    00000048                  : m3_Hwi_asm_switch.obj (.text:ti_sysbios_family_arm_m3_Hwi_initStacks__E)
                  2001cea0    00000048                  : BIOS.obj (.text:ti_sysbios_family_arm_m3_Timer_initDevice__I)
                  2001cee8    00000048                  : BIOS.obj (.text:ti_sysbios_knl_Mailbox_Module_startup__E)
                  2001cf30    00000048                  : BIOS.obj (.text:ti_sysbios_knl_Task_deleteTerminatedTasksFunc__I)
                  2001cf78    00000046     drivers_cc32xx.aem4 : RingBuf.oem4 (.text:RingBuf_put)
                  2001cfbe    00000002     --HOLE-- [fill = 0]
                  2001cfc0    00000046     network_terminal.obj (.text:SimpleLinkGeneralEventHandler)
                  2001d006    00000002     --HOLE-- [fill = 0]
                  2001d008    00000046     sysbios.aem4 : BIOS.obj (.text:xdc_runtime_Core_assignParams__I)
                  2001d04e    00000002     --HOLE-- [fill = 0]
                  2001d050    00000044     driverlib.a : prcm.obj (.text:PRCMLPDSRestoreInfoSet)
                  2001d094    00000044     drivers_cc32xx.aem4 : PowerCC32XX_asm.oem4 (.text:PowerCC32XX_enterLPDS)
                  2001d0d8    00000044                         : SPI.oem4 (.text:SPI_init)
                  2001d11c    00000044                         : UART.oem4 (.text:UART_init)
                  2001d160    00000044     boot.aem4 : boot.oem4 (.text)
                  2001d1a4    00000044     drivers_cc32xx.aem4 : PowerCC32XX.oem4 (.text:notify)
                  2001d1e8    00000044     network_terminal.obj (.text:printClearUsage)
                  2001d22c    00000044     simplelink.a : netapp.obj (.text:sl_NetAppStart)
                  2001d270    00000044     sysbios.aem4 : BIOS.obj (.text:ti_sysbios_family_arm_m3_Hwi_getStackInfo__E)
                  2001d2b4    00000004     release_pem4.oem4 (.text:ti_sysbios_knl_Task_delete)
                  2001d2b8    00000044     sysbios.aem4 : BIOS.obj (.text:ti_sysbios_knl_Mailbox_postInit__I)
                  2001d2fc    00000004     release_pem4.oem4 (.text:xdc_runtime_System_Module_GateProxy_enter__E)
                  2001d300    00000044     sysbios.aem4 : BIOS.obj (.text:ti_sysbios_knl_Swi_post__E)
                  2001d344    00000004     release_pem4.oem4 (.text:xdc_runtime_System_Module_GateProxy_leave__E)
                  2001d348    00000044     sysbios.aem4 : BIOS.obj (.text:xdc_runtime_System_atexit__E)
                  2001d38c    00000042     simplelink.a : sl_socket.obj (.text:sl_Htonl)
                  2001d3ce    00000040                  : sl_socket.obj (.text:CountSetBits)
                  2001d40e    00000002     --HOLE-- [fill = 0]
                  2001d410    00000040     dpl_cc32xx.aem4 : HwiP_tirtos.oem4 (.text:HwiP_create)
                  2001d450    00000040     driverlib.a : pin.obj (.text:PinModeSet)
                  2001d490    00000040     drivers_cc32xx.aem4 : RingBuf.oem4 (.text:RingBuf_get)
                  2001d4d0    00000040                         : UARTCC32XX.oem4 (.text:UARTCC32XX_read)
                  2001d510    00000040                         : UDMACC32XX.oem4 (.text:UDMACC32XX_init)
                  2001d550    00000040     simplelink.a : driver.obj (.text:_SlDrvGlobalObjUnLock)
                  2001d590    00000040                  : eventreg.obj (.text:_SlIsEventRegistered)
                  2001d5d0    00000040     rtsv7M4_T_le_eabi.lib : strtok.obj (.text)
                  2001d610    00000040     sysbios.aem4 : BIOS.obj (.text:ti_sysbios_family_arm_cc32xx_Seconds_set__E)
                  2001d650    00000040                  : BIOS.obj (.text:ti_sysbios_heaps_HeapMem_Instance_init__E)
                  2001d690    0000003e     simplelink.a : sl_socket.obj (.text:_SlSocketBuildAddress)
                  2001d6ce    0000003e     release_pem4.oem4 (.text:realloc)
                  2001d70c    00000004     --HOLE-- [fill = 0]
                  2001d710    0000003e     sysbios.aem4 : BIOS.obj (.text:sem_timedwait)
                  2001d74e    00000002     --HOLE-- [fill = 0]
                  2001d750    0000003c     drivers_cc32xx.aem4 : PowerCC32XX.oem4 (.text:Power_setConstraint)
                  2001d78c    0000003c                         : SPI.oem4 (.text:SPI_open)
                  2001d7c8    0000003c     dpl_cc32xx.aem4 : SemaphoreP_tirtos.oem4 (.text:SemaphoreP_create)
                  2001d804    0000003c     drivers_cc32xx.aem4 : UART.oem4 (.text:UART_open)
                  2001d840    0000003c     simplelink.a : netapp.obj (.text:_SlNetAppCopyPingResultsToReport)
                  2001d87c    0000003c     dpl_cc32xx.aem4 : PowerCC32XX_tirtos.oem4 (.text:getCountsRTC)
                  2001d8b8    0000003c     network_terminal.obj (.text:gpioButtonFxn1)
                  2001d8f4    0000003c     radio_tool.obj (.text:radioTool_Close)
                  2001d930    0000003c     simplelink.a : sl_socket.obj (.text:sl_Htons)
                  2001d96c    00000004     --HOLE-- [fill = 0]
                  2001d970    0000003c     sysbios.aem4 : BIOS.obj (.text:ti_sysbios_family_arm_m3_Hwi_Instance_finalize__E)
                  2001d9ac    00000004     --HOLE-- [fill = 0]
                  2001d9b0    0000003c                  : BIOS.obj (.text:ti_sysbios_family_arm_m3_Timer_setPeriodMicroSecs__E)
                  2001d9ec    0000003c     release_pem4.oem4 (.text:ti_sysbios_knl_Clock_create)
                  2001da28    0000003c     sysbios.aem4 : BIOS.obj (.text:ti_sysbios_knl_Clock_walkQueuePeriodic__E)
                  2001da64    00000004     --HOLE-- [fill = 0]
                  2001da68    0000003c                  : BIOS.obj (.text:ti_sysbios_knl_Swi_restore__E)
                  2001daa4    00000004     --HOLE-- [fill = 0]
                  2001daa8    0000003c                  : BIOS.obj (.text:xdc_runtime_System_processAtExit__E)
                  2001dae4    00000038     driverlib.a : prcm.obj (.text:PRCMLPDSEnterKeepDebugIf)
                  2001db1c    00000004     --HOLE-- [fill = 0]
                  2001db20    00000038     sysbios.aem4 : BIOS.obj (.text:clock_settime)
                  2001db58    00000038     rtsv7M4_T_le_eabi.lib : fs_tod_t2.obj (.text)
                  2001db90    00000038                           : fs_toi_t2.obj (.text)
                  2001dbc8    00000038     sysbios.aem4 : BIOS.obj (.text:ti_sysbios_knl_Task_processVitalTaskFlag__I)
                  2001dc00    00000038                  : BIOS.obj (.text:usleep)
                  2001dc38    00000036     drivers_cc32xx.aem4 : PowerCC32XX.oem4 (.text:PowerCC32XX_restoreParkedPin)
                  2001dc6e    00000036                         : UARTCC32XX.oem4 (.text:UARTCC32XX_readCancel)
                  2001dca4    00000036     rtsv7M4_T_le_eabi.lib : strncpy.obj (.text)
                  2001dcda    00000002     --HOLE-- [fill = 0]
                  2001dcdc    00000034     driverlib.a : pin.obj (.text:PinModeGet)
                  2001dd10    00000034     drivers_cc32xx.aem4 : PowerCC32XX.oem4 (.text:PowerCC32XX_restoreParkState)
                  2001dd44    00000034                         : UDMACC32XX.oem4 (.text:UDMACC32XX_close)
                  2001dd78    00000034     rtsv7M4_T_le_eabi.lib : strstr.obj (.text)
                  2001ddac    00000004     --HOLE-- [fill = 0]
                  2001ddb0    00000034     sysbios.aem4 : BIOS.obj (.text:ti_sysbios_family_arm_m3_Timer_periodicStub__I)
                  2001dde4    00000034     release_pem4.oem4 (.text:ti_sysbios_knl_Semaphore_create)
                  2001de18    00000032     radio_tool.obj (.text:radioTool_GetStats)
                  2001de4a    00000006     dpl_cc32xx.aem4 : ClockP_tirtos.oem4 (.text:ClockP_Params_init)
                  2001de50    00000032     sysbios.aem4 : BIOS.obj (.text:ti_sysbios_hal_Hwi_initStack)
                  2001de82    00000006     dpl_cc32xx.aem4 : MutexP_tirtos.oem4 (.text:MutexP_Params_init)
                  2001de88    00000032     sysbios.aem4 : BIOS.obj (.text:ti_sysbios_knl_Semaphore_pendTimeout__I)
                  2001deba    00000002     --HOLE-- [fill = 0]
                  2001debc    00000030     simplelink.a : driver.obj (.text:_SlDrvSyncObjWaitForever)
                  2001deec    00000004     --HOLE-- [fill = 0]
                  2001def0    00000030     sysbios.aem4 : BIOS.obj (.text:clockFxn$39)
                  2001df20    00000030     str.obj (.text:printBorder)
                  2001df50    00000030     release_pem4.oem4 (.text:ti_sysbios_BIOS_atExitFunc__I)
                  2001df80    00000030     release_pem4.oem4 (.text:ti_sysbios_BIOS_startFunc__I)
                  2001dfb0    00000030     sysbios.aem4 : BIOS.obj (.text:ti_sysbios_family_arm_m3_TaskSupport_start__E)
                  2001dfe0    00000030     release_pem4.oem4 (.text:ti_sysbios_gates_GateHwi_Object__create__S)
                  2001e010    00000030     release_pem4.oem4 (.text:ti_sysbios_gates_GateMutex_Object__create__S)
                  2001e040    00000030     release_pem4.oem4 (.text:ti_sysbios_gates_GateMutex_create)
                  2001e070    00000030     sysbios.aem4 : BIOS.obj (.text:ti_sysbios_gates_GateMutex_enter__E)
                  2001e0a0    00000030     release_pem4.oem4 (.text:ti_sysbios_heaps_HeapMem_Object__create__S)
                  2001e0d0    00000030     release_pem4.oem4 (.text:ti_sysbios_knl_Semaphore_construct)
                  2001e100    0000002e     cmd_parser.obj (.text:FreeStartApCmd)
                  2001e12e    0000002e     cmd_parser.obj (.text:FreemDNSAdvertiseCmd)
                  2001e15c    0000002e     rtsv7M4_T_le_eabi.lib : i_tofd_t2.obj (.text)
                  2001e18a    0000002e     release_pem4.oem4 (.text:ti_sysbios_rts_gnu_MemAlloc_alloc)
                  2001e1b8    0000002c     drivers_cc32xx.aem4 : GPIOCC32XX.oem4 (.text:GPIO_clearInt)
                  2001e1e4    0000002c     simplelink.a : cc_pal.obj (.text:NwpPowerOn)
                  2001e210    0000002c     drivers_cc32xx.aem4 : PowerCC32XX.oem4 (.text:PowerCC32XX_getParkState)
                  2001e23c    0000002c     dpl_cc32xx.aem4 : SemaphoreP_tirtos.oem4 (.text:SemaphoreP_createBinary)
                  2001e268    0000002c     simplelink.a : cc_pal.obj (.text:Semaphore_create_handle)
                  2001e294    0000002c     radio_tool.obj (.text:radioTool_RxStop)
                  2001e2c0    0000002c     release_pem4.oem4 (.text:ti_sysbios_knl_Clock_doTick__I)
                  2001e2ec    0000002c     release_pem4.oem4 (.text:ti_sysbios_knl_Queue_construct)
                  2001e318    0000002c     sysbios.aem4 : BIOS.obj (.text:ti_sysbios_knl_Task_restore__E)
                  2001e344    0000002a     release_pem4.oem4 (.text:calloc)
                  2001e36e    0000002a     rtsv7M4_T_le_eabi.lib : strspn.obj (.text)
                  2001e398    0000002a     sysbios.aem4 : BIOS.obj (.text:sem_init)
                  2001e3c2    00000002     --HOLE-- [fill = 0]
                  2001e3c4    00000028     driverlib.a : prcm.obj (.text:PRCMPeripheralClkDisable)
                  2001e3ec    00000028     dpl_cc32xx.aem4 : PowerCC32XX_tirtos.oem4 (.text:PowerCC32XX_initPolicy)
                  2001e414    00000028     drivers_cc32xx.aem4 : PowerCC32XX.oem4 (.text:Power_registerNotify)
                  2001e43c    00000028     simplelink.a : driver.obj (.text:_SlDrvProtectionObjLockWaitForever)
                  2001e464    00000028                  : driver.obj (.text:_SlDrvProtectionObjUnLock)
                  2001e48c    00000028                  : driver.obj (.text:_SlDrvUpdateApiInProgress)
                  2001e4b4    00000028                  : flowcont.obj (.text:_SlFlowContSet)
                  2001e4dc    00000004     --HOLE-- [fill = 0]
                  2001e4e0    00000028     sysbios.aem4 : BIOS.obj (.text:ti_sysbios_knl_Clock_addI__E)
                  2001e508    00000028                  : BIOS.obj (.text:ti_sysbios_knl_Swi_Module_startup__E)
                  2001e530    00000026     drivers_cc32xx.aem4 : List.oem4 (.text:List_put)
                  2001e556    00000024     simplelink.a : cc_pal.obj (.text:Mutex_create_handle)
                  2001e57a    00000002     --HOLE-- [fill = 0]
                  2001e57c    00000024                  : driver.obj (.text:_SlDrvIsApiInProgress)
                  2001e5a0    00000024                  : driver.obj (.text:_SlDrvStartMeasureTimeout)
                  2001e5c4    00000004     --HOLE-- [fill = 0]
                  2001e5c8    00000024     sysbios.aem4 : BIOS.obj (.text:pthread_attr_init)
                  2001e5ec    00000024     rtsv7M4_T_le_eabi.lib : strcspn.obj (.text)
                  2001e610    00000024                           : u_tofs_t2.obj (.text)
                  2001e634    00000024     simplelink.a : wlan.obj (.text:sl_WlanDisconnect)
                  2001e658    00000024                  : wlan.obj (.text:sl_WlanRxStatStart)
                  2001e67c    00000024                  : wlan.obj (.text:sl_WlanRxStatStop)
                  2001e6a0    00000024     release_pem4.oem4 (.text:ti_sysbios_BIOS_registerRTSLock__I)
                  2001e6c4    00000024     release_pem4.oem4 (.text:ti_sysbios_BIOS_removeRTSLock__I)
                  2001e6e8    00000024     sysbios.aem4 : BIOS.obj (.text:ti_sysbios_family_arm_m3_Timer_Module_startup__E)
                  2001e70c    00000004     --HOLE-- [fill = 0]
                  2001e710    00000024                  : BIOS.obj (.text:ti_sysbios_family_arm_m3_Timer_postInit__I)
                  2001e734    00000004     --HOLE-- [fill = 0]
                  2001e738    00000024                  : BIOS.obj (.text:ti_sysbios_family_arm_m3_Timer_startup__E)
                  2001e75c    00000024     release_pem4.oem4 (.text:ti_sysbios_gates_GateMutex_Object__delete__S)
                  2001e780    00000024     sysbios.aem4 : BIOS.obj (.text:ti_sysbios_knl_Clock_Module_startup__E)
                  2001e7a4    00000024     release_pem4.oem4 (.text:ti_sysbios_knl_Clock_Object__delete__S)
                  2001e7c8    00000024     sysbios.aem4 : BIOS.obj (.text:ti_sysbios_knl_Clock_start__E)
                  2001e7ec    00000004     --HOLE-- [fill = 0]
                  2001e7f0    00000024                  : BIOS.obj (.text:ti_sysbios_knl_Semaphore_Instance_init__E)
                  2001e814    00000024     release_pem4.oem4 (.text:ti_sysbios_knl_Semaphore_Object__delete__S)
                  2001e838    00000024     sysbios.aem4 : BIOS.obj (.text:ti_sysbios_knl_Task_restoreHwi__E)
                  2001e85c    00000004     --HOLE-- [fill = 0]
                  2001e860    00000024                  : BIOS.obj (.text:xdc_runtime_Error_policyMin__E)
                  2001e884    00000020     drivers_cc32xx.aem4 : PowerCC32XX.oem4 (.text:Power_unregisterNotify)
                  2001e8a4    00000020                         : RingBuf.oem4 (.text:RingBuf_peek)
                  2001e8c4    00000020     simplelink.a : driver.obj (.text:_SlDrvObjLockWaitForever)
                  2001e8e4    00000020                  : driver.obj (.text:_SlDrvObjUnLock)
                  2001e904    00000020     drivers_cc32xx.aem4 : SPICC32XXDMA.oem4 (.text:getPowerMgrId)
                  2001e924    00000020                         : UARTCC32XX.oem4 (.text:getPowerMgrId)
                  2001e944    00000020     transceiver_cmd.obj (.text:showPowMenu)
                  2001e964    00000004     --HOLE-- [fill = 0]
                  2001e968    00000020     sysbios.aem4 : BIOS.obj (.text:sleep)
                  2001e988    00000020     release_pem4.oem4 (.text:ti_sysbios_BIOS_rtsLock__I)
                  2001e9a8    00000020     release_pem4.oem4 (.text:ti_sysbios_family_arm_m3_Hwi_Object__delete__S)
                  2001e9c8    00000020     sysbios.aem4 : BIOS.obj (.text:ti_sysbios_family_arm_m3_Hwi_clearInterrupt__E)
                  2001e9e8    00000020                  : m3_Hwi_asm.obj (.text:ti_sysbios_family_arm_m3_Hwi_excHandlerAsm__I)
                  2001ea08    00000020                  : BIOS.obj (.text:ti_sysbios_family_arm_m3_Hwi_excHandler__I)
                  2001ea28    00000020     release_pem4.oem4 (.text:ti_sysbios_gates_GateHwi_Object__delete__S)
                  2001ea48    00000020     release_pem4.oem4 (.text:ti_sysbios_heaps_HeapMem_Object__delete__S)
                  2001ea68    00000020     sysbios.aem4 : BIOS.obj (.text:ti_sysbios_knl_Idle_run__E)
                  2001ea88    00000020     release_pem4.oem4 (.text:ti_sysbios_knl_Semaphore_destruct)
                  2001eaa8    00000020     release_pem4.oem4 (.text:ti_sysbios_knl_Task_Object__delete__S)
                  2001eac8    0000001e     simplelink.a : driver.obj (.text:_SlDrvSyncObjSignal)
                  2001eae6    0000001e     drivers_cc32xx.aem4 : UDMACC32XX.oem4 (.text:postNotifyFxn)
                  2001eb04    0000001e     rtsv7M4_T_le_eabi.lib : strcat.obj (.text)
                  2001eb22    0000001e     sysbios.aem4 : m3_Hwi_asm_switch.obj (.text:ti_sysbios_family_xxx_Hwi_switchAndRunFunc)
                  2001eb40    0000001c     uart_term.obj (.text:Message)
                  2001eb5c    0000001c     driverlib.a : pin.obj (.text:PinToPadGet)
                  2001eb78    0000001c     simplelink.a : device.obj (.text:_SlDeviceGetStartResponseConvert)
                  2001eb94    0000001c     rtsv7M4_T_le_eabi.lib : memccpy.obj (.text)
                  2001ebb0    0000001c     sysbios.aem4 : BIOS.obj (.text:ti_sysbios_family_arm_m3_Timer_stop__E)
                  2001ebcc    00000004     --HOLE-- [fill = 0]
                  2001ebd0    0000001c                  : BIOS.obj (.text:ti_sysbios_gates_GateMutex_Instance_init__E)
                  2001ebec    00000004     --HOLE-- [fill = 0]
                  2001ebf0    0000001c                  : BIOS.obj (.text:ti_sysbios_knl_Clock_Instance_finalize__E)
                  2001ec0c    0000001c     release_pem4.oem4 (.text:ti_sysbios_knl_Queue_destruct)
                  2001ec28    0000001c     sysbios.aem4 : BIOS.obj (.text:ti_sysbios_knl_Queue_put__E)
                  2001ec44    00000004     --HOLE-- [fill = 0]
                  2001ec48    0000001c                  : BIOS.obj (.text:ti_sysbios_knl_Task_enter__I)
                  2001ec64    0000001a     cmd_parser.obj (.text:FreePingCmd)
                  2001ec7e    0000001a     cmd_parser.obj (.text:FreeRecvCmd)
                  2001ec98    0000001a     cmd_parser.obj (.text:FreeSendCmd)
                  2001ecb2    0000001a     release_pem4.oem4 (.text:free)
                  2001eccc    0000001a     sysbios.aem4 : m3_Hwi_asm.obj (.text:ti_sysbios_family_arm_m3_Hwi_pendSV__I)
                  2001ece6    00000002     --HOLE-- [fill = 0]
                  2001ece8    0000001a                  : BIOS.obj (.text:ti_sysbios_knl_Task_sleepTimeout__I)
                  2001ed02    00000002     --HOLE-- [fill = 0]
                  2001ed04    00000018     drivers_cc32xx.aem4 : PowerCC32XX.oem4 (.text:Power_idleFunc)
                  2001ed1c    00000018     driverlib.a : uart.obj (.text:UARTBusy)
                  2001ed34    00000018                 : uart.obj (.text:UARTIntEnable)
                  2001ed4c    00000018     drivers_cc32xx.aem4 : UART.oem4 (.text:UART_Params_init)
                  2001ed64    00000018     uart_term.obj (.text:getch)
                  2001ed7c    00000018     uart_term.obj (.text:putch)
                  2001ed94    00000018     rtsv7M4_T_le_eabi.lib : args_main.obj (.text)
                  2001edac    00000018                           : ll_mul_t2.obj (.text)
                  2001edc4    00000018                           : strcmp.obj (.text)
                  2001eddc    00000018     release_pem4.oem4 (.text:ti_sysbios_BIOS_rtsUnlock__I)
                  2001edf4    00000018     release_pem4.oem4 (.text:ti_sysbios_family_arm_m3_Hwi_Module__startupDone__F)
                  2001ee0c    00000018     release_pem4.oem4 (.text:ti_sysbios_family_arm_m3_Timer_Module__startupDone__F)
                  2001ee24    00000018     release_pem4.oem4 (.text:ti_sysbios_gates_GateHwi_Handle__label__S)
                  2001ee3c    00000018     release_pem4.oem4 (.text:ti_sysbios_gates_GateMutex_Handle__label__S)
                  2001ee54    00000004     --HOLE-- [fill = 0]
                  2001ee58    00000018     sysbios.aem4 : BIOS.obj (.text:ti_sysbios_gates_GateMutex_leave__E)
                  2001ee70    00000018     release_pem4.oem4 (.text:ti_sysbios_heaps_HeapMem_Handle__label__S)
                  2001ee88    00000018     sysbios.aem4 : BIOS.obj (.text:ti_sysbios_rts_ti_ReentSupport_getReent__F)
                  2001eea0    00000018     release_pem4.oem4 (.text:ti_sysbios_rts_ti_ReentSupport_getTlsAddr__I)
                  2001eeb8    00000018     sysbios.aem4 : BIOS.obj (.text:xdc_runtime_Error_init__E)
                  2001eed0    00000018                  : BIOS.obj (.text:xdc_runtime_System_exit__E)
                  2001eee8    00000016     drivers_cc32xx.aem4 : List.oem4 (.text:List_remove)
                  2001eefe    00000016     driverlib.a : prcm.obj (.text:PRCMHIBRegRead)
                  2001ef14    00000016                 : prcm.obj (.text:PRCMHIBRegWrite)
                  2001ef2a    00000016     simplelink.a : driver.obj (.text:_SlDrvMemZero)
                  2001ef40    00000016     rtsv7M4_T_le_eabi.lib : strchr.obj (.text)
                  2001ef56    00000016     release_pem4.oem4 (.text:ti_sysbios_BIOS_exitFunc__I)
                  2001ef6c    00000014     drivers_cc32xx.aem4 : PowerCC32XX.oem4 (.text:PowerCC32XX_getWakeup)
                  2001ef80    00000014                         : PowerCC32XX.oem4 (.text:Power_disablePolicy)
                  2001ef94    00000014                         : PowerCC32XX.oem4 (.text:Power_getDependencyCount)
                  2001efa8    00000014                         : SPI.oem4 (.text:SPI_Params_init)
                  2001efbc    00000004     --HOLE-- [fill = 0]
                  2001efc0    00000014     sysbios.aem4 : BIOS.obj (.text:pthread_attr_setschedparam)
                  2001efd4    00000014     drivers_cc32xx.aem4 : UARTCC32XX.oem4 (.text:releasePowerConstraint)
                  2001efe8    00000014     rtsv7M4_T_le_eabi.lib : _lock.obj (.text)
                  2001effc    00000014                           : strcpy.obj (.text)
                  2001f010    00000014                           : strlen.obj (.text)
                  2001f024    00000014     release_pem4.oem4 (.text:ti_sysbios_family_arm_m3_Hwi_Object__get__S)
                  2001f038    00000014     sysbios.aem4 : BIOS.obj (.text:ti_sysbios_family_arm_m3_Hwi_switchFromBootStack__E)
                  2001f04c    00000014     release_pem4.oem4 (.text:ti_sysbios_heaps_HeapMem_Object__get__S)
                  2001f060    00000014     sysbios.aem4 : BIOS.obj (.text:ti_sysbios_knl_Clock_tickReconfig__E)
                  2001f074    00000014     release_pem4.oem4 (.text:ti_sysbios_knl_Swi_Object__get__S)
                  2001f088    00000014     release_pem4.oem4 (.text:ti_sysbios_knl_Task_Object__first__S)
                  2001f09c    00000014     release_pem4.oem4 (.text:ti_sysbios_knl_Task_Object__next__S)
                  2001f0b0    00000012     uart_term.obj (.text:ClearTerm)
                  2001f0c2    00000012     drivers_cc32xx.aem4 : RingBuf.oem4 (.text:RingBuf_construct)
                  2001f0d4    00000012     dpl_cc32xx.aem4 : SemaphoreP_tirtos.oem4 (.text:SemaphoreP_pend)
                  2001f0e6    00000002     --HOLE-- [fill = 0]
                  2001f0e8    00000012     sysbios.aem4 : BIOS.obj (.text:ti_sysbios_hal_Hwi_Module_startup__E)
                  2001f0fa    00000012     release_pem4.oem4 (.text:xdc_runtime_Startup_exec__I)
                  2001f10c    00000010     dpl_cc32xx.aem4 : HwiP_tirtos.oem4 (.text:HwiP_Params_init)
                  2001f11c    00000010     simplelink.a : cc_pal.obj (.text:MutexP_delete_handle)
                  2001f12c    00000010                  : cc_pal.obj (.text:Mutex_unlock)
                  2001f13c    00000010     drivers_cc32xx.aem4 : PowerCC32XX.oem4 (.text:Power_enablePolicy)
                  2001f14c    00000010     simplelink.a : cc_pal.obj (.text:SemaphoreP_delete_handle)
                  2001f15c    00000010                  : cc_pal.obj (.text:SemaphoreP_post_handle)
                  2001f16c    00000010                  : driver.obj (.text:_SlDrvDispatchHttpServerEvents)
                  2001f17c    00000010                  : driver.obj (.text:_SlDrvDispatchNetAppRequestEvents)
                  2001f18c    00000010     CC3220S_LAUNCHXL.obj (.text:dmaErrorFxn)
                  2001f19c    00000010     drivers_cc32xx.aem4 : UARTCC32XX.oem4 (.text:readBlockingTimeout)
                  2001f1ac    00000004     --HOLE-- [fill = 0]
                  2001f1b0    00000010     sysbios.aem4 : BIOS.obj (.text:ti_sysbios_BIOS_getCpuFreq__E)
                  2001f1c0    00000010                  : BIOS.obj (.text:ti_sysbios_BIOS_setThreadType__E)
                  2001f1d0    00000010                  : BIOS.obj (.text:ti_sysbios_BIOS_start__E)
                  2001f1e0    00000010                  : m3_TaskSupport_asm.obj (.text:ti_sysbios_family_arm_m3_TaskSupport_glue)
                  2001f1f0    00000010                  : m3_TaskSupport_asm.obj (.text:ti_sysbios_family_arm_m3_TaskSupport_swap__E)
                  2001f200    00000010                  : BIOS.obj (.text:ti_sysbios_gates_GateMutex_Instance_finalize__E)
                  2001f210    00000010     release_pem4.oem4 (.text:ti_sysbios_knl_Mailbox_Object__get__S)
                  2001f220    00000010     sysbios.aem4 : BIOS.obj (.text:ti_sysbios_knl_Semaphore_Instance_finalize__E)
                  2001f230    00000010                  : BIOS.obj (.text:ti_sysbios_knl_Swi_disable__E)
                  2001f240    00000010     release_pem4.oem4 (.text:ti_sysbios_knl_Task_Object__get__S)
                  2001f250    00000010     sysbios.aem4 : BIOS.obj (.text:ti_sysbios_knl_Task_disable__E)
                  2001f260    00000010                  : BIOS.obj (.text:xdc_runtime_Memory_free__E)
                  2001f270    00000010                  : BIOS.obj (.text:xdc_runtime_SysCallback_abort__E)
                  2001f280    00000010                  : BIOS.obj (.text:xdc_runtime_SysCallback_exit__E)
                  2001f290    0000000e     simplelink.a : cc_pal.obj (.text:Mutex_lock)
                  2001f29e    0000000e                  : driver.obj (.text:_SlDrvResetCmdExt)
                  2001f2ac    0000000e     rtsv7M4_T_le_eabi.lib : copy_decompress_none.obj (.text:decompress:none)
                  2001f2ba    0000000e     drivers_cc32xx.aem4 : SPICC32XXDMA.oem4 (.text:postNotifyFxn)
                  2001f2c8    0000000e     sysbios.aem4 : BIOS.obj (.text:pthread_attr_setdetachstate)
                  2001f2d6    00000002     --HOLE-- [fill = 0]
                  2001f2d8    0000000e                  : BIOS.obj (.text:sem_wait)
                  2001f2e6    0000000e     simplelink.a : cc_pal.obj (.text:spi_Close)
                  2001f2f4    00000004     --HOLE-- [fill = 0]
                  2001f2f8    0000000e     sysbios.aem4 : BIOS.obj (.text:ti_sysbios_knl_Idle_loop__E)
                  2001f306    00000002     --HOLE-- [fill = 0]
                  2001f308    0000000e                  : BIOS.obj (.text:ti_sysbios_knl_Queue_empty__E)
                  2001f316    0000000c     CC3220S_LAUNCHXL.obj (.text:CC3220S_LAUNCHXL_initGeneral)
                  2001f322    0000000c     dpl_cc32xx.aem4 : ClockP_tirtos.oem4 (.text:ClockP_delete)
                  2001f32e    0000000c                     : HwiP_tirtos.oem4 (.text:HwiP_delete)
                  2001f33a    00000002     --HOLE-- [fill = 0]
                  2001f33c    0000000c                     : MutexP_tirtos.oem4 (.text:MutexP_create)
                  2001f348    0000000c                     : MutexP_tirtos.oem4 (.text:MutexP_delete)
                  2001f354    0000000c     simplelink.a : cc_pal.obj (.text:NwpMaskInterrupt)
                  2001f360    0000000c                  : cc_pal.obj (.text:NwpUnMaskInterrupt)
                  2001f36c    0000000c     drivers_cc32xx.aem4 : PowerCC32XX.oem4 (.text:Power_getConstraintMask)
                  2001f378    0000000c     dpl_cc32xx.aem4 : SemaphoreP_tirtos.oem4 (.text:SemaphoreP_delete)
                  2001f384    0000000c     network_terminal.obj (.text:SimpleLinkHttpServerEventHandler)
                  2001f390    0000000c     network_terminal.obj (.text:SimpleLinkNetAppRequestEventHandler)
                  2001f39c    0000000c     simplelink.a : device.obj (.text:_SlDeviceResetRequestInitCompletedCB)
                  2001f3a8    0000000c     network_terminal.obj (.text:cmdClearcallback)
                  2001f3b4    0000000c     rtsv7M4_T_le_eabi.lib : copy_zero_init.obj (.text:decompress:ZI)
                  2001f3c0    0000000c     drivers_cc32xx.aem4 : UARTCC32XX.oem4 (.text:postNotifyFxn)
                  2001f3cc    0000000c     release_pem4.oem4 (.text:ti_sysbios_family_arm_m3_Hwi_Params__init__S)
                  2001f3d8    0000000c     sysbios.aem4 : BIOS.obj (.text:ti_sysbios_family_arm_m3_Hwi_disableFxn__E)
                  2001f3e4    00000004     --HOLE-- [fill = 0]
                  2001f3e8    0000000c                  : BIOS.obj (.text:ti_sysbios_family_arm_m3_TaskSupport_getStackAlignment__E)
                  2001f3f4    00000004     --HOLE-- [fill = 0]
                  2001f3f8    0000000c                  : BIOS.obj (.text:ti_sysbios_gates_GateHwi_enter__E)
                  2001f404    0000000c     release_pem4.oem4 (.text:ti_sysbios_knl_Clock_Params__init__S)
                  2001f410    0000000c     sysbios.aem4 : BIOS.obj (.text:ti_sysbios_knl_Clock_getTicks__E)
                  2001f41c    00000004     --HOLE-- [fill = 0]
                  2001f420    0000000c                  : BIOS.obj (.text:ti_sysbios_knl_Clock_setTicks__E)
                  2001f42c    00000004     --HOLE-- [fill = 0]
                  2001f430    0000000c                  : BIOS.obj (.text:ti_sysbios_knl_Clock_tickStart__E)
                  2001f43c    00000004     --HOLE-- [fill = 0]
                  2001f440    0000000c                  : BIOS.obj (.text:ti_sysbios_knl_Clock_tickStop__E)
                  2001f44c    0000000c     release_pem4.oem4 (.text:ti_sysbios_knl_Queue_Object__get__S)
                  2001f458    0000000c     release_pem4.oem4 (.text:ti_sysbios_knl_Semaphore_Params__init__S)
                  2001f464    0000000c     release_pem4.oem4 (.text:ti_sysbios_knl_Task_Params__init__S)
                  2001f470    0000000c     sysbios.aem4 : BIOS.obj (.text:ti_sysbios_knl_Task_self__E)
                  2001f47c    00000004     --HOLE-- [fill = 0]
                  2001f480    0000000c                  : BIOS.obj (.text:ti_sysbios_rts_ti_ReentSupport_taskRegHook__I)
                  2001f48c    0000000c     driverlib.a : udma.obj (.text:uDMAErrorStatusClear)
                  2001f498    0000000c                 : udma.obj (.text:uDMAErrorStatusGet)
                  2001f4a4    00000004     --HOLE-- [fill = 0]
                  2001f4a8    0000000c     sysbios.aem4 : BIOS.obj (.text:xdc_runtime_Startup_rtsDone__E)
                  2001f4b4    0000000a     drivers_cc32xx.aem4 : List.oem4 (.text:List_empty)
                  2001f4be    0000000a                         : SPI.oem4 (.text:SPI_close)
                  2001f4c8    0000000a                         : SPI.oem4 (.text:SPI_transfer)
                  2001f4d2    0000000a     network_terminal.obj (.text:SimpleLinkNetAppRequestMemFreeEventHandler)
                  2001f4dc    0000000a     network_terminal.obj (.text:SimpleLinkSockEventHandler)
                  2001f4e6    0000000a     drivers_cc32xx.aem4 : UART.oem4 (.text:UART_control)
                  2001f4f0    0000000a                         : UART.oem4 (.text:UART_readPolling)
                  2001f4fa    0000000a                         : UART.oem4 (.text:UART_writePolling)
                  2001f504    00000004     --HOLE-- [fill = 0]
                  2001f508    0000000a     sysbios.aem4 : BIOS.obj (.text:sem_post)
                  2001f512    0000000a     simplelink.a : device.obj (.text:sl_Task)
                  2001f51c    0000000a     release_pem4.oem4 (.text:xdc_runtime_IHeap_alloc)
                  2001f526    0000000a     release_pem4.oem4 (.text:xdc_runtime_IHeap_free)
                  2001f530    00000008     dpl_cc32xx.aem4 : SemaphoreP_tirtos.oem4 (.text:SemaphoreP_Params_init)
                  2001f538    00000008     simplelink.a : cc_pal.obj (.text:TimerGetCurrentTimestamp)
                  2001f540    00000008     drivers_cc32xx.aem4 : SPICC32XXDMA.oem4 (.text:blockingTransferCallback)
                  2001f548    00000008     sysbios.aem4 : BIOS.obj (.text:pthread_attr_setstacksize)
                  2001f550    00000008     drivers_cc32xx.aem4 : UARTCC32XX.oem4 (.text:readSemCallback)
                  2001f558    00000008     rtsv7M4_T_le_eabi.lib : s_copysign.obj (.text)
                  2001f560    00000008     sysbios.aem4 : BIOS.obj (.text:ti_sysbios_family_arm_m3_Hwi_doSwiRestore__I)
                  2001f568    00000008                  : BIOS.obj (.text:ti_sysbios_family_arm_m3_Hwi_startup__E)
                  2001f570    00000008     drivers_cc32xx.aem4 : UARTCC32XX.oem4 (.text:writeSemCallback)
                  2001f578    00000006                         : SPICC32XXDMA.oem4 (.text:SPICC32XXDMA_control)
                  2001f57e    00000006     driverlib.a : utils.obj (.text:UtilsDelay)
                  2001f584    00000004     --HOLE-- [fill = 0]
                  2001f588    00000006     sysbios.aem4 : BIOS.obj (.text:ti_sysbios_family_arm_m3_Hwi_doTaskRestore__I)
                  2001f58e    00000002     --HOLE-- [fill = 0]
                  2001f590    00000006                  : BIOS.obj (.text:ti_sysbios_family_arm_m3_Hwi_restoreFxn__E)
                  2001f596    00000002     --HOLE-- [fill = 0]
                  2001f598    00000006                  : BIOS.obj (.text:ti_sysbios_gates_GateHwi_leave__E)
                  2001f59e    00000002     --HOLE-- [fill = 0]
                  2001f5a0    00000006                  : BIOS.obj (.text:ti_sysbios_heaps_HeapMem_isBlocking__E)
                  2001f5a6    00000002     --HOLE-- [fill = 0]
                  2001f5a8    00000006                  : BIOS.obj (.text:ti_sysbios_knl_Clock_stop__E)
                  2001f5ae    00000002     --HOLE-- [fill = 0]
                  2001f5b0    00000006                  : BIOS.obj (.text:ti_sysbios_knl_Queue_Instance_init__E)
                  2001f5b6    00000002     --HOLE-- [fill = 0]
                  2001f5b8    00000006                  : BIOS.obj (.text:ti_sysbios_knl_Swi_startup__E)
                  2001f5be    00000002     --HOLE-- [fill = 0]
                  2001f5c0    00000006                  : BIOS.obj (.text:xdc_runtime_System_Module_startup__E)
                  2001f5c6    00000002     --HOLE-- [fill = 0]
                  2001f5c8    00000004                  : BIOS.obj (.text:ti_sysbios_family_arm_m3_Timer_getMaxTicks__E)
                  2001f5cc    00000004     --HOLE-- [fill = 0]
                  2001f5d0    00000004                  : BIOS.obj (.text:ti_sysbios_gates_GateHwi_query__E)
                  2001f5d4    00000004     --HOLE-- [fill = 0]
                  2001f5d8    00000004                  : BIOS.obj (.text:ti_sysbios_gates_GateMutex_query__E)
                  2001f5dc    00000004     --HOLE-- [fill = 0]
                  2001f5e0    00000004                  : BIOS.obj (.text:ti_sysbios_knl_Clock_setTimeout__E)
                  2001f5e4    00000004     --HOLE-- [fill = 0]
                  2001f5e8    00000004                  : BIOS.obj (.text:ti_sysbios_knl_Task_startup__E)
                  2001f5ec    00000004     --HOLE-- [fill = 0]
                  2001f5f0    00000002                  : BIOS.obj (.text:ti_sysbios_BIOS_linkedWithIncorrectBootLibrary__E)
                  2001f5f2    00000006     --HOLE-- [fill = 0]
                  2001f5f8    00000002                  : BIOS.obj (.text:ti_sysbios_gates_GateHwi_Instance_init__E)
                  2001f5fa    00000006     --HOLE-- [fill = 0]
                  2001f600    00000002                  : BIOS.obj (.text:ti_sysbios_knl_Clock_logTick__E)
                  2001f602    00000006     --HOLE-- [fill = 0]
                  2001f608    00000002                  : BIOS.obj (.text:xdc_runtime_SysCallback_defaultAbort)
                  2001f60a    00000006     --HOLE-- [fill = 0]
                  2001f610    00000002                  : BIOS.obj (.text:xdc_runtime_SysCallback_defaultExit)
                  2001f612    00000006     --HOLE-- [fill = 0]
                  2001f618    00000002                  : BIOS.obj (.text:xdc_runtime_System_abortSpin__E)
                  2001f61a    00000006     --HOLE-- [fill = 0]
                  2001f620    00000002                  : BIOS.obj (.text:xdc_runtime_System_exitSpin__E)

.priheap   0    2001f628    00008000     UNINITIALIZED
                  2001f628    00008000     --HOLE--

.const     0    20027628    000030d3     
                  20027628    00001fa8     str.obj (.const:.string)
                  200295d0    0000048c     netapp_cmd.obj (.const:$P$T1$2)
                  20029a5c    00000101     rtsv7M4_T_le_eabi.lib : ctype.obj (.const:.string:_ctypes_)
                  20029b5d    00000001     release_pem4.oem4 (.const:ti_sysbios_knl_Clock_tickMode__C)
                  20029b5e    00000002     release_pem4.oem4 (.const:ti_sysbios_family_arm_m3_Hwi_Module__id__C)
                  20029b60    00000100     driverlib.a : pin.obj (.const:g_ulPinToPadMap)
                  20029c60    000000a8                 : prcm.obj (.const:PRCM_PeriphRegsList)
                  20029d08    00000078     CC3220S_LAUNCHXL.obj (.const:spiCC3220SDMAHWAttrs)
                  20029d80    00000060     simplelink.a : driver.obj (.const:OpcodeTranslateTable)
                  20029de0    00000058                  : driver.obj (.const:_SlActionLookupTable)
                  20029e38    0000004c     transceiver_cmd.obj (.const:$P$T0$1)
                  20029e84    00000048     release_pem4.oem4 (.const:.string)
                  20029ecc    00000048     CC3220S_LAUNCHXL.obj (.const:uartCC3220SHWAttrs)
                  20029f14    00000040     CC3220S_LAUNCHXL.obj (.const:PowerCC32XX_config)
                  20029f54    0000003c     release_pem4.oem4 (.const:ti_sysbios_knl_Task_Object__PARAMS__C)
                  20029f90    00000030     release_pem4.oem4 (.const:ti_sysbios_family_arm_m3_Hwi_Object__PARAMS__C)
                  20029fc0    00000028     drivers_cc32xx.aem4 : UARTCC32XX.oem4 (.const:UARTCC32XX_fxnTable)
                  20029fe8    00000028     release_pem4.oem4 (.const:ti_sysbios_heaps_HeapMem_Module__FXNS__C)
                  2002a010    00000024     drivers_cc32xx.aem4 : UART.oem4 (.const:UART_defaultParams)
                  2002a034    00000024     release_pem4.oem4 (.const:ti_sysbios_gates_GateHwi_Module__FXNS__C)
                  2002a058    00000024     release_pem4.oem4 (.const:ti_sysbios_gates_GateMutex_Module__FXNS__C)
                  2002a07c    00000024     release_pem4.oem4 (.const:ti_sysbios_heaps_HeapMem_Object__PARAMS__C)
                  2002a0a0    00000024     release_pem4.oem4 (.const:ti_sysbios_knl_Clock_Object__PARAMS__C)
                  2002a0c4    00000024     release_pem4.oem4 (.const:ti_sysbios_knl_Semaphore_Object__PARAMS__C)
                  2002a0e8    00000021     drivers_cc32xx.aem4 : GPIOCC32XX.oem4 (.const:.string:pinTable)
                  2002a109    00000001     release_pem4.oem4 (.const:ti_sysbios_knl_Clock_tickSource__C)
                  2002a10a    00000002     release_pem4.oem4 (.const:ti_sysbios_family_arm_m3_Timer_Module__id__C)
                  2002a10c    00000020     simplelink.a : driver.obj (.const:RxMsgClassLUT)
                  2002a12c    00000020     drivers_cc32xx.aem4 : SPI.oem4 (.const:SPI_defaultParams)
                  2002a14c    00000020     simplelink.a : device.obj (.const:StartResponseLUT)
                  2002a16c    00000020     drivers_cc32xx.aem4 : UARTCC32XX.oem4 (.const:staticFxnTable)
                  2002a18c    00000020     release_pem4.oem4 (.const:ti_sysbios_family_arm_m3_Hwi_Object__DESC__C)
                  2002a1ac    00000020     release_pem4.oem4 (.const:ti_sysbios_gates_GateHwi_Object__DESC__C)
                  2002a1cc    00000020     release_pem4.oem4 (.const:ti_sysbios_gates_GateMutex_Object__DESC__C)
                  2002a1ec    00000020     release_pem4.oem4 (.const:ti_sysbios_heaps_HeapMem_Object__DESC__C)
                  2002a20c    00000020     release_pem4.oem4 (.const:ti_sysbios_knl_Clock_Object__DESC__C)
                  2002a22c    00000020     release_pem4.oem4 (.const:ti_sysbios_knl_Queue_Object__DESC__C)
                  2002a24c    00000020     release_pem4.oem4 (.const:ti_sysbios_knl_Semaphore_Object__DESC__C)
                  2002a26c    00000020     release_pem4.oem4 (.const:ti_sysbios_knl_Task_Object__DESC__C)
                  2002a28c    00000020     release_pem4.oem4 (.const:xdc_runtime_Startup_sfxnTab__A)
                  2002a2ac    00000018     drivers_cc32xx.aem4 : SPICC32XXDMA.oem4 (.const:SPICC32XXDMA_fxnTable)
[...]
2002d144  ping_t_optionDetailsStr                                         
2002d148  sendDetailsStr                                                  
2002d14c  recvUsage1Str                                                   
2002d150  recvUsage2Str                                                   
2002d154  recvDetailsStr                                                  
2002d158  recv_c_optionDetailsStr                                         
2002d15c  recv_s_optionDetailsStr                                         
2002d160  recv_u_optionDetailsStr                                         
2002d164  recv_p_optionDetailsStr                                         
2002d168  recv_nb_optionDetailsStr                                        
2002d16c  recv_6_optionDetailsStr                                         
2002d170  creteFilterDetailsStr                                           
2002d174  createFilter_f_optionDetailsStr                                 
2002d178  createFilter_v_optionDetailsStr                                 
2002d17c  createFilter_e_optionDetailsStr                                 
2002d180  createFilter_a_optionDetailsStr                                 
2002d184  createFilter_m_optionDetailsStr                                 
2002d188  createFilter_o_optionDetailsStr                                 
2002d18c  createFilter_i_optionDetailsStr                                 
2002d190  enableFilterDetailsStr                                          
2002d194  disableFilterDetailsStr                                         
2002d198  deleteFilterDetailsStr                                          
2002d19c  enableWoWLANDetailsStr                                          
2002d1a0  enableWoWLAN_v_optionDetailsStr                                 
2002d1a4  enableWoWLAN_u_optionDetailsStr                                 
2002d1a8  enableWoWLAN_i_optionDetailsStr                                 
2002d1ac  enableWoWLAN_Note_optionDetailsStr                              
2002d1b0  mDNSAdvertiseDetailsStr                                         
2002d1b4  mDNSAdvertise_n_optionDetailsStr                                
2002d1b8  mDNSAdvertise_so_optionDetailsStr                               
2002d1bc  mDNSAdvertise_st_optionDetailsStr                               
2002d1c0  mDNSAdvertise_ttl_optionDetailsStr                              
2002d1c4  mDNSAdvertise_t_optionDetailsStr                                
2002d1c8  mDNSAdvertise_p_optionDetailsStr                                
2002d1cc  mDNSdQueryDetailsStr                                            
2002d1d0  mDNSdQuery_n_optionDetailsStr                                   
2002d1d4  mDNSdQuery_st_optionDetailsStr                                  
2002d1d8  mDNSdQuery_so_optionDetailsStr                                  
2002d1dc  mDNSdQuery_o_optionDetailsStr                                   
2002d1e0  TxtaskDetailsStr                                                
2002d1e4  Txtask_tx_optionDetailsStr                                      
2002d1e8  Txtask_tx1_optionDetailsStr                                     
2002d1ec  Txtask_tx2_optionDetailsStr                                     
2002d1f0  Txtask_tx3_optionDetailsStr                                     
2002d1f4  Txtask_t_optionDetailsStr                                       
2002d1f8  Txtask_c_optionDetailsStr                                       
2002d1fc  Txtask_m_optionDetailsStr                                       
2002d200  Txtask_m1_optionDetailsStr                                      
2002d204  Txtask_m2_optionDetailsStr                                      
2002d208  Txtask_m3_optionDetailsStr                                      
2002d20c  Txtask_m4_optionDetailsStr                                      
2002d210  Txtask_m5_optionDetailsStr                                      
2002d214  Txtask_m6_optionDetailsStr                                      
2002d218  Txtask_m7_optionDetailsStr                                      
2002d21c  Txtask_m8_optionDetailsStr                                      
2002d220  Txtask_m9_optionDetailsStr                                      
2002d224  Txtask_m10_optionDetailsStr                                     
2002d228  Txtask_m11_optionDetailsStr                                     
2002d22c  Txtask_m12_optionDetailsStr                                     
2002d230  Txtask_m13_optionDetailsStr                                     
2002d234  Txtask_m14_optionDetailsStr                                     
2002d238  Txtask_m15_optionDetailsStr                                     
2002d23c  Txtask_m16_optionDetailsStr                                     
2002d240  Txtask_m17_optionDetailsStr                                     
2002d244  Txtask_m18_optionDetailsStr                                     
2002d248  Txtask_m19_optionDetailsStr                                     
2002d24c  Txtask_m20_optionDetailsStr                                     
2002d250  Txtask_m21_optionDetailsStr                                     
2002d254  Txtask_txp_optionDetailsStr                                     
2002d258  Txtask_txp0_optionDetailsStr                                    
2002d25c  Txtask_p_optionDetailsStr                                       
2002d260  Txtask_p0_optionDetailsStr                                      
2002d264  Txtask_p1_optionDetailsStr                                      
2002d268  Txtask_p2_optionDetailsStr                                      
2002d26c  Txtask_p3_optionDetailsStr                                      
2002d270  Txtask_p4_optionDetailsStr                                      
2002d274  Txtask_tone_optionDetailsStr                                    
2002d278  Txtask_d_optionDetailsStr                                       
2002d27c  Txtask_dp_optionDetailsStr                                      
2002d280  Txtask_dp0_optionDetailsStr                                     
2002d284  Txtask_dp1_optionDetailsStr                                     
2002d288  Txtask_dp2_optionDetailsStr                                     
2002d28c  Txtask_dp3_optionDetailsStr                                     
2002d290  Txtask_cca_optionDetailsStr                                     
2002d294  Txtask_s_optionDetailsStr                                       
2002d298  Txtask_a_optionDetailsStr                                       
2002d29c  cca_th_optionDetailStr                                          
2002d2a0  cca_th1_optionDetailStr                                         
2002d2a4  cca_th2_optionDetailStr                                         
2002d2a8  cca_th3_optionDetailStr                                         
2002d2ac  cca_th4_optionDetailStr                                         
2002d2b0  cca_th5_optionDetailStr                                         
2002d2b4  cca_th6_optionDetailStr                                         
2002d2b8  RxtaskDetailsStr                                                
2002d2bc  Rxtask_c_optionDetailsStr                                       
2002d2c0  Rxtask_d_optionDetailsStr                                       
2002d2c4  Rxtask_s_optionDetailsStr                                       
2002d2c8  p2pStartDetailsStr                                              
2002d2cc  p2pStopDetailsStr                                               
2002d2d0  PowerCC32XX_module                                              
2002d43c  gCmdList                                                        
2002d544  parkInfo                                                        
2002d63c  ap_start_UsageStr                                               
2002d6e8  wlanConnectUsageStr                                             
2002d77f  createFilterUsageStr                                            
2002d80c  mDNSAdvertiseUsageStr                                           
2002d893  setPolicyUsageStr                                               
2002d916  space_str                                                       
2002d918  ti_sysbios_knl_Swi_Module_State_0_readyQ__A                     
2002d998  ti_sysbios_knl_Task_Module_State_0_readyQ__A                    
2002da18  send_c_optionDetailsStr                                         
2002da92  ti_sysbios_family_arm_m3_Hwi_Module_State_0_excActive__A        
2002db08  pingUsageStr                                                    
2002db78  recv_Note_optionDetailsStr                                      
2002dbd6  sendUsage1Str                                                   
2002dc33  mDNSdQueryUsageStr                                              
2002dc8a  sendUsage2Str                                                   
2002dcd8  ti_sysbios_knl_Task_Object__table__V                            
2002dd24  enableWoWLANUsageStr                                            
2002dd6c  ti_sysbios_knl_Task_Module__state__V                            
2002ddb0  DataFrames_str                                                  
2002ddf0  radiotoolDetailsStr                                             
2002de2b  send_p_optionDetailsStr                                         
2002de66  send_nb_optionDetailsStr                                        
2002de9f  send_n_optionDetailsStr                                         
2002ded8  ti_sysbios_gates_GateMutex_Object__table__V                     
2002df10  send_n_r_optionDetailsStr                                       
2002df48  ti_sysbios_family_arm_m3_Hwi_Module__state__V                   
2002df7c  MangmentFrames_str                                              
2002dfac  ti_sysbios_family_arm_m3_Timer_Object__table__V                 
2002dfdc  ti_sysbios_knl_Swi_Object__table__V                             
2002e00c  ti_sysbios_knl_Clock_Module__state__V                           
2002e038  scanUsageStr                                                    
2002e060  g_LibsEvents                                                    
2002e084  g_UserEvents                                                    
2002e0a8  ti_sysbios_BIOS_Module__state__V                                
2002e0cc  send_6_optionDetailsStr                                         
2002e0f0  CtrlFrames_str                                                  
2002e110  send_u_optionDetailsStr                                         
2002e130  xdc_runtime_Error_IgnoreBlock                                   
2002e150  ti_sysbios_knl_Swi_Module__state__V                             
2002e16c  send_s_optionDetailsStr                                         
2002e187  Template_Hdr                                                    
2002e1a1  V_optionStr                                                     
2002e1a4  ti_sysbios_family_arm_m3_Hwi_Object__table__V                   
2002e1bc  ti_sysbios_heaps_HeapMem_Object__table__V                       
2002e1d4  ConnectedStationsStr                                            
2002e1e7  helpUsageStr                                                    
2002e1fa  radiotool_PromptStr                                             
2002e20c  DataFrames                                                      
2002e22c  wlanDisconnectStr                                               
2002e23b  FRAME_SUBTYPE_str                                               
2002e249  ap_start_str                                                    
2002e257  disableFilterStr                                                
2002e265  mDNSAdvertiseStr                                                
2002e273  ap_stop_str                                                     
2002e280  createFilterStr                                                 
2002e28d  deleteFilterStr                                                 
2002e29a  enableFilterStr                                                 
2002e2a7  enableWoWLANStr                                                 
2002e2b4  ConnectedStationsUsageStr                                       
2002e2c0  MgmtFrames                                                      
2002e2cc  ap_stop_UsageStr                                                
2002e2d8  gpioPinConfigs                                                  
2002e2e4  gGlobalLockCntRequested                                         
2002e2e5  gGlobalLockCntReleased                                          
2002e2e6  g_SlDeviceStatus                                                
2002e2e8  g_pCB                                                           
2002e2ec  pPingCallBackFunc                                               
2002e2f0  ti_sysbios_family_arm_m3_Timer_Module__state__V                 
2002e2fc  wlanConnectStr                                                  
2002e308  wlanDisconnectUsageStr                                          
2002e314  FRAME_TYPE_str                                                  
2002e31f  usageStr                                                        
2002e32a  mDNSQueryStr                                                    
2002e334  radiotool_Str                                                   
2002e33e  setPolicyStr                                                    
2002e348  WPAWPA2_str                                                     
2002e351  a_optionStr                                                     
2002e35d  p2pStartcmdStr                                                  
2002e368  _lock                                                           
2002e36c  _unlock                                                         
2002e370  CtrlFrames                                                      
2002e378  PATTERN_str                                                     
2002e388  gpioCallbackFunctions                                           
2002e390  gMaxCmd                                                         
2002e394  gSpawn_thread                                                   
2002e398  p2pStopcmdStr                                                   
2002e3a0  ti_sysbios_family_arm_cc32xx_Seconds_Module__state__V           
2002e3a8  ti_sysbios_family_arm_m3_Hwi_Module__root__V                    
2002e3b0  ti_sysbios_gates_GateHwi_Module__root__V                        
2002e3b8  ti_sysbios_gates_GateMutex_Module__root__V                      
2002e3c0  ti_sysbios_heaps_HeapMem_Module__root__V                        
2002e3c8  ti_sysbios_knl_Clock_Module__root__V                            
2002e3d0  ti_sysbios_knl_Queue_Module__root__V                            
2002e3d8  ti_sysbios_knl_Semaphore_Module__root__V                        
2002e3e0  ti_sysbios_knl_Task_Module__root__V                             
2002e3e8  xdc_runtime_Startup_Module__state__V                            
2002e3f0  xdc_runtime_System_Module_State_0_atexitHandlers__A             
2002e3f8  xdc_runtime_System_Module__state__V                             
2002e400  BSSID_str                                                       
2002e406  DESTINATION_MAC_str                                             
2002e40c  SOURCE_MAC_str                                                  
2002e412  clearStr                                                        
2002e418  cmdPromptStr                                                    
2002e41e  help_optionStr                                                  
2002e424  D_IP_str                                                        
2002e429  OPEN_str                                                        
2002e42e  S_IP_str                                                        
2002e433  WPA2_str                                                        
2002e438  dns_optionStr                                                   
2002e43d  ent_optionStr                                                   
2002e442  helpStr                                                         
2002e447  pingStr                                                         
2002e44c  recvStr                                                         
2002e451  scanStr                                                         
2002e456  sendStr                                                         
2002e45b  ttl_optionStr                                                   
2002e460  txpow_optionStr                                                 
2002e465  WEP_str                                                         
2002e469  WPA_str                                                         
2002e46d  WPS_str                                                         
2002e471  gw_optionStr                                                    
2002e475  ip_optionStr                                                    
2002e479  nb_optionStr                                                    
2002e47d  c_optionStr                                                     
2002e480  errno                                                           
2002e484  main_func_sp                                                    
2002e48c  g_intHandle                                                     
2002e490  so_optionStr                                                    
2002e494  st_optionStr                                                    
2002e498  ti_sysbios_family_arm_m3_Hwi_Module_State_0_excContext__A       
2002e49c  ti_sysbios_family_arm_m3_Hwi_Module_State_0_excStack__A         
2002e4a0  ti_sysbios_gates_GateHwi_Object__table__V                       
2002e4a4  ti_sysbios_knl_Task_Module_State_0_idleTask__A                  
2002e4a8  ti_sysbios_rts_ti_ReentSupport_Module__state__V                 
2002e4ac  xdc_runtime_Memory_Module__state__V                             
2002e4b0  e_optionStr                                                     
2002e4b3  f_optionStr                                                     
2002e4b6  h_optionStr                                                     
2002e4b9  i_optionStr                                                     
2002e4bc  l_optionStr                                                     
2002e4bf  lineBreak                                                       
2002e4c2  m_optionStr                                                     
2002e4c5  n_optionStr                                                     
2002e4c8  o_optionStr                                                     
2002e4cb  p_optionStr                                                     
2002e4ce  r_optionStr                                                     
2002e4d1  s_optionStr                                                     
2002e4d4  t_optionStr                                                     
2002e4d7  u_optionStr                                                     
2002e4da  v_optionStr                                                     
2002e4e0  __TI_static_base__                                              
2002f020  __TI_Handler_Table_Base                                         
2002f02c  __TI_Handler_Table_Limit                                        
2002f038  __TI_CINIT_Base                                                 
2002f048  __TI_CINIT_Limit                                                
e000e000  ti_sysbios_family_arm_m3_Hwi_nvic                               
ffffffff  __TI_pprof_out_hndl                                             
ffffffff  __TI_prof_data_size                                             
ffffffff  __TI_prof_data_start                                            
ffffffff  __binit__                                                       
ffffffff  __c_args__                                                      
ffffffff  binit                                                           
UNDEFED   SHT$$INIT_ARRAY$$Base                                           
UNDEFED   SHT$$INIT_ARRAY$$Limit                                          

[1161 symbols]
